Archive member included to satisfy reference by file (symbol)

fatfs/libfat.a(diskio.o)      main.o (disk_timerproc)
fatfs/libfat.a(mmc_avr_spi.o)
                              fatfs/libfat.a(diskio.o) (mmc_disk_initialize)
fatfs/libfat.a(ff.o)          main.o (f_mount)
fatfs/libfat.a(ffunicode_avr.o)
                              fatfs/libfat.a(ff.o) (ff_uni2oem)
/usr/local/lib/gcc/avr/10.0.1/../../../../avr/lib/avr5/libprintf_flt.a(vfprintf_flt.o)
                              (vfprintf)
/usr/local/lib/gcc/avr/10.0.1/avr5/libgcc.a(_mulsi3.o)
                              main.o (__mulsi3)
/usr/local/lib/gcc/avr/10.0.1/avr5/libgcc.a(_udivmodhi4.o)
                              main.o (__udivmodhi4)
/usr/local/lib/gcc/avr/10.0.1/avr5/libgcc.a(_udivmodsi4.o)
                              fatfs/libfat.a(ff.o) (__udivmodsi4)
/usr/local/lib/gcc/avr/10.0.1/avr5/libgcc.a(_divmodsi4.o)
                              main.o (__divmodsi4)
/usr/local/lib/gcc/avr/10.0.1/avr5/libgcc.a(_negsi2.o)
                              /usr/local/lib/gcc/avr/10.0.1/avr5/libgcc.a(_divmodsi4.o) (__negsi2)
/usr/local/lib/gcc/avr/10.0.1/avr5/libgcc.a(_exit.o)
                              /usr/local/lib/gcc/avr/10.0.1/../../../../avr/lib/avr5/crtatmega644p.o (exit)
/usr/local/lib/gcc/avr/10.0.1/avr5/libgcc.a(_tablejump2.o)
                              fatfs/libfat.a(mmc_avr_spi.o) (__tablejump2__)
/usr/local/lib/gcc/avr/10.0.1/avr5/libgcc.a(_copy_data.o)
                              main.o (__do_copy_data)
/usr/local/lib/gcc/avr/10.0.1/avr5/libgcc.a(_clear_bss.o)
                              main.o (__do_clear_bss)
/usr/local/lib/gcc/avr/10.0.1/avr5/libgcc.a(_mulhisi3.o)
                              main.o (__mulhisi3)
/usr/local/lib/gcc/avr/10.0.1/avr5/libgcc.a(_umulhisi3.o)
                              main.o (__umulhisi3)
/usr/local/lib/gcc/avr/10.0.1/avr5/libgcc.a(_usmulhisi3.o)
                              /usr/local/lib/gcc/avr/10.0.1/avr5/libgcc.a(_mulhisi3.o) (__usmulhisi3_tail)
/usr/local/lib/gcc/avr/10.0.1/avr5/libgcc.a(_muluhisi3.o)
                              fatfs/libfat.a(ff.o) (__muluhisi3)
/usr/local/lib/gcc/avr/10.0.1/avr5/libgcc.a(_udivdi3.o)
                              fatfs/libfat.a(ff.o) (__udivdi3)
/usr/local/lib/gcc/avr/10.0.1/avr5/libgcc.a(_udivmod64.o)
                              /usr/local/lib/gcc/avr/10.0.1/avr5/libgcc.a(_udivdi3.o) (__udivmod64)
/usr/local/lib/gcc/avr/10.0.1/avr5/libgcc.a(_prologue.o)
                              fatfs/libfat.a(mmc_avr_spi.o) (__prologue_saves__)
/usr/local/lib/gcc/avr/10.0.1/avr5/libgcc.a(_epilogue.o)
                              fatfs/libfat.a(mmc_avr_spi.o) (__epilogue_restores__)
/usr/local/lib/gcc/avr/10.0.1/avr5/libgcc.a(_ashrdi3.o)
                              fatfs/libfat.a(ff.o) (__lshrdi3)
/usr/local/lib/gcc/avr/10.0.1/avr5/libgcc.a(_adddi3.o)
                              fatfs/libfat.a(ff.o) (__adddi3)
/usr/local/lib/gcc/avr/10.0.1/avr5/libgcc.a(_adddi3_s8.o)
                              fatfs/libfat.a(ff.o) (__adddi3_s8)
/usr/local/lib/gcc/avr/10.0.1/avr5/libgcc.a(_subdi3.o)
                              fatfs/libfat.a(ff.o) (__subdi3)
/usr/local/lib/gcc/avr/10.0.1/avr5/libgcc.a(_cmpdi2.o)
                              fatfs/libfat.a(ff.o) (__cmpdi2)
/usr/local/lib/gcc/avr/10.0.1/avr5/libgcc.a(_cmpdi2_s8.o)
                              fatfs/libfat.a(ff.o) (__cmpdi2_s8)
/usr/local/lib/gcc/avr/10.0.1/../../../../avr/lib/avr5/libc.a(atoi.o)
                              main.o (atoi)
/usr/local/lib/gcc/avr/10.0.1/../../../../avr/lib/avr5/libc.a(ftoa_engine.o)
                              /usr/local/lib/gcc/avr/10.0.1/../../../../avr/lib/avr5/libprintf_flt.a(vfprintf_flt.o) (__ftoa_engine)
/usr/local/lib/gcc/avr/10.0.1/../../../../avr/lib/avr5/libc.a(strnlen_P.o)
                              /usr/local/lib/gcc/avr/10.0.1/../../../../avr/lib/avr5/libprintf_flt.a(vfprintf_flt.o) (strnlen_P)
/usr/local/lib/gcc/avr/10.0.1/../../../../avr/lib/avr5/libc.a(strdup.o)
                              main.o (strdup)
/usr/local/lib/gcc/avr/10.0.1/../../../../avr/lib/avr5/libc.a(strcmp.o)
                              main.o (strcmp)
/usr/local/lib/gcc/avr/10.0.1/../../../../avr/lib/avr5/libc.a(strcpy.o)
                              /usr/local/lib/gcc/avr/10.0.1/../../../../avr/lib/avr5/libc.a(strdup.o) (strcpy)
/usr/local/lib/gcc/avr/10.0.1/../../../../avr/lib/avr5/libc.a(strnlen.o)
                              /usr/local/lib/gcc/avr/10.0.1/../../../../avr/lib/avr5/libprintf_flt.a(vfprintf_flt.o) (strnlen)
/usr/local/lib/gcc/avr/10.0.1/../../../../avr/lib/avr5/libc.a(mul10.o)
                              /usr/local/lib/gcc/avr/10.0.1/../../../../avr/lib/avr5/libc.a(atoi.o) (__mulhi_const_10)
/usr/local/lib/gcc/avr/10.0.1/../../../../avr/lib/avr5/libc.a(fputc.o)
                              /usr/local/lib/gcc/avr/10.0.1/../../../../avr/lib/avr5/libprintf_flt.a(vfprintf_flt.o) (fputc)
/usr/local/lib/gcc/avr/10.0.1/../../../../avr/lib/avr5/libc.a(fputs.o)
[...]
Memory Configuration

Name             Origin             Length             Attributes
text             0x0000000000000000 0x0000000000020000 xr
data             0x0000000000800060 0x000000000000ffa0 rw !x
eeprom           0x0000000000810000 0x0000000000010000 rw !x
fuse             0x0000000000820000 0x0000000000000400 rw !x
lock             0x0000000000830000 0x0000000000000400 rw !x
signature        0x0000000000840000 0x0000000000000400 rw !x
user_signatures  0x0000000000850000 0x0000000000000400 rw !x
*default*        0x0000000000000000 0xffffffffffffffff

Linker script and memory map

Address of section .data set to 0x800100
LOAD /usr/local/lib/gcc/avr/10.0.1/../../../../avr/lib/avr5/crtatmega644p.o
LOAD main.o
LOAD ili9341.o
LOAD ili9341gfx.o
LOAD uart.o
LOAD adc.o
LOAD fatfs/libfat.a
LOAD /usr/local/lib/gcc/avr/10.0.1/../../../../avr/lib/avr5/libprintf_flt.a
LOAD /usr/local/lib/gcc/avr/10.0.1/../../../../avr/lib/avr5/libm.a
START GROUP
LOAD /usr/local/lib/gcc/avr/10.0.1/avr5/libgcc.a
LOAD /usr/local/lib/gcc/avr/10.0.1/../../../../avr/lib/avr5/libm.a
LOAD /usr/local/lib/gcc/avr/10.0.1/../../../../avr/lib/avr5/libc.a
LOAD /usr/local/lib/gcc/avr/10.0.1/../../../../avr/lib/avr5/libatmega644p.a
END GROUP
                0x0000000000020000                __TEXT_REGION_LENGTH__ = DEFINED (__TEXT_REGION_LENGTH__)?__TEXT_REGION_LENGTH__:0x20000
                0x000000000000ffa0                __DATA_REGION_LENGTH__ = DEFINED (__DATA_REGION_LENGTH__)?__DATA_REGION_LENGTH__:0xffa0
                0x0000000000010000                __EEPROM_REGION_LENGTH__ = DEFINED (__EEPROM_REGION_LENGTH__)?__EEPROM_REGION_LENGTH__:0x10000
                0x0000000000000400                __FUSE_REGION_LENGTH__ = DEFINED (__FUSE_REGION_LENGTH__)?__FUSE_REGION_LENGTH__:0x400
                0x0000000000000400                __LOCK_REGION_LENGTH__ = DEFINED (__LOCK_REGION_LENGTH__)?__LOCK_REGION_LENGTH__:0x400
                0x0000000000000400                __SIGNATURE_REGION_LENGTH__ = DEFINED (__SIGNATURE_REGION_LENGTH__)?__SIGNATURE_REGION_LENGTH__:0x400
                0x0000000000000400                __USER_SIGNATURE_REGION_LENGTH__ = DEFINED (__USER_SIGNATURE_REGION_LENGTH__)?__USER_SIGNATURE_REGION_LENGTH__:0x400

.hash
 *(.hash)

.dynsym
 *(.dynsym)

.dynstr
 *(.dynstr)

.gnu.version
 *(.gnu.version)

.gnu.version_d
 *(.gnu.version_d)

.gnu.version_r
 *(.gnu.version_r)

.rel.init
 *(.rel.init)

.rela.init
 *(.rela.init)

.rel.text
 *(.rel.text)
 *(.rel.text.*)
 *(.rel.gnu.linkonce.t*)

.rela.text
 *(.rela.text)
 *(.rela.text.*)
 *(.rela.gnu.linkonce.t*)

.rel.fini
 *(.rel.fini)

.rela.fini
 *(.rela.fini)

.rel.rodata
 *(.rel.rodata)
 *(.rel.rodata.*)
 *(.rel.gnu.linkonce.r*)

.rela.rodata
 *(.rela.rodata)
 *(.rela.rodata.*)
 *(.rela.gnu.linkonce.r*)

.rel.data
 *(.rel.data)
 *(.rel.data.*)
 *(.rel.gnu.linkonce.d*)

.rela.data
 *(.rela.data)
 *(.rela.data.*)
 *(.rela.gnu.linkonce.d*)

.rel.ctors
 *(.rel.ctors)

.rela.ctors
 *(.rela.ctors)

.rel.dtors
 *(.rel.dtors)

.rela.dtors
 *(.rela.dtors)

.rel.got
 *(.rel.got)

.rela.got
 *(.rela.got)

.rel.bss
 *(.rel.bss)

.rela.bss
 *(.rela.bss)

.rel.plt
 *(.rel.plt)

.rela.plt
 *(.rela.plt)

.text           0x0000000000000000     0xad2a
 *(.vectors)
 .vectors       0x0000000000000000       0x7c /usr/local/lib/gcc/avr/10.0.1/../../../../avr/lib/avr5/crtatmega644p.o
                0x0000000000000000                __vectors
                0x0000000000000000                __vector_default
 *(.vectors)
 *(.progmem.gcc*)
                0x000000000000007c                . = ALIGN (0x2)
                0x000000000000007c                __trampolines_start = .
 *(.trampolines)
 .trampolines   0x000000000000007c        0x0 linker stubs
 *(.trampolines*)
                0x000000000000007c                __trampolines_end = .
 *libprintf_flt.a:*(.progmem.data)
 .progmem.data  0x000000000000007c        0x8 /usr/local/lib/gcc/avr/10.0.1/../../../../avr/lib/avr5/libprintf_flt.a(vfprintf_flt.o)
 *libc.a:*(.progmem.data)
 .progmem.data  0x0000000000000084       0xfa /usr/local/lib/gcc/avr/10.0.1/../../../../avr/lib/avr5/libc.a(ftoa_engine.o)
 .progmem.data  0x000000000000017e        0xc /usr/local/lib/gcc/avr/10.0.1/../../../../avr/lib/avr5/libc.a(vfscanf_std.o)
 *(.progmem.*)
 .progmem.data  0x000000000000018a      0x293 main.o
 .progmem.data  0x000000000000041d      0x4fb ili9341gfx.o
 .progmem.data  0x0000000000000918      0x3ae fatfs/libfat.a(ffunicode_avr.o)
                0x0000000000000cc6                . = ALIGN (0x2)
 *(.lowtext)
 *(.lowtext*)
                0x0000000000000cc6                __ctors_start = .
 *(.ctors)
                0x0000000000000cc6                __ctors_end = .
                0x0000000000000cc6                __dtors_start = .
 *(.dtors)
                0x0000000000000cc6                __dtors_end = .
 SORT_BY_NAME(*)(.ctors)
 SORT_BY_NAME(*)(.dtors)
 *(.init0)
 .init0         0x0000000000000cc6        0x0 /usr/local/lib/gcc/avr/10.0.1/../../../../avr/lib/avr5/crtatmega644p.o
                0x0000000000000cc6                __init
 *(.init0)
 *(.init1)
 *(.init1)
 *(.init2)
 .init2         0x0000000000000cc6        0xc /usr/local/lib/gcc/avr/10.0.1/../../../../avr/lib/avr5/crtatmega644p.o
 *(.init2)
 *(.init3)
 *(.init3)
 *(.init4)
 .init4         0x0000000000000cd2       0x16 /usr/local/lib/gcc/avr/10.0.1/avr5/libgcc.a(_copy_data.o)
                0x0000000000000cd2                __do_copy_data
 .init4         0x0000000000000ce8       0x10 /usr/local/lib/gcc/avr/10.0.1/avr5/libgcc.a(_clear_bss.o)
                0x0000000000000ce8                __do_clear_bss
 *(.init4)
 *(.init5)
 *(.init5)
 *(.init6)
 *(.init6)
 *(.init7)
 *(.init7)
 *(.init8)
 *(.init8)
 *(.init9)
 .init9         0x0000000000000cf8        0x8 /usr/local/lib/gcc/avr/10.0.1/../../../../avr/lib/avr5/crtatmega644p.o
 *(.init9)
 *(.text)
 .text          0x0000000000000d00        0x4 /usr/local/lib/gcc/avr/10.0.1/../../../../avr/lib/avr5/crtatmega644p.o
                0x0000000000000d00                __vector_22
                0x0000000000000d00                __vector_28
                0x0000000000000d00                __vector_1
                0x0000000000000d00                __vector_24
                0x0000000000000d00                __vector_12
                0x0000000000000d00                __bad_interrupt
                0x0000000000000d00                __vector_6
                0x0000000000000d00                __vector_3
                0x0000000000000d00                __vector_23
                0x0000000000000d00                __vector_30
                0x0000000000000d00                __vector_25
                0x0000000000000d00                __vector_11
                0x0000000000000d00                __vector_13
                0x0000000000000d00                __vector_17
                0x0000000000000d00                __vector_19
                0x0000000000000d00                __vector_7
                0x0000000000000d00                __vector_27
                0x0000000000000d00                __vector_5
                0x0000000000000d00                __vector_4
                0x0000000000000d00                __vector_9
                0x0000000000000d00                __vector_2
                0x0000000000000d00                __vector_21
                0x0000000000000d00                __vector_15
                0x0000000000000d00                __vector_29
                0x0000000000000d00                __vector_8
                0x0000000000000d00                __vector_26
                0x0000000000000d00                __vector_14
                0x0000000000000d00                __vector_10
                0x0000000000000d00                __vector_18
 .text          0x0000000000000d04      0xb38 main.o
                0x0000000000000d04                messInit
                0x0000000000000d18                setLast_readVolt
                0x0000000000000efc                print_at_lcd
                0x0000000000000f84                draw_box
                0x00000000000010e0                draw_button
                0x0000000000001194                draw_msg
                0x00000000000012a2                map
                0x0000000000001324                draw_progress
                0x00000000000013e6                draw_back
                0x000000000000141a                __vector_16
                0x0000000000001474                read_ini
                0x00000000000016c8                write_res
 .text          0x000000000000183c      0x7d0 ili9341.o
                0x000000000000183c                ili9341_hard_init
                0x000000000000184a                ili9341_spi_init
                0x0000000000001860                ili9341_spi_send
                0x000000000000186a                ili9341_writecommand8
                0x0000000000001878                ili9341_writedata8
                0x0000000000001884                ili9341_setaddress
                0x00000000000018f0                ili9341_hard_reset
                0x000000000000192e                ili9341_init
                0x0000000000001b4c                ili9341_pushcolour
                0x0000000000001b5e                ili9341_clear
                0x0000000000001bd8                ili9341_drawpixel
                0x0000000000001c22                ili9341_drawvline
                0x0000000000001c9c                ili9341_drawhline
                0x0000000000001d16                ili9341_fillrect
                0x0000000000001dd6                ili9341_setRotation
                0x0000000000001e2e                ili9341_drawFastVLine
                0x0000000000001e3a                ili9341_drawFastHLine
                0x0000000000001e46                ili9341_drawRect
                0x0000000000001eae                ili9341_fillRect
                0x0000000000001f02                ili9341_drawXBitmap
 .text          0x000000000000200c      0x2d6 ili9341gfx.o
                0x000000000000200c                backuplocationvset
                0x000000000000202e                backuplocationvactual
                0x0000000000002050                backuplocationiset
                0x0000000000002072                backuplocationiactual
                0x0000000000002094                ili9341_drawchar
                0x000000000000221c                ili9341_setcursor
                0x000000000000222e                ili9341_settextcolour
                0x0000000000002240                ili9341_settextsize
                0x0000000000002250                ili9341_write
                0x00000000000022d8                ili9341_putchar_printf
 .text          0x00000000000022e2       0x42 uart.o
                0x00000000000022e2                uart_init
                0x00000000000022fa                uart_putc
                0x0000000000002318                uart_putchar_printf
                0x0000000000002322                __vector_20
 .text          0x0000000000002324       0x54 adc.o
                0x0000000000002324                ADC_init
                0x0000000000002344                read_ADC
 .text          0x0000000000002378       0x7c fatfs/libfat.a(diskio.o)
                0x0000000000002378                disk_status
                0x0000000000002386                disk_initialize
                0x0000000000002394                disk_read
                0x00000000000023b6                disk_write
                0x00000000000023d8                disk_ioctl
                0x00000000000023ee                disk_timerproc
 .text          0x00000000000023f4      0xb98 fatfs/libfat.a(mmc_avr_spi.o)
                0x000000000000262e                mmc_disk_initialize
                0x0000000000002798                mmc_disk_status
                0x000000000000279e                mmc_disk_read
                0x00000000000028fe                mmc_disk_write
                0x0000000000002a9e                mmc_disk_ioctl
                0x0000000000002f5c                mmc_disk_timerproc
 .text          0x0000000000002f8c     0x6120 fatfs/libfat.a(ff.o)
                0x00000000000060a8                f_mount
                0x000000000000611e                f_open
                0x0000000000006fbc                f_read
                0x0000000000007324                f_write
                0x0000000000007884                f_sync
                0x0000000000007b0a                f_close
                0x0000000000007b44                f_chdrive
                0x0000000000007b76                f_chdir
                0x0000000000007cae                f_getcwd
                0x00000000000082aa                f_getlabel
                0x0000000000008474                f_setlabel
                0x00000000000087ac                f_expand
                0x0000000000008bd4                f_gets
                0x0000000000008c44                f_putc
                0x0000000000008c86                f_puts
                0x0000000000008cce                f_printf
 .text          0x00000000000090ac      0x16e fatfs/libfat.a(ffunicode_avr.o)
                0x00000000000090ac                ff_uni2oem
                0x0000000000009100                ff_oem2uni
                0x000000000000912e                ff_wtoupper
 .text          0x000000000000921a        0x0 /usr/local/lib/gcc/avr/10.0.1/../../../../avr/lib/avr5/libprintf_flt.a(vfprintf_flt.o)
 .text          0x000000000000921a        0x0 /usr/local/lib/gcc/avr/10.0.1/avr5/libgcc.a(_mulsi3.o)
 .text          0x000000000000921a        0x0 /usr/local/lib/gcc/avr/10.0.1/avr5/libgcc.a(_udivmodhi4.o)
 .text          0x000000000000921a        0x0 /usr/local/lib/gcc/avr/10.0.1/avr5/libgcc.a(_udivmodsi4.o)
 .text          0x000000000000921a        0x0 /usr/local/lib/gcc/avr/10.0.1/avr5/libgcc.a(_divmodsi4.o)
 .text          0x000000000000921a        0x0 /usr/local/lib/gcc/avr/10.0.1/avr5/libgcc.a(_negsi2.o)
 .text          0x000000000000921a        0x0 /usr/local/lib/gcc/avr/10.0.1/avr5/libgcc.a(_exit.o)
 .text          0x000000000000921a        0x0 /usr/local/lib/gcc/avr/10.0.1/avr5/libgcc.a(_tablejump2.o)
 .text          0x000000000000921a        0x0 /usr/local/lib/gcc/avr/10.0.1/avr5/libgcc.a(_copy_data.o)
 .text          0x000000000000921a        0x0 /usr/local/lib/gcc/avr/10.0.1/avr5/libgcc.a(_clear_bss.o)
 .text          0x000000000000921a        0x0 /usr/local/lib/gcc/avr/10.0.1/avr5/libgcc.a(_mulhisi3.o)
 .text          0x000000000000921a        0x0 /usr/local/lib/gcc/avr/10.0.1/avr5/libgcc.a(_umulhisi3.o)
 .text          0x000000000000921a        0x0 /usr/local/lib/gcc/avr/10.0.1/avr5/libgcc.a(_usmulhisi3.o)
 .text          0x000000000000921a        0x0 /usr/local/lib/gcc/avr/10.0.1/avr5/libgcc.a(_muluhisi3.o)
 .text          0x000000000000921a        0x0 /usr/local/lib/gcc/avr/10.0.1/avr5/libgcc.a(_udivdi3.o)
 .text          0x000000000000921a        0x0 /usr/local/lib/gcc/avr/10.0.1/avr5/libgcc.a(_udivmod64.o)
 .text          0x000000000000921a        0x0 /usr/local/lib/gcc/avr/10.0.1/avr5/libgcc.a(_prologue.o)
 .text          0x000000000000921a        0x0 /usr/local/lib/gcc/avr/10.0.1/avr5/libgcc.a(_epilogue.o)
 .text          0x000000000000921a        0x0 /usr/local/lib/gcc/avr/10.0.1/avr5/libgcc.a(_ashrdi3.o)
 .text          0x000000000000921a        0x0 /usr/local/lib/gcc/avr/10.0.1/avr5/libgcc.a(_adddi3.o)
 .text          0x000000000000921a        0x0 /usr/local/lib/gcc/avr/10.0.1/avr5/libgcc.a(_adddi3_s8.o)
 .text          0x000000000000921a        0x0 /usr/local/lib/gcc/avr/10.0.1/avr5/libgcc.a(_subdi3.o)
 .text          0x000000000000921a        0x0 /usr/local/lib/gcc/avr/10.0.1/avr5/libgcc.a(_cmpdi2.o)
 .text          0x000000000000921a        0x0 /usr/local/lib/gcc/avr/10.0.1/avr5/libgcc.a(_cmpdi2_s8.o)
 .text          0x000000000000921a        0x0 /usr/local/lib/gcc/avr/10.0.1/../../../../avr/lib/avr5/libc.a(atoi.o)
 .text          0x000000000000921a        0x0 /usr/local/lib/gcc/avr/10.0.1/../../../../avr/lib/avr5/libc.a(ftoa_engine.o)
 .text          0x000000000000921a        0x0 /usr/local/lib/gcc/avr/10.0.1/../../../../avr/lib/avr5/libc.a(strnlen_P.o)
 .text          0x000000000000921a        0x0 /usr/local/lib/gcc/avr/10.0.1/../../../../avr/lib/avr5/libc.a(strdup.o)
 .text          0x000000000000921a        0x0 /usr/local/lib/gcc/avr/10.0.1/../../../../avr/lib/avr5/libc.a(strcmp.o)
 .text          0x000000000000921a        0x0 /usr/local/lib/gcc/avr/10.0.1/../../../../avr/lib/avr5/libc.a(strcpy.o)
 .text          0x000000000000921a        0x0 /usr/local/lib/gcc/avr/10.0.1/../../../../avr/lib/avr5/libc.a(strnlen.o)
 .text          0x000000000000921a        0x0 /usr/local/lib/gcc/avr/10.0.1/../../../../avr/lib/avr5/libc.a(mul10.o)
 .text          0x000000000000921a        0x0 /usr/local/lib/gcc/avr/10.0.1/../../../../avr/lib/avr5/libc.a(fputc.o)
 .text          0x000000000000921a        0x0 /usr/local/lib/gcc/avr/10.0.1/../../../../avr/lib/avr5/libc.a(fputs.o)
 .text          0x000000000000921a        0x0 /usr/local/lib/gcc/avr/10.0.1/../../../../avr/lib/avr5/libc.a(iob.o)
 .text          0x000000000000921a        0x0 /usr/local/lib/gcc/avr/10.0.1/../../../../avr/lib/avr5/libc.a(printf.o)
 .text          0x000000000000921a        0x0 /usr/local/lib/gcc/avr/10.0.1/../../../../avr/lib/avr5/libc.a(sprintf.o)
 .text          0x000000000000921a        0x0 /usr/local/lib/gcc/avr/10.0.1/../../../../avr/lib/avr5/libc.a(sscanf.o)
 .text          0x000000000000921a        0x0 /usr/local/lib/gcc/avr/10.0.1/../../../../avr/lib/avr5/libc.a(vsnprintf.o)
 .text          0x000000000000921a        0x0 /usr/local/lib/gcc/avr/10.0.1/../../../../avr/lib/avr5/libc.a(ultoa_invert.o)
 .text          0x000000000000921a        0x0 /usr/local/lib/gcc/avr/10.0.1/../../../../avr/lib/avr5/libc.a(vfscanf_std.o)
 .text          0x000000000000921a        0x0 /usr/local/lib/gcc/avr/10.0.1/../../../../avr/lib/avr5/libc.a(malloc.o)
 .text          0x000000000000921a        0x0 /usr/local/lib/gcc/avr/10.0.1/../../../../avr/lib/avr5/libc.a(isspace.o)
 .text          0x000000000000921a        0x0 /usr/local/lib/gcc/avr/10.0.1/../../../../avr/lib/avr5/libc.a(strchr_P.o)
 .text          0x000000000000921a        0x0 /usr/local/lib/gcc/avr/10.0.1/../../../../avr/lib/avr5/libc.a(fgetc.o)
 .text          0x000000000000921a        0x0 /usr/local/lib/gcc/avr/10.0.1/../../../../avr/lib/avr5/libc.a(ungetc.o)
 .text          0x000000000000921a        0x0 /usr/local/lib/gcc/avr/10.0.1/../../../../avr/lib/avr5/libc.a(cty_isfalse.o)
                0x000000000000921a                . = ALIGN (0x2)
 *(.text.*)
 .text.startup  0x000000000000921a      0x3cc main.o
                0x000000000000921a                main
 .text.avr-libc
                0x00000000000095e6      0x6d2 /usr/local/lib/gcc/avr/10.0.1/../../../../avr/lib/avr5/libprintf_flt.a(vfprintf_flt.o)
                0x00000000000095e6                vfprintf
 .text.libgcc.mul
                0x0000000000009cb8       0x20 /usr/local/lib/gcc/avr/10.0.1/avr5/libgcc.a(_mulsi3.o)
                0x0000000000009cb8                __mulsi3
 .text.libgcc.div
                0x0000000000009cd8        0x0 /usr/local/lib/gcc/avr/10.0.1/avr5/libgcc.a(_mulsi3.o)
 .text.libgcc   0x0000000000009cd8        0x0 /usr/local/lib/gcc/avr/10.0.1/avr5/libgcc.a(_mulsi3.o)
 .text.libgcc.prologue
                0x0000000000009cd8        0x0 /usr/local/lib/gcc/avr/10.0.1/avr5/libgcc.a(_mulsi3.o)
 .text.libgcc.builtins
                0x0000000000009cd8        0x0 /usr/local/lib/gcc/avr/10.0.1/avr5/libgcc.a(_mulsi3.o)
 .text.libgcc.fmul
                0x0000000000009cd8        0x0 /usr/local/lib/gcc/avr/10.0.1/avr5/libgcc.a(_mulsi3.o)
 .text.libgcc.fixed
                0x0000000000009cd8        0x0 /usr/local/lib/gcc/avr/10.0.1/avr5/libgcc.a(_mulsi3.o)
 .text.libgcc.mul
                0x0000000000009cd8        0x0 /usr/local/lib/gcc/avr/10.0.1/avr5/libgcc.a(_udivmodhi4.o)
 .text.libgcc.div
                0x0000000000009cd8       0x28 /usr/local/lib/gcc/avr/10.0.1/avr5/libgcc.a(_udivmodhi4.o)
                0x0000000000009cd8                __udivmodhi4
 .text.libgcc   0x0000000000009d00        0x0 /usr/local/lib/gcc/avr/10.0.1/avr5/libgcc.a(_udivmodhi4.o)
 .text.libgcc.prologue
                0x0000000000009d00        0x0 /usr/local/lib/gcc/avr/10.0.1/avr5/libgcc.a(_udivmodhi4.o)
 .text.libgcc.builtins
                0x0000000000009d00        0x0 /usr/local/lib/gcc/avr/10.0.1/avr5/libgcc.a(_udivmodhi4.o)
 .text.libgcc.fmul
                0x0000000000009d00        0x0 /usr/local/lib/gcc/avr/10.0.1/avr5/libgcc.a(_udivmodhi4.o)
 .text.libgcc.fixed
                0x0000000000009d00        0x0 /usr/local/lib/gcc/avr/10.0.1/avr5/libgcc.a(_udivmodhi4.o)
 .text.libgcc.mul
                0x0000000000009d00        0x0 /usr/local/lib/gcc/avr/10.0.1/avr5/libgcc.a(_udivmodsi4.o)
 .text.libgcc.div
                0x0000000000009d00       0x44 /usr/local/lib/gcc/avr/10.0.1/avr5/libgcc.a(_udivmodsi4.o)
                0x0000000000009d00                __udivmodsi4
 .text.libgcc   0x0000000000009d44        0x0 /usr/local/lib/gcc/avr/10.0.1/avr5/libgcc.a(_udivmodsi4.o)
 .text.libgcc.prologue
                0x0000000000009d44        0x0 /usr/local/lib/gcc/avr/10.0.1/avr5/libgcc.a(_udivmodsi4.o)
 .text.libgcc.builtins
                0x0000000000009d44        0x0 /usr/local/lib/gcc/avr/10.0.1/avr5/libgcc.a(_udivmodsi4.o)
 .text.libgcc.fmul
                0x0000000000009d44        0x0 /usr/local/lib/gcc/avr/10.0.1/avr5/libgcc.a(_udivmodsi4.o)
 .text.libgcc.fixed
                0x0000000000009d44        0x0 /usr/local/lib/gcc/avr/10.0.1/avr5/libgcc.a(_udivmodsi4.o)
 .text.libgcc.mul
                0x0000000000009d44        0x0 /usr/local/lib/gcc/avr/10.0.1/avr5/libgcc.a(_divmodsi4.o)
 .text.libgcc.div
                0x0000000000009d44       0x2e /usr/local/lib/gcc/avr/10.0.1/avr5/libgcc.a(_divmodsi4.o)
                0x0000000000009d44                __divmodsi4
 .text.libgcc   0x0000000000009d72        0x0 /usr/local/lib/gcc/avr/10.0.1/avr5/libgcc.a(_divmodsi4.o)
 .text.libgcc.prologue
                0x0000000000009d72        0x0 /usr/local/lib/gcc/avr/10.0.1/avr5/libgcc.a(_divmodsi4.o)
 .text.libgcc.builtins
                0x0000000000009d72        0x0 /usr/local/lib/gcc/avr/10.0.1/avr5/libgcc.a(_divmodsi4.o)
 .text.libgcc.fmul
                0x0000000000009d72        0x0 /usr/local/lib/gcc/avr/10.0.1/avr5/libgcc.a(_divmodsi4.o)
 .text.libgcc.fixed
                0x0000000000009d72        0x0 /usr/local/lib/gcc/avr/10.0.1/avr5/libgcc.a(_divmodsi4.o)
 .text.libgcc.mul
                0x0000000000009d72        0x0 /usr/local/lib/gcc/avr/10.0.1/avr5/libgcc.a(_negsi2.o)
 .text.libgcc.div
                0x0000000000009d72       0x10 /usr/local/lib/gcc/avr/10.0.1/avr5/libgcc.a(_negsi2.o)
                0x0000000000009d72                __negsi2
 .text.libgcc   0x0000000000009d82        0x0 /usr/local/lib/gcc/avr/10.0.1/avr5/libgcc.a(_negsi2.o)
 .text.libgcc.prologue
                0x0000000000009d82        0x0 /usr/local/lib/gcc/avr/10.0.1/avr5/libgcc.a(_negsi2.o)
 .text.libgcc.builtins
                0x0000000000009d82        0x0 /usr/local/lib/gcc/avr/10.0.1/avr5/libgcc.a(_negsi2.o)
 .text.libgcc.fmul
                0x0000000000009d82        0x0 /usr/local/lib/gcc/avr/10.0.1/avr5/libgcc.a(_negsi2.o)
 .text.libgcc.fixed
                0x0000000000009d82        0x0 /usr/local/lib/gcc/avr/10.0.1/avr5/libgcc.a(_negsi2.o)
 .text.libgcc.mul
                0x0000000000009d82        0x0 /usr/local/lib/gcc/avr/10.0.1/avr5/libgcc.a(_exit.o)
 .text.libgcc.div
                0x0000000000009d82        0x0 /usr/local/lib/gcc/avr/10.0.1/avr5/libgcc.a(_exit.o)
 .text.libgcc   0x0000000000009d82        0x0 /usr/local/lib/gcc/avr/10.0.1/avr5/libgcc.a(_exit.o)
 .text.libgcc.prologue
                0x0000000000009d82        0x0 /usr/local/lib/gcc/avr/10.0.1/avr5/libgcc.a(_exit.o)
 .text.libgcc.builtins
                0x0000000000009d82        0x0 /usr/local/lib/gcc/avr/10.0.1/avr5/libgcc.a(_exit.o)
 .text.libgcc.fmul
                0x0000000000009d82        0x0 /usr/local/lib/gcc/avr/10.0.1/avr5/libgcc.a(_exit.o)
 .text.libgcc.fixed
                0x0000000000009d82        0x0 /usr/local/lib/gcc/avr/10.0.1/avr5/libgcc.a(_exit.o)
 .text.libgcc.mul
                0x0000000000009d82        0x0 /usr/local/lib/gcc/avr/10.0.1/avr5/libgcc.a(_tablejump2.o)
 .text.libgcc.div
                0x0000000000009d82        0x0 /usr/local/lib/gcc/avr/10.0.1/avr5/libgcc.a(_tablejump2.o)
 .text.libgcc   0x0000000000009d82        0xc /usr/local/lib/gcc/avr/10.0.1/avr5/libgcc.a(_tablejump2.o)
                0x0000000000009d82                __tablejump2__
 .text.libgcc.prologue
                0x0000000000009d8e        0x0 /usr/local/lib/gcc/avr/10.0.1/avr5/libgcc.a(_tablejump2.o)
 .text.libgcc.builtins
                0x0000000000009d8e        0x0 /usr/local/lib/gcc/avr/10.0.1/avr5/libgcc.a(_tablejump2.o)
 .text.libgcc.fmul
                0x0000000000009d8e        0x0 /usr/local/lib/gcc/avr/10.0.1/avr5/libgcc.a(_tablejump2.o)
 .text.libgcc.fixed
                0x0000000000009d8e        0x0 /usr/local/lib/gcc/avr/10.0.1/avr5/libgcc.a(_tablejump2.o)
 .text.libgcc.mul
                0x0000000000009d8e        0x0 /usr/local/lib/gcc/avr/10.0.1/avr5/libgcc.a(_copy_data.o)
 .text.libgcc.div
                0x0000000000009d8e        0x0 /usr/local/lib/gcc/avr/10.0.1/avr5/libgcc.a(_copy_data.o)
 .text.libgcc   0x0000000000009d8e        0x0 /usr/local/lib/gcc/avr/10.0.1/avr5/libgcc.a(_copy_data.o)
 .text.libgcc.prologue
                0x0000000000009d8e        0x0 /usr/local/lib/gcc/avr/10.0.1/avr5/libgcc.a(_copy_data.o)
 .text.libgcc.builtins
                0x0000000000009d8e        0x0 /usr/local/lib/gcc/avr/10.0.1/avr5/libgcc.a(_copy_data.o)
 .text.libgcc.fmul
                0x0000000000009d8e        0x0 /usr/local/lib/gcc/avr/10.0.1/avr5/libgcc.a(_copy_data.o)
 .text.libgcc.fixed
                0x0000000000009d8e        0x0 /usr/local/lib/gcc/avr/10.0.1/avr5/libgcc.a(_copy_data.o)
 .text.libgcc.mul
                0x0000000000009d8e        0x0 /usr/local/lib/gcc/avr/10.0.1/avr5/libgcc.a(_clear_bss.o)
 .text.libgcc.div
                0x0000000000009d8e        0x0 /usr/local/lib/gcc/avr/10.0.1/avr5/libgcc.a(_clear_bss.o)
 .text.libgcc   0x0000000000009d8e        0x0 /usr/local/lib/gcc/avr/10.0.1/avr5/libgcc.a(_clear_bss.o)
 .text.libgcc.prologue
                0x0000000000009d8e        0x0 /usr/local/lib/gcc/avr/10.0.1/avr5/libgcc.a(_clear_bss.o)
 .text.libgcc.builtins
                0x0000000000009d8e        0x0 /usr/local/lib/gcc/avr/10.0.1/avr5/libgcc.a(_clear_bss.o)
 .text.libgcc.fmul
                0x0000000000009d8e        0x0 /usr/local/lib/gcc/avr/10.0.1/avr5/libgcc.a(_clear_bss.o)
 .text.libgcc.fixed
                0x0000000000009d8e        0x0 /usr/local/lib/gcc/avr/10.0.1/avr5/libgcc.a(_clear_bss.o)
 .text.libgcc.mul
                0x0000000000009d8e       0x10 /usr/local/lib/gcc/avr/10.0.1/avr5/libgcc.a(_mulhisi3.o)
                0x0000000000009d8e                __mulhisi3
 .text.libgcc.div
                0x0000000000009d9e        0x0 /usr/local/lib/gcc/avr/10.0.1/avr5/libgcc.a(_mulhisi3.o)
 .text.libgcc   0x0000000000009d9e        0x0 /usr/local/lib/gcc/avr/10.0.1/avr5/libgcc.a(_mulhisi3.o)
 .text.libgcc.prologue
                0x0000000000009d9e        0x0 /usr/local/lib/gcc/avr/10.0.1/avr5/libgcc.a(_mulhisi3.o)
 .text.libgcc.builtins
                0x0000000000009d9e        0x0 /usr/local/lib/gcc/avr/10.0.1/avr5/libgcc.a(_mulhisi3.o)
 .text.libgcc.fmul
                0x0000000000009d9e        0x0 /usr/local/lib/gcc/avr/10.0.1/avr5/libgcc.a(_mulhisi3.o)
 .text.libgcc.fixed
                0x0000000000009d9e        0x0 /usr/local/lib/gcc/avr/10.0.1/avr5/libgcc.a(_mulhisi3.o)
 .text.libgcc.mul
                0x0000000000009d9e       0x1e /usr/local/lib/gcc/avr/10.0.1/avr5/libgcc.a(_umulhisi3.o)
                0x0000000000009d9e                __umulhisi3
 .text.libgcc.div
                0x0000000000009dbc        0x0 /usr/local/lib/gcc/avr/10.0.1/avr5/libgcc.a(_umulhisi3.o)
 .text.libgcc   0x0000000000009dbc        0x0 /usr/local/lib/gcc/avr/10.0.1/avr5/libgcc.a(_umulhisi3.o)
 .text.libgcc.prologue
                0x0000000000009dbc        0x0 /usr/local/lib/gcc/avr/10.0.1/avr5/libgcc.a(_umulhisi3.o)
 .text.libgcc.builtins
                0x0000000000009dbc        0x0 /usr/local/lib/gcc/avr/10.0.1/avr5/libgcc.a(_umulhisi3.o)
 .text.libgcc.fmul
                0x0000000000009dbc        0x0 /usr/local/lib/gcc/avr/10.0.1/avr5/libgcc.a(_umulhisi3.o)
 .text.libgcc.fixed
                0x0000000000009dbc        0x0 /usr/local/lib/gcc/avr/10.0.1/avr5/libgcc.a(_umulhisi3.o)
 .text.libgcc.mul
                0x0000000000009dbc        0xe /usr/local/lib/gcc/avr/10.0.1/avr5/libgcc.a(_usmulhisi3.o)
                0x0000000000009dbc                __usmulhisi3
                0x0000000000009dc0                __usmulhisi3_tail
 .text.libgcc.div
                0x0000000000009dca        0x0 /usr/local/lib/gcc/avr/10.0.1/avr5/libgcc.a(_usmulhisi3.o)
 .text.libgcc   0x0000000000009dca        0x0 /usr/local/lib/gcc/avr/10.0.1/avr5/libgcc.a(_usmulhisi3.o)
 .text.libgcc.prologue
                0x0000000000009dca        0x0 /usr/local/lib/gcc/avr/10.0.1/avr5/libgcc.a(_usmulhisi3.o)
 .text.libgcc.builtins
                0x0000000000009dca        0x0 /usr/local/lib/gcc/avr/10.0.1/avr5/libgcc.a(_usmulhisi3.o)
 .text.libgcc.fmul
                0x0000000000009dca        0x0 /usr/local/lib/gcc/avr/10.0.1/avr5/libgcc.a(_usmulhisi3.o)
 .text.libgcc.fixed
                0x0000000000009dca        0x0 /usr/local/lib/gcc/avr/10.0.1/avr5/libgcc.a(_usmulhisi3.o)
 .text.libgcc.mul
                0x0000000000009dca       0x16 /usr/local/lib/gcc/avr/10.0.1/avr5/libgcc.a(_muluhisi3.o)
                0x0000000000009dca                __muluhisi3
 .text.libgcc.div
                0x0000000000009de0        0x0 /usr/local/lib/gcc/avr/10.0.1/avr5/libgcc.a(_muluhisi3.o)
 .text.libgcc   0x0000000000009de0        0x0 /usr/local/lib/gcc/avr/10.0.1/avr5/libgcc.a(_muluhisi3.o)
 .text.libgcc.prologue
                0x0000000000009de0        0x0 /usr/local/lib/gcc/avr/10.0.1/avr5/libgcc.a(_muluhisi3.o)
 .text.libgcc.builtins
                0x0000000000009de0        0x0 /usr/local/lib/gcc/avr/10.0.1/avr5/libgcc.a(_muluhisi3.o)
 .text.libgcc.fmul
                0x0000000000009de0        0x0 /usr/local/lib/gcc/avr/10.0.1/avr5/libgcc.a(_muluhisi3.o)
 .text.libgcc.fixed
                0x0000000000009de0        0x0 /usr/local/lib/gcc/avr/10.0.1/avr5/libgcc.a(_muluhisi3.o)
 .text.libgcc.mul
                0x0000000000009de0        0x0 /usr/local/lib/gcc/avr/10.0.1/avr5/libgcc.a(_udivdi3.o)
 .text.libgcc.div
                0x0000000000009de0       0x1c /usr/local/lib/gcc/avr/10.0.1/avr5/libgcc.a(_udivdi3.o)
                0x0000000000009de0                __umoddi3
                0x0000000000009de4                __udivdi3
                0x0000000000009de6                __udivdi3_umoddi3
 .text.libgcc   0x0000000000009dfc        0x0 /usr/local/lib/gcc/avr/10.0.1/avr5/libgcc.a(_udivdi3.o)
 .text.libgcc.prologue
                0x0000000000009dfc        0x0 /usr/local/lib/gcc/avr/10.0.1/avr5/libgcc.a(_udivdi3.o)
 .text.libgcc.builtins
                0x0000000000009dfc        0x0 /usr/local/lib/gcc/avr/10.0.1/avr5/libgcc.a(_udivdi3.o)
 .text.libgcc.fmul
                0x0000000000009dfc        0x0 /usr/local/lib/gcc/avr/10.0.1/avr5/libgcc.a(_udivdi3.o)
 .text.libgcc.fixed
                0x0000000000009dfc        0x0 /usr/local/lib/gcc/avr/10.0.1/avr5/libgcc.a(_udivdi3.o)
 .text.libgcc.mul
                0x0000000000009dfc        0x0 /usr/local/lib/gcc/avr/10.0.1/avr5/libgcc.a(_udivmod64.o)
 .text.libgcc.div
                0x0000000000009dfc       0xa2 /usr/local/lib/gcc/avr/10.0.1/avr5/libgcc.a(_udivmod64.o)
                0x0000000000009dfc                __udivmod64
 .text.libgcc   0x0000000000009e9e        0x0 /usr/local/lib/gcc/avr/10.0.1/avr5/libgcc.a(_udivmod64.o)
 .text.libgcc.prologue
                0x0000000000009e9e        0x0 /usr/local/lib/gcc/avr/10.0.1/avr5/libgcc.a(_udivmod64.o)
 .text.libgcc.builtins
                0x0000000000009e9e        0x0 /usr/local/lib/gcc/avr/10.0.1/avr5/libgcc.a(_udivmod64.o)
 .text.libgcc.fmul
                0x0000000000009e9e        0x0 /usr/local/lib/gcc/avr/10.0.1/avr5/libgcc.a(_udivmod64.o)
 .text.libgcc.fixed
                0x0000000000009e9e        0x0 /usr/local/lib/gcc/avr/10.0.1/avr5/libgcc.a(_udivmod64.o)
 .text.libgcc.mul
                0x0000000000009e9e        0x0 /usr/local/lib/gcc/avr/10.0.1/avr5/libgcc.a(_prologue.o)
 .text.libgcc.div
                0x0000000000009e9e        0x0 /usr/local/lib/gcc/avr/10.0.1/avr5/libgcc.a(_prologue.o)
 .text.libgcc   0x0000000000009e9e        0x0 /usr/local/lib/gcc/avr/10.0.1/avr5/libgcc.a(_prologue.o)
 .text.libgcc.prologue
                0x0000000000009e9e       0x38 /usr/local/lib/gcc/avr/10.0.1/avr5/libgcc.a(_prologue.o)
                0x0000000000009e9e                __prologue_saves__
 .text.libgcc.builtins
                0x0000000000009ed6        0x0 /usr/local/lib/gcc/avr/10.0.1/avr5/libgcc.a(_prologue.o)
 .text.libgcc.fmul
                0x0000000000009ed6        0x0 /usr/local/lib/gcc/avr/10.0.1/avr5/libgcc.a(_prologue.o)
 .text.libgcc.fixed
                0x0000000000009ed6        0x0 /usr/local/lib/gcc/avr/10.0.1/avr5/libgcc.a(_prologue.o)
 .text.libgcc.mul
                0x0000000000009ed6        0x0 /usr/local/lib/gcc/avr/10.0.1/avr5/libgcc.a(_epilogue.o)
 .text.libgcc.div
                0x0000000000009ed6        0x0 /usr/local/lib/gcc/avr/10.0.1/avr5/libgcc.a(_epilogue.o)
 .text.libgcc   0x0000000000009ed6        0x0 /usr/local/lib/gcc/avr/10.0.1/avr5/libgcc.a(_epilogue.o)
 .text.libgcc.prologue
                0x0000000000009ed6       0x36 /usr/local/lib/gcc/avr/10.0.1/avr5/libgcc.a(_epilogue.o)
                0x0000000000009ed6                __epilogue_restores__
 .text.libgcc.builtins
                0x0000000000009f0c        0x0 /usr/local/lib/gcc/avr/10.0.1/avr5/libgcc.a(_epilogue.o)
 .text.libgcc.fmul
                0x0000000000009f0c        0x0 /usr/local/lib/gcc/avr/10.0.1/avr5/libgcc.a(_epilogue.o)
 .text.libgcc.fixed
                0x0000000000009f0c        0x0 /usr/local/lib/gcc/avr/10.0.1/avr5/libgcc.a(_epilogue.o)
 .text.libgcc.mul
                0x0000000000009f0c        0x0 /usr/local/lib/gcc/avr/10.0.1/avr5/libgcc.a(_ashrdi3.o)
 .text.libgcc.div
                0x0000000000009f0c        0x0 /usr/local/lib/gcc/avr/10.0.1/avr5/libgcc.a(_ashrdi3.o)
 .text.libgcc   0x0000000000009f0c        0x0 /usr/local/lib/gcc/avr/10.0.1/avr5/libgcc.a(_ashrdi3.o)
 .text.libgcc.prologue
                0x0000000000009f0c        0x0 /usr/local/lib/gcc/avr/10.0.1/avr5/libgcc.a(_ashrdi3.o)
 .text.libgcc.builtins
                0x0000000000009f0c       0x3a /usr/local/lib/gcc/avr/10.0.1/avr5/libgcc.a(_ashrdi3.o)
                0x0000000000009f0c                __ashrdi3
                0x0000000000009f10                __lshrdi3
 .text.libgcc.fmul
                0x0000000000009f46        0x0 /usr/local/lib/gcc/avr/10.0.1/avr5/libgcc.a(_ashrdi3.o)
 .text.libgcc.fixed
                0x0000000000009f46        0x0 /usr/local/lib/gcc/avr/10.0.1/avr5/libgcc.a(_ashrdi3.o)
 .text.libgcc.mul
                0x0000000000009f46        0x0 /usr/local/lib/gcc/avr/10.0.1/avr5/libgcc.a(_adddi3.o)
 .text.libgcc.div
                0x0000000000009f46        0x0 /usr/local/lib/gcc/avr/10.0.1/avr5/libgcc.a(_adddi3.o)
 .text.libgcc   0x0000000000009f46       0x12 /usr/local/lib/gcc/avr/10.0.1/avr5/libgcc.a(_adddi3.o)
                0x0000000000009f46                __adddi3
 .text.libgcc.prologue
                0x0000000000009f58        0x0 /usr/local/lib/gcc/avr/10.0.1/avr5/libgcc.a(_adddi3.o)
 .text.libgcc.builtins
                0x0000000000009f58        0x0 /usr/local/lib/gcc/avr/10.0.1/avr5/libgcc.a(_adddi3.o)
 .text.libgcc.fmul
                0x0000000000009f58        0x0 /usr/local/lib/gcc/avr/10.0.1/avr5/libgcc.a(_adddi3.o)
 .text.libgcc.fixed
                0x0000000000009f58        0x0 /usr/local/lib/gcc/avr/10.0.1/avr5/libgcc.a(_adddi3.o)
 .text.libgcc.mul
                0x0000000000009f58        0x0 /usr/local/lib/gcc/avr/10.0.1/avr5/libgcc.a(_adddi3_s8.o)
 .text.libgcc.div
                0x0000000000009f58        0x0 /usr/local/lib/gcc/avr/10.0.1/avr5/libgcc.a(_adddi3_s8.o)
 .text.libgcc   0x0000000000009f58       0x18 /usr/local/lib/gcc/avr/10.0.1/avr5/libgcc.a(_adddi3_s8.o)
                0x0000000000009f58                __adddi3_s8
 .text.libgcc.prologue
                0x0000000000009f70        0x0 /usr/local/lib/gcc/avr/10.0.1/avr5/libgcc.a(_adddi3_s8.o)
 .text.libgcc.builtins
                0x0000000000009f70        0x0 /usr/local/lib/gcc/avr/10.0.1/avr5/libgcc.a(_adddi3_s8.o)
 .text.libgcc.fmul
                0x0000000000009f70        0x0 /usr/local/lib/gcc/avr/10.0.1/avr5/libgcc.a(_adddi3_s8.o)
 .text.libgcc.fixed
                0x0000000000009f70        0x0 /usr/local/lib/gcc/avr/10.0.1/avr5/libgcc.a(_adddi3_s8.o)
 .text.libgcc.mul
                0x0000000000009f70        0x0 /usr/local/lib/gcc/avr/10.0.1/avr5/libgcc.a(_subdi3.o)
 .text.libgcc.div
                0x0000000000009f70        0x0 /usr/local/lib/gcc/avr/10.0.1/avr5/libgcc.a(_subdi3.o)
 .text.libgcc   0x0000000000009f70       0x12 /usr/local/lib/gcc/avr/10.0.1/avr5/libgcc.a(_subdi3.o)
                0x0000000000009f70                __subdi3
 .text.libgcc.prologue
                0x0000000000009f82        0x0 /usr/local/lib/gcc/avr/10.0.1/avr5/libgcc.a(_subdi3.o)
 .text.libgcc.builtins
                0x0000000000009f82        0x0 /usr/local/lib/gcc/avr/10.0.1/avr5/libgcc.a(_subdi3.o)
 .text.libgcc.fmul
                0x0000000000009f82        0x0 /usr/local/lib/gcc/avr/10.0.1/avr5/libgcc.a(_subdi3.o)
 .text.libgcc.fixed
                0x0000000000009f82        0x0 /usr/local/lib/gcc/avr/10.0.1/avr5/libgcc.a(_subdi3.o)
 .text.libgcc.mul
                0x0000000000009f82        0x0 /usr/local/lib/gcc/avr/10.0.1/avr5/libgcc.a(_cmpdi2.o)
 .text.libgcc.div
                0x0000000000009f82        0x0 /usr/local/lib/gcc/avr/10.0.1/avr5/libgcc.a(_cmpdi2.o)
 .text.libgcc   0x0000000000009f82       0x12 /usr/local/lib/gcc/avr/10.0.1/avr5/libgcc.a(_cmpdi2.o)
                0x0000000000009f82                __cmpdi2
 .text.libgcc.prologue
                0x0000000000009f94        0x0 /usr/local/lib/gcc/avr/10.0.1/avr5/libgcc.a(_cmpdi2.o)
 .text.libgcc.builtins
                0x0000000000009f94        0x0 /usr/local/lib/gcc/avr/10.0.1/avr5/libgcc.a(_cmpdi2.o)
 .text.libgcc.fmul
                0x0000000000009f94        0x0 /usr/local/lib/gcc/avr/10.0.1/avr5/libgcc.a(_cmpdi2.o)
 .text.libgcc.fixed
                0x0000000000009f94        0x0 /usr/local/lib/gcc/avr/10.0.1/avr5/libgcc.a(_cmpdi2.o)
 .text.libgcc.mul
                0x0000000000009f94        0x0 /usr/local/lib/gcc/avr/10.0.1/avr5/libgcc.a(_cmpdi2_s8.o)
 .text.libgcc.div
                0x0000000000009f94        0x0 /usr/local/lib/gcc/avr/10.0.1/avr5/libgcc.a(_cmpdi2_s8.o)
 .text.libgcc   0x0000000000009f94       0x18 /usr/local/lib/gcc/avr/10.0.1/avr5/libgcc.a(_cmpdi2_s8.o)
                0x0000000000009f94                __cmpdi2_s8
 .text.libgcc.prologue
                0x0000000000009fac        0x0 /usr/local/lib/gcc/avr/10.0.1/avr5/libgcc.a(_cmpdi2_s8.o)
 .text.libgcc.builtins
                0x0000000000009fac        0x0 /usr/local/lib/gcc/avr/10.0.1/avr5/libgcc.a(_cmpdi2_s8.o)
 .text.libgcc.fmul
                0x0000000000009fac        0x0 /usr/local/lib/gcc/avr/10.0.1/avr5/libgcc.a(_cmpdi2_s8.o)
 .text.libgcc.fixed
                0x0000000000009fac        0x0 /usr/local/lib/gcc/avr/10.0.1/avr5/libgcc.a(_cmpdi2_s8.o)
 .text.avr-libc
                0x0000000000009fac       0x3c /usr/local/lib/gcc/avr/10.0.1/../../../../avr/lib/avr5/libc.a(atoi.o)
                0x0000000000009fac                atoi
 .text.avr-libc
                0x0000000000009fe8      0x1b0 /usr/local/lib/gcc/avr/10.0.1/../../../../avr/lib/avr5/libc.a(ftoa_engine.o)
                0x0000000000009fe8                __ftoa_engine
 .text.avr-libc
                0x000000000000a198       0x16 /usr/local/lib/gcc/avr/10.0.1/../../../../avr/lib/avr5/libc.a(strnlen_P.o)
                0x000000000000a198                strnlen_P
 .text.avr-libc
                0x000000000000a1ae       0x34 /usr/local/lib/gcc/avr/10.0.1/../../../../avr/lib/avr5/libc.a(strdup.o)
                0x000000000000a1ae                strdup
 .text.avr-libc
                0x000000000000a1e2       0x12 /usr/local/lib/gcc/avr/10.0.1/../../../../avr/lib/avr5/libc.a(strcmp.o)
                0x000000000000a1e2                strcmp
 .text.avr-libc
                0x000000000000a1f4        0xe /usr/local/lib/gcc/avr/10.0.1/../../../../avr/lib/avr5/libc.a(strcpy.o)
                0x000000000000a1f4                strcpy
 .text.avr-libc
                0x000000000000a202       0x16 /usr/local/lib/gcc/avr/10.0.1/../../../../avr/lib/avr5/libc.a(strnlen.o)
                0x000000000000a202                strnlen
 .text.avr-libc
                0x000000000000a218       0x10 /usr/local/lib/gcc/avr/10.0.1/../../../../avr/lib/avr5/libc.a(mul10.o)
                0x000000000000a218                __mulhi_const_10
 .text.avr-libc
                0x000000000000a228       0x60 /usr/local/lib/gcc/avr/10.0.1/../../../../avr/lib/avr5/libc.a(fputc.o)
                0x000000000000a228                fputc
 .text.avr-libc
                0x000000000000a288       0x54 /usr/local/lib/gcc/avr/10.0.1/../../../../avr/lib/avr5/libc.a(fputs.o)
                0x000000000000a288                fputs
 .text.avr-libc
                0x000000000000a2dc       0x28 /usr/local/lib/gcc/avr/10.0.1/../../../../avr/lib/avr5/libc.a(printf.o)
                0x000000000000a2dc                printf
 .text.avr-libc
                0x000000000000a304       0x46 /usr/local/lib/gcc/avr/10.0.1/../../../../avr/lib/avr5/libc.a(sprintf.o)
                0x000000000000a304                sprintf
 .text.avr-libc
                0x000000000000a34a       0x32 /usr/local/lib/gcc/avr/10.0.1/../../../../avr/lib/avr5/libc.a(sscanf.o)
                0x000000000000a34a                sscanf
 .text.avr-libc
                0x000000000000a37c       0x56 /usr/local/lib/gcc/avr/10.0.1/../../../../avr/lib/avr5/libc.a(vsnprintf.o)
                0x000000000000a37c                vsnprintf
 .text.avr-libc
                0x000000000000a3d2       0xbc /usr/local/lib/gcc/avr/10.0.1/../../../../avr/lib/avr5/libc.a(ultoa_invert.o)
                0x000000000000a3d2                __ultoa_invert
 .text.avr-libc
                0x000000000000a48e      0x54e /usr/local/lib/gcc/avr/10.0.1/../../../../avr/lib/avr5/libc.a(vfscanf_std.o)
                0x000000000000a79c                vfscanf
 .text.avr-libc
                0x000000000000a9dc      0x250 /usr/local/lib/gcc/avr/10.0.1/../../../../avr/lib/avr5/libc.a(malloc.o)
                0x000000000000a9dc                malloc
                0x000000000000ab08                free
 .text.avr-libc
                0x000000000000ac2c       0x12 /usr/local/lib/gcc/avr/10.0.1/../../../../avr/lib/avr5/libc.a(isspace.o)
                0x000000000000ac2c                isspace
 .text.avr-libc
                0x000000000000ac3e       0x16 /usr/local/lib/gcc/avr/10.0.1/../../../../avr/lib/avr5/libc.a(strchr_P.o)
                0x000000000000ac3e                strchr_P
 .text.avr-libc
                0x000000000000ac54       0x7c /usr/local/lib/gcc/avr/10.0.1/../../../../avr/lib/avr5/libc.a(fgetc.o)
                0x000000000000ac54                fgetc
 .text.avr-libc
                0x000000000000acd0       0x30 /usr/local/lib/gcc/avr/10.0.1/../../../../avr/lib/avr5/libc.a(ungetc.o)
                0x000000000000acd0                ungetc
 .text.avr-libc
                0x000000000000ad00        0x6 /usr/local/lib/gcc/avr/10.0.1/../../../../avr/lib/avr5/libc.a(cty_isfalse.o)
                0x000000000000ad00                __ctype_isfalse
                0x000000000000ad04                __ctype_istrue
                0x000000000000ad06                . = ALIGN (0x2)
 *(.fini9)
 .fini9         0x000000000000ad06        0x0 /usr/local/lib/gcc/avr/10.0.1/avr5/libgcc.a(_exit.o)
                0x000000000000ad06                exit
                0x000000000000ad06                _exit
 *(.fini9)
 *(.fini8)
 *(.fini8)
 *(.fini7)
 *(.fini7)
 *(.fini6)
 *(.fini6)
 *(.fini5)
 *(.fini5)
 *(.fini4)
 *(.fini4)
 *(.fini3)
 *(.fini3)
 *(.fini2)
 *(.fini2)
 *(.fini1)
 *(.fini1)
 *(.fini0)
 .fini0         0x000000000000ad06        0x4 /usr/local/lib/gcc/avr/10.0.1/avr5/libgcc.a(_exit.o)
 *(.fini0)
 *(.hightext)
 *(.hightext*)
 *(.progmemx.*)
                0x000000000000ad0a                . = ALIGN (0x2)
 *(.jumptables)
 *(.jumptables*)
 .jumptables.gcc.mmc_disk_ioctl
                0x000000000000ad0a        0xe fatfs/libfat.a(mmc_avr_spi.o)
 .jumptables.gcc.ff_wtoupper
                0x000000000000ad18       0x12 fatfs/libfat.a(ffunicode_avr.o)
                0x000000000000ad2a                _etext = .

.data           0x0000000000800100      0x3da load address 0x000000000000ad2a
                0x0000000000800100                PROVIDE (__data_start = .)
 *(.data)
 .data          0x0000000000800100        0x0 /usr/local/lib/gcc/avr/10.0.1/../../../../avr/lib/avr5/crtatmega644p.o
 .data          0x0000000000800100       0x9b main.o
                0x000000000080011c                debug
                0x000000000080011d                tst_cur
                0x000000000080011f                tst_voltage
                0x0000000000800121                pwm_offset
 .data          0x000000000080019b        0x8 ili9341.o
                0x000000000080019b                _height
                0x000000000080019d                _width
                0x000000000080019f                LCD_H
                0x00000000008001a1                LCD_W
 .data          0x00000000008001a3        0x0 ili9341gfx.o
 .data          0x00000000008001a3        0x0 uart.o
 .data          0x00000000008001a3        0x0 adc.o
 .data          0x00000000008001a3        0x0 fatfs/libfat.a(diskio.o)
 .data          0x00000000008001a3        0x1 fatfs/libfat.a(mmc_avr_spi.o)
 .data          0x00000000008001a4        0x0 fatfs/libfat.a(ff.o)
 .data          0x00000000008001a4        0x0 fatfs/libfat.a(ffunicode_avr.o)
 .data          0x00000000008001a4        0x0 /usr/local/lib/gcc/avr/10.0.1/../../../../avr/lib/avr5/libprintf_flt.a(vfprintf_flt.o)
 .data          0x00000000008001a4        0x0 /usr/local/lib/gcc/avr/10.0.1/avr5/libgcc.a(_mulsi3.o)
 .data          0x00000000008001a4        0x0 /usr/local/lib/gcc/avr/10.0.1/avr5/libgcc.a(_udivmodhi4.o)
 .data          0x00000000008001a4        0x0 /usr/local/lib/gcc/avr/10.0.1/avr5/libgcc.a(_udivmodsi4.o)
 .data          0x00000000008001a4        0x0 /usr/local/lib/gcc/avr/10.0.1/avr5/libgcc.a(_divmodsi4.o)
 .data          0x00000000008001a4        0x0 /usr/local/lib/gcc/avr/10.0.1/avr5/libgcc.a(_negsi2.o)
 .data          0x00000000008001a4        0x0 /usr/local/lib/gcc/avr/10.0.1/avr5/libgcc.a(_exit.o)
 .data          0x00000000008001a4        0x0 /usr/local/lib/gcc/avr/10.0.1/avr5/libgcc.a(_tablejump2.o)
 .data          0x00000000008001a4        0x0 /usr/local/lib/gcc/avr/10.0.1/avr5/libgcc.a(_copy_data.o)
 .data          0x00000000008001a4        0x0 /usr/local/lib/gcc/avr/10.0.1/avr5/libgcc.a(_clear_bss.o)
 .data          0x00000000008001a4        0x0 /usr/local/lib/gcc/avr/10.0.1/avr5/libgcc.a(_mulhisi3.o)
 .data          0x00000000008001a4        0x0 /usr/local/lib/gcc/avr/10.0.1/avr5/libgcc.a(_umulhisi3.o)
 .data          0x00000000008001a4        0x0 /usr/local/lib/gcc/avr/10.0.1/avr5/libgcc.a(_usmulhisi3.o)
 .data          0x00000000008001a4        0x0 /usr/local/lib/gcc/avr/10.0.1/avr5/libgcc.a(_muluhisi3.o)
 .data          0x00000000008001a4        0x0 /usr/local/lib/gcc/avr/10.0.1/avr5/libgcc.a(_udivdi3.o)
 .data          0x00000000008001a4        0x0 /usr/local/lib/gcc/avr/10.0.1/avr5/libgcc.a(_udivmod64.o)
 .data          0x00000000008001a4        0x0 /usr/local/lib/gcc/avr/10.0.1/avr5/libgcc.a(_prologue.o)
 .data          0x00000000008001a4        0x0 /usr/local/lib/gcc/avr/10.0.1/avr5/libgcc.a(_epilogue.o)
 .data          0x00000000008001a4        0x0 /usr/local/lib/gcc/avr/10.0.1/avr5/libgcc.a(_ashrdi3.o)
 .data          0x00000000008001a4        0x0 /usr/local/lib/gcc/avr/10.0.1/avr5/libgcc.a(_adddi3.o)
 .data          0x00000000008001a4        0x0 /usr/local/lib/gcc/avr/10.0.1/avr5/libgcc.a(_adddi3_s8.o)
 .data          0x00000000008001a4        0x0 /usr/local/lib/gcc/avr/10.0.1/avr5/libgcc.a(_subdi3.o)
 .data          0x00000000008001a4        0x0 /usr/local/lib/gcc/avr/10.0.1/avr5/libgcc.a(_cmpdi2.o)
 .data          0x00000000008001a4        0x0 /usr/local/lib/gcc/avr/10.0.1/avr5/libgcc.a(_cmpdi2_s8.o)
 .data          0x00000000008001a4        0x0 /usr/local/lib/gcc/avr/10.0.1/../../../../avr/lib/avr5/libc.a(atoi.o)
 .data          0x00000000008001a4        0x0 /usr/local/lib/gcc/avr/10.0.1/../../../../avr/lib/avr5/libc.a(ftoa_engine.o)
 .data          0x00000000008001a4        0x0 /usr/local/lib/gcc/avr/10.0.1/../../../../avr/lib/avr5/libc.a(strnlen_P.o)
 .data          0x00000000008001a4        0x0 /usr/local/lib/gcc/avr/10.0.1/../../../../avr/lib/avr5/libc.a(strdup.o)
 .data          0x00000000008001a4        0x0 /usr/local/lib/gcc/avr/10.0.1/../../../../avr/lib/avr5/libc.a(strcmp.o)
 .data          0x00000000008001a4        0x0 /usr/local/lib/gcc/avr/10.0.1/../../../../avr/lib/avr5/libc.a(strcpy.o)
 .data          0x00000000008001a4        0x0 /usr/local/lib/gcc/avr/10.0.1/../../../../avr/lib/avr5/libc.a(strnlen.o)
 .data          0x00000000008001a4        0x0 /usr/local/lib/gcc/avr/10.0.1/../../../../avr/lib/avr5/libc.a(mul10.o)
 .data          0x00000000008001a4        0x0 /usr/local/lib/gcc/avr/10.0.1/../../../../avr/lib/avr5/libc.a(fputc.o)
 .data          0x00000000008001a4        0x0 /usr/local/lib/gcc/avr/10.0.1/../../../../avr/lib/avr5/libc.a(fputs.o)
 .data          0x00000000008001a4        0x0 /usr/local/lib/gcc/avr/10.0.1/../../../../avr/lib/avr5/libc.a(iob.o)
 .data          0x00000000008001a4        0x0 /usr/local/lib/gcc/avr/10.0.1/../../../../avr/lib/avr5/libc.a(printf.o)
 .data          0x00000000008001a4        0x0 /usr/local/lib/gcc/avr/10.0.1/../../../../avr/lib/avr5/libc.a(sprintf.o)
 .data          0x00000000008001a4        0x0 /usr/local/lib/gcc/avr/10.0.1/../../../../avr/lib/avr5/libc.a(sscanf.o)
 .data          0x00000000008001a4        0x0 /usr/local/lib/gcc/avr/10.0.1/../../../../avr/lib/avr5/libc.a(vsnprintf.o)
 .data          0x00000000008001a4        0x0 /usr/local/lib/gcc/avr/10.0.1/../../../../avr/lib/avr5/libc.a(ultoa_invert.o)
 .data          0x00000000008001a4        0x0 /usr/local/lib/gcc/avr/10.0.1/../../../../avr/lib/avr5/libc.a(vfscanf_std.o)
 .data          0x00000000008001a4        0x6 /usr/local/lib/gcc/avr/10.0.1/../../../../avr/lib/avr5/libc.a(malloc.o)
                0x00000000008001a4                __malloc_heap_end
                0x00000000008001a6                __malloc_heap_start
                0x00000000008001a8                __malloc_margin
 .data          0x00000000008001aa        0x0 /usr/local/lib/gcc/avr/10.0.1/../../../../avr/lib/avr5/libc.a(isspace.o)
 .data          0x00000000008001aa        0x0 /usr/local/lib/gcc/avr/10.0.1/../../../../avr/lib/avr5/libc.a(strchr_P.o)
 .data          0x00000000008001aa        0x0 /usr/local/lib/gcc/avr/10.0.1/../../../../avr/lib/avr5/libc.a(fgetc.o)
 .data          0x00000000008001aa        0x0 /usr/local/lib/gcc/avr/10.0.1/../../../../avr/lib/avr5/libc.a(ungetc.o)
 .data          0x00000000008001aa        0x0 /usr/local/lib/gcc/avr/10.0.1/../../../../avr/lib/avr5/libc.a(cty_isfalse.o)
 *(.data*)
 *(.gnu.linkonce.d*)
 *(.rodata)
 .rodata        0x00000000008001aa       0x2c main.o
 .rodata        0x00000000008001d6       0x2c fatfs/libfat.a(mmc_avr_spi.o)
 .rodata        0x0000000000800202       0x9f fatfs/libfat.a(ff.o)
 *(.rodata*)
 .rodata.str1.1
                0x00000000008002a1      0x209 main.o
                                        0x20a (size before relaxing)
 .rodata.str1.1
                0x00000000008004aa        0xa fatfs/libfat.a(mmc_avr_spi.o)
 .rodata.str1.1
                0x00000000008004b4       0x26 fatfs/libfat.a(ff.o)
 *(.gnu.linkonce.r*)
                0x00000000008004da                . = ALIGN (0x2)
                0x00000000008004da                _edata = .
                0x00000000008004da                PROVIDE (__data_end = .)

.bss            0x00000000008004da      0x19c
                0x00000000008004da                PROVIDE (__bss_start = .)
 *(.bss)
 .bss           0x00000000008004da        0x0 /usr/local/lib/gcc/avr/10.0.1/../../../../avr/lib/avr5/crtatmega644p.o
 .bss           0x00000000008004da        0xc main.o
                0x00000000008004da                background
                0x00000000008004db                YEAR
                0x00000000008004dd                Jahr
                0x00000000008004df                KW
                0x00000000008004e1                KA
                0x00000000008004e3                piezo
                0x00000000008004e4                pwm
 .bss           0x00000000008004e6        0x0 ili9341.o
 .bss           0x00000000008004e6       0x19 ili9341gfx.o
                0x00000000008004e6                iactualy
                0x00000000008004e8                iactualx
                0x00000000008004ea                isety
                0x00000000008004ec                isetx
                0x00000000008004ee                vactualy
                0x00000000008004f0                vactualx
                0x00000000008004f2                vsety
                0x00000000008004f4                vsetx
                0x00000000008004f6                textsize
                0x00000000008004f7                textbgcolour
                0x00000000008004f9                textcolour
                0x00000000008004fb                cursor_y
                0x00000000008004fd                cursor_x
 .bss           0x00000000008004ff        0x0 uart.o
 .bss           0x00000000008004ff        0x0 adc.o
 .bss           0x00000000008004ff        0x0 fatfs/libfat.a(diskio.o)
 .bss           0x00000000008004ff        0x4 fatfs/libfat.a(mmc_avr_spi.o)
 .bss           0x0000000000800503      0x165 fatfs/libfat.a(ff.o)
 .bss           0x0000000000800668        0x0 fatfs/libfat.a(ffunicode_avr.o)
 .bss           0x0000000000800668        0x0 /usr/local/lib/gcc/avr/10.0.1/../../../../avr/lib/avr5/libprintf_flt.a(vfprintf_flt.o)
 .bss           0x0000000000800668        0x0 /usr/local/lib/gcc/avr/10.0.1/avr5/libgcc.a(_mulsi3.o)
 .bss           0x0000000000800668        0x0 /usr/local/lib/gcc/avr/10.0.1/avr5/libgcc.a(_udivmodhi4.o)
 .bss           0x0000000000800668        0x0 /usr/local/lib/gcc/avr/10.0.1/avr5/libgcc.a(_udivmodsi4.o)
 .bss           0x0000000000800668        0x0 /usr/local/lib/gcc/avr/10.0.1/avr5/libgcc.a(_divmodsi4.o)
 .bss           0x0000000000800668        0x0 /usr/local/lib/gcc/avr/10.0.1/avr5/libgcc.a(_negsi2.o)
 .bss           0x0000000000800668        0x0 /usr/local/lib/gcc/avr/10.0.1/avr5/libgcc.a(_exit.o)
 .bss           0x0000000000800668        0x0 /usr/local/lib/gcc/avr/10.0.1/avr5/libgcc.a(_tablejump2.o)
 .bss           0x0000000000800668        0x0 /usr/local/lib/gcc/avr/10.0.1/avr5/libgcc.a(_copy_data.o)
 .bss           0x0000000000800668        0x0 /usr/local/lib/gcc/avr/10.0.1/avr5/libgcc.a(_clear_bss.o)
 .bss           0x0000000000800668        0x0 /usr/local/lib/gcc/avr/10.0.1/avr5/libgcc.a(_mulhisi3.o)
 .bss           0x0000000000800668        0x0 /usr/local/lib/gcc/avr/10.0.1/avr5/libgcc.a(_umulhisi3.o)
 .bss           0x0000000000800668        0x0 /usr/local/lib/gcc/avr/10.0.1/avr5/libgcc.a(_usmulhisi3.o)
 .bss           0x0000000000800668        0x0 /usr/local/lib/gcc/avr/10.0.1/avr5/libgcc.a(_muluhisi3.o)
 .bss           0x0000000000800668        0x0 /usr/local/lib/gcc/avr/10.0.1/avr5/libgcc.a(_udivdi3.o)
 .bss           0x0000000000800668        0x0 /usr/local/lib/gcc/avr/10.0.1/avr5/libgcc.a(_udivmod64.o)
 .bss           0x0000000000800668        0x0 /usr/local/lib/gcc/avr/10.0.1/avr5/libgcc.a(_prologue.o)
 .bss           0x0000000000800668        0x0 /usr/local/lib/gcc/avr/10.0.1/avr5/libgcc.a(_epilogue.o)
 .bss           0x0000000000800668        0x0 /usr/local/lib/gcc/avr/10.0.1/avr5/libgcc.a(_ashrdi3.o)
 .bss           0x0000000000800668        0x0 /usr/local/lib/gcc/avr/10.0.1/avr5/libgcc.a(_adddi3.o)
 .bss           0x0000000000800668        0x0 /usr/local/lib/gcc/avr/10.0.1/avr5/libgcc.a(_adddi3_s8.o)
 .bss           0x0000000000800668        0x0 /usr/local/lib/gcc/avr/10.0.1/avr5/libgcc.a(_subdi3.o)
 .bss           0x0000000000800668        0x0 /usr/local/lib/gcc/avr/10.0.1/avr5/libgcc.a(_cmpdi2.o)
 .bss           0x0000000000800668        0x0 /usr/local/lib/gcc/avr/10.0.1/avr5/libgcc.a(_cmpdi2_s8.o)
 .bss           0x0000000000800668        0x0 /usr/local/lib/gcc/avr/10.0.1/../../../../avr/lib/avr5/libc.a(atoi.o)
 .bss           0x0000000000800668        0x0 /usr/local/lib/gcc/avr/10.0.1/../../../../avr/lib/avr5/libc.a(ftoa_engine.o)
 .bss           0x0000000000800668        0x0 /usr/local/lib/gcc/avr/10.0.1/../../../../avr/lib/avr5/libc.a(strnlen_P.o)
 .bss           0x0000000000800668        0x0 /usr/local/lib/gcc/avr/10.0.1/../../../../avr/lib/avr5/libc.a(strdup.o)
 .bss           0x0000000000800668        0x0 /usr/local/lib/gcc/avr/10.0.1/../../../../avr/lib/avr5/libc.a(strcmp.o)
 .bss           0x0000000000800668        0x0 /usr/local/lib/gcc/avr/10.0.1/../../../../avr/lib/avr5/libc.a(strcpy.o)
 .bss           0x0000000000800668        0x0 /usr/local/lib/gcc/avr/10.0.1/../../../../avr/lib/avr5/libc.a(strnlen.o)
 .bss           0x0000000000800668        0x0 /usr/local/lib/gcc/avr/10.0.1/../../../../avr/lib/avr5/libc.a(mul10.o)
 .bss           0x0000000000800668        0x0 /usr/local/lib/gcc/avr/10.0.1/../../../../avr/lib/avr5/libc.a(fputc.o)
 .bss           0x0000000000800668        0x0 /usr/local/lib/gcc/avr/10.0.1/../../../../avr/lib/avr5/libc.a(fputs.o)
 .bss           0x0000000000800668        0x6 /usr/local/lib/gcc/avr/10.0.1/../../../../avr/lib/avr5/libc.a(iob.o)
                0x0000000000800668                __iob
 .bss           0x000000000080066e        0x0 /usr/local/lib/gcc/avr/10.0.1/../../../../avr/lib/avr5/libc.a(printf.o)
 .bss           0x000000000080066e        0x0 /usr/local/lib/gcc/avr/10.0.1/../../../../avr/lib/avr5/libc.a(sprintf.o)
 .bss           0x000000000080066e        0x0 /usr/local/lib/gcc/avr/10.0.1/../../../../avr/lib/avr5/libc.a(sscanf.o)
 .bss           0x000000000080066e        0x0 /usr/local/lib/gcc/avr/10.0.1/../../../../avr/lib/avr5/libc.a(vsnprintf.o)
 .bss           0x000000000080066e        0x0 /usr/local/lib/gcc/avr/10.0.1/../../../../avr/lib/avr5/libc.a(ultoa_invert.o)
 .bss           0x000000000080066e        0x0 /usr/local/lib/gcc/avr/10.0.1/../../../../avr/lib/avr5/libc.a(vfscanf_std.o)
 .bss           0x000000000080066e        0x4 /usr/local/lib/gcc/avr/10.0.1/../../../../avr/lib/avr5/libc.a(malloc.o)
                0x000000000080066e                __flp
                0x0000000000800670                __brkval
 .bss           0x0000000000800672        0x0 /usr/local/lib/gcc/avr/10.0.1/../../../../avr/lib/avr5/libc.a(isspace.o)
 .bss           0x0000000000800672        0x0 /usr/local/lib/gcc/avr/10.0.1/../../../../avr/lib/avr5/libc.a(strchr_P.o)
 .bss           0x0000000000800672        0x0 /usr/local/lib/gcc/avr/10.0.1/../../../../avr/lib/avr5/libc.a(fgetc.o)
 .bss           0x0000000000800672        0x0 /usr/local/lib/gcc/avr/10.0.1/../../../../avr/lib/avr5/libc.a(ungetc.o)
 .bss           0x0000000000800672        0x0 /usr/local/lib/gcc/avr/10.0.1/../../../../avr/lib/avr5/libc.a(cty_isfalse.o)
 *(.bss*)
 *(COMMON)
 COMMON         0x0000000000800672        0x4 main.o
                0x0000000000800672                user_name
                0x0000000000800674                Timer
                0x0000000000800676                PROVIDE (__bss_end = .)
                0x000000000000ad2a                __data_load_start = LOADADDR (.data)
                0x000000000000b104                __data_load_end = (__data_load_start + SIZEOF (.data))

.noinit         0x0000000000800676        0x0
                [!provide]                        PROVIDE (__noinit_start = .)
 *(.noinit*)
                [!provide]                        PROVIDE (__noinit_end = .)
                0x0000000000800676                _end = .
                0x0000000000800676                PROVIDE (__heap_start = .)

.eeprom         0x0000000000810000        0x0
 *(.eeprom*)
                0x0000000000810000                __eeprom_end = .

.fuse
 *(.fuse)
 *(.lfuse)
 *(.hfuse)
 *(.efuse)

.lock
 *(.lock*)

.signature
 *(.signature*)

.stab           0x0000000000000000     0x3738
 *(.stab)
 .stab          0x0000000000000000     0x17c4 main.o
 .stab          0x00000000000017c4     0x11e8 ili9341.o
                                       0x11f4 (size before relaxing)
 .stab          0x00000000000029ac      0x714 ili9341gfx.o
                                        0x720 (size before relaxing)
 .stab          0x00000000000030c0      0x1a4 uart.o
                                        0x1b0 (size before relaxing)
 .stab          0x0000000000003264      0x4d4 adc.o
                                        0x4e0 (size before relaxing)

.stabstr        0x0000000000000000     0x2f58
 *(.stabstr)
 .stabstr       0x0000000000000000     0x2f58 main.o

.stab.excl
 *(.stab.excl)

.stab.exclstr
 *(.stab.exclstr)

.stab.index
 *(.stab.index)

.stab.indexstr
 *(.stab.indexstr)

.comment        0x0000000000000000       0x3b
 *(.comment)
 .comment       0x0000000000000000       0x11 main.o
                                         0x12 (size before relaxing)
 .comment       0x0000000000000011       0x2a ili9341.o
                                         0x2b (size before relaxing)
 .comment       0x000000000000003b       0x2b ili9341gfx.o
 .comment       0x000000000000003b       0x2b uart.o
 .comment       0x000000000000003b       0x2b fatfs/libfat.a(diskio.o)
 .comment       0x000000000000003b       0x2b fatfs/libfat.a(mmc_avr_spi.o)
 .comment       0x000000000000003b       0x2b fatfs/libfat.a(ff.o)
 .comment       0x000000000000003b       0x2b fatfs/libfat.a(ffunicode_avr.o)
 .comment       0x000000000000003b       0x2b /usr/local/lib/gcc/avr/10.0.1/../../../../avr/lib/avr5/libprintf_flt.a(vfprintf_flt.o)
 .comment       0x000000000000003b       0x2b /usr/local/lib/gcc/avr/10.0.1/../../../../avr/lib/avr5/libc.a(strdup.o)
 .comment       0x000000000000003b       0x2b /usr/local/lib/gcc/avr/10.0.1/../../../../avr/lib/avr5/libc.a(fputc.o)
 .comment       0x000000000000003b       0x2b /usr/local/lib/gcc/avr/10.0.1/../../../../avr/lib/avr5/libc.a(fputs.o)
 .comment       0x000000000000003b       0x2b /usr/local/lib/gcc/avr/10.0.1/../../../../avr/lib/avr5/libc.a(iob.o)
 .comment       0x000000000000003b       0x2b /usr/local/lib/gcc/avr/10.0.1/../../../../avr/lib/avr5/libc.a(printf.o)
 .comment       0x000000000000003b       0x2b /usr/local/lib/gcc/avr/10.0.1/../../../../avr/lib/avr5/libc.a(sprintf.o)
 .comment       0x000000000000003b       0x2b /usr/local/lib/gcc/avr/10.0.1/../../../../avr/lib/avr5/libc.a(sscanf.o)
 .comment       0x000000000000003b       0x2b /usr/local/lib/gcc/avr/10.0.1/../../../../avr/lib/avr5/libc.a(vsnprintf.o)
 .comment       0x000000000000003b       0x2b /usr/local/lib/gcc/avr/10.0.1/../../../../avr/lib/avr5/libc.a(vfscanf_std.o)
 .comment       0x000000000000003b       0x2b /usr/local/lib/gcc/avr/10.0.1/../../../../avr/lib/avr5/libc.a(malloc.o)
 .comment       0x000000000000003b       0x2b /usr/local/lib/gcc/avr/10.0.1/../../../../avr/lib/avr5/libc.a(fgetc.o)
 .comment       0x000000000000003b       0x2b /usr/local/lib/gcc/avr/10.0.1/../../../../avr/lib/avr5/libc.a(ungetc.o)

.note.gnu.avr.deviceinfo
                0x0000000000000000       0x40
 .note.gnu.avr.deviceinfo
                0x0000000000000000       0x40 /usr/local/lib/gcc/avr/10.0.1/../../../../avr/lib/avr5/crtatmega644p.o

.note.gnu.build-id
 *(.note.gnu.build-id)

.debug
 *(.debug)

.line
 *(.line)

.debug_srcinfo
 *(.debug_srcinfo)

.debug_sfnames
 *(.debug_sfnames)

.debug_aranges  0x0000000000000000      0x360
 *(.debug_aranges)
 .debug_aranges
                0x0000000000000000       0x20 fatfs/libfat.a(diskio.o)
 .debug_aranges
                0x0000000000000020       0x20 fatfs/libfat.a(mmc_avr_spi.o)
 .debug_aranges
                0x0000000000000040       0x20 fatfs/libfat.a(ff.o)
 .debug_aranges
                0x0000000000000060       0x20 fatfs/libfat.a(ffunicode_avr.o)
 .debug_aranges
                0x0000000000000080       0x20 /usr/local/lib/gcc/avr/10.0.1/avr5/libgcc.a(_mulsi3.o)
 .debug_aranges
                0x00000000000000a0       0x20 /usr/local/lib/gcc/avr/10.0.1/avr5/libgcc.a(_udivmodhi4.o)
 .debug_aranges
                0x00000000000000c0       0x20 /usr/local/lib/gcc/avr/10.0.1/avr5/libgcc.a(_udivmodsi4.o)
 .debug_aranges
                0x00000000000000e0       0x20 /usr/local/lib/gcc/avr/10.0.1/avr5/libgcc.a(_divmodsi4.o)
 .debug_aranges
                0x0000000000000100       0x20 /usr/local/lib/gcc/avr/10.0.1/avr5/libgcc.a(_negsi2.o)
 .debug_aranges
                0x0000000000000120       0x20 /usr/local/lib/gcc/avr/10.0.1/avr5/libgcc.a(_exit.o)
 .debug_aranges
                0x0000000000000140       0x20 /usr/local/lib/gcc/avr/10.0.1/avr5/libgcc.a(_tablejump2.o)
 .debug_aranges
                0x0000000000000160       0x20 /usr/local/lib/gcc/avr/10.0.1/avr5/libgcc.a(_copy_data.o)
 .debug_aranges
                0x0000000000000180       0x20 /usr/local/lib/gcc/avr/10.0.1/avr5/libgcc.a(_clear_bss.o)
 .debug_aranges
                0x00000000000001a0       0x20 /usr/local/lib/gcc/avr/10.0.1/avr5/libgcc.a(_mulhisi3.o)
 .debug_aranges
                0x00000000000001c0       0x20 /usr/local/lib/gcc/avr/10.0.1/avr5/libgcc.a(_umulhisi3.o)
 .debug_aranges
                0x00000000000001e0       0x20 /usr/local/lib/gcc/avr/10.0.1/avr5/libgcc.a(_usmulhisi3.o)
 .debug_aranges
                0x0000000000000200       0x20 /usr/local/lib/gcc/avr/10.0.1/avr5/libgcc.a(_muluhisi3.o)
 .debug_aranges
                0x0000000000000220       0x20 /usr/local/lib/gcc/avr/10.0.1/avr5/libgcc.a(_udivdi3.o)
 .debug_aranges
                0x0000000000000240       0x20 /usr/local/lib/gcc/avr/10.0.1/avr5/libgcc.a(_udivmod64.o)
 .debug_aranges
                0x0000000000000260       0x20 /usr/local/lib/gcc/avr/10.0.1/avr5/libgcc.a(_prologue.o)
 .debug_aranges
                0x0000000000000280       0x20 /usr/local/lib/gcc/avr/10.0.1/avr5/libgcc.a(_epilogue.o)
 .debug_aranges
                0x00000000000002a0       0x20 /usr/local/lib/gcc/avr/10.0.1/avr5/libgcc.a(_ashrdi3.o)
 .debug_aranges
                0x00000000000002c0       0x20 /usr/local/lib/gcc/avr/10.0.1/avr5/libgcc.a(_adddi3.o)
 .debug_aranges
                0x00000000000002e0       0x20 /usr/local/lib/gcc/avr/10.0.1/avr5/libgcc.a(_adddi3_s8.o)
 .debug_aranges
                0x0000000000000300       0x20 /usr/local/lib/gcc/avr/10.0.1/avr5/libgcc.a(_subdi3.o)
 .debug_aranges
                0x0000000000000320       0x20 /usr/local/lib/gcc/avr/10.0.1/avr5/libgcc.a(_cmpdi2.o)
 .debug_aranges
                0x0000000000000340       0x20 /usr/local/lib/gcc/avr/10.0.1/avr5/libgcc.a(_cmpdi2_s8.o)

.debug_pubnames
 *(.debug_pubnames)

.debug_info     0x0000000000000000     0x8345
 *(.debug_info .gnu.linkonce.wi.*)
 .debug_info    0x0000000000000000      0x6cc /usr/local/lib/gcc/avr/10.0.1/../../../../avr/lib/avr5/crtatmega644p.o
 .debug_info    0x00000000000006cc      0x387 fatfs/libfat.a(diskio.o)
 .debug_info    0x0000000000000a53      0xfc3 fatfs/libfat.a(mmc_avr_spi.o)
 .debug_info    0x0000000000001a16     0x6265 fatfs/libfat.a(ff.o)
 .debug_info    0x0000000000007c7b      0x360 fatfs/libfat.a(ffunicode_avr.o)
 .debug_info    0x0000000000007fdb       0x26 /usr/local/lib/gcc/avr/10.0.1/avr5/libgcc.a(_mulsi3.o)
 .debug_info    0x0000000000008001       0x26 /usr/local/lib/gcc/avr/10.0.1/avr5/libgcc.a(_udivmodhi4.o)
 .debug_info    0x0000000000008027       0x26 /usr/local/lib/gcc/avr/10.0.1/avr5/libgcc.a(_udivmodsi4.o)
 .debug_info    0x000000000000804d       0x26 /usr/local/lib/gcc/avr/10.0.1/avr5/libgcc.a(_divmodsi4.o)
 .debug_info    0x0000000000008073       0x26 /usr/local/lib/gcc/avr/10.0.1/avr5/libgcc.a(_negsi2.o)
 .debug_info    0x0000000000008099       0x26 /usr/local/lib/gcc/avr/10.0.1/avr5/libgcc.a(_exit.o)
 .debug_info    0x00000000000080bf       0x26 /usr/local/lib/gcc/avr/10.0.1/avr5/libgcc.a(_tablejump2.o)
 .debug_info    0x00000000000080e5       0x26 /usr/local/lib/gcc/avr/10.0.1/avr5/libgcc.a(_copy_data.o)
 .debug_info    0x000000000000810b       0x26 /usr/local/lib/gcc/avr/10.0.1/avr5/libgcc.a(_clear_bss.o)
 .debug_info    0x0000000000008131       0x26 /usr/local/lib/gcc/avr/10.0.1/avr5/libgcc.a(_mulhisi3.o)
 .debug_info    0x0000000000008157       0x26 /usr/local/lib/gcc/avr/10.0.1/avr5/libgcc.a(_umulhisi3.o)
 .debug_info    0x000000000000817d       0x26 /usr/local/lib/gcc/avr/10.0.1/avr5/libgcc.a(_usmulhisi3.o)
 .debug_info    0x00000000000081a3       0x26 /usr/local/lib/gcc/avr/10.0.1/avr5/libgcc.a(_muluhisi3.o)
 .debug_info    0x00000000000081c9       0x26 /usr/local/lib/gcc/avr/10.0.1/avr5/libgcc.a(_udivdi3.o)
 .debug_info    0x00000000000081ef       0x26 /usr/local/lib/gcc/avr/10.0.1/avr5/libgcc.a(_udivmod64.o)
 .debug_info    0x0000000000008215       0x26 /usr/local/lib/gcc/avr/10.0.1/avr5/libgcc.a(_prologue.o)
 .debug_info    0x000000000000823b       0x26 /usr/local/lib/gcc/avr/10.0.1/avr5/libgcc.a(_epilogue.o)
 .debug_info    0x0000000000008261       0x26 /usr/local/lib/gcc/avr/10.0.1/avr5/libgcc.a(_ashrdi3.o)
 .debug_info    0x0000000000008287       0x26 /usr/local/lib/gcc/avr/10.0.1/avr5/libgcc.a(_adddi3.o)
 .debug_info    0x00000000000082ad       0x26 /usr/local/lib/gcc/avr/10.0.1/avr5/libgcc.a(_adddi3_s8.o)
 .debug_info    0x00000000000082d3       0x26 /usr/local/lib/gcc/avr/10.0.1/avr5/libgcc.a(_subdi3.o)
 .debug_info    0x00000000000082f9       0x26 /usr/local/lib/gcc/avr/10.0.1/avr5/libgcc.a(_cmpdi2.o)
 .debug_info    0x000000000000831f       0x26 /usr/local/lib/gcc/avr/10.0.1/avr5/libgcc.a(_cmpdi2_s8.o)

.debug_abbrev   0x0000000000000000     0x122c
 *(.debug_abbrev)
 .debug_abbrev  0x0000000000000000      0x66e /usr/local/lib/gcc/avr/10.0.1/../../../../avr/lib/avr5/crtatmega644p.o
 .debug_abbrev  0x000000000000066e      0x122 fatfs/libfat.a(diskio.o)
 .debug_abbrev  0x0000000000000790      0x367 fatfs/libfat.a(mmc_avr_spi.o)
 .debug_abbrev  0x0000000000000af7      0x433 fatfs/libfat.a(ff.o)
 .debug_abbrev  0x0000000000000f2a      0x136 fatfs/libfat.a(ffunicode_avr.o)
 .debug_abbrev  0x0000000000001060       0x14 /usr/local/lib/gcc/avr/10.0.1/avr5/libgcc.a(_mulsi3.o)
 .debug_abbrev  0x0000000000001074       0x14 /usr/local/lib/gcc/avr/10.0.1/avr5/libgcc.a(_udivmodhi4.o)
 .debug_abbrev  0x0000000000001088       0x14 /usr/local/lib/gcc/avr/10.0.1/avr5/libgcc.a(_udivmodsi4.o)
 .debug_abbrev  0x000000000000109c       0x14 /usr/local/lib/gcc/avr/10.0.1/avr5/libgcc.a(_divmodsi4.o)
 .debug_abbrev  0x00000000000010b0       0x14 /usr/local/lib/gcc/avr/10.0.1/avr5/libgcc.a(_negsi2.o)
 .debug_abbrev  0x00000000000010c4       0x14 /usr/local/lib/gcc/avr/10.0.1/avr5/libgcc.a(_exit.o)
 .debug_abbrev  0x00000000000010d8       0x14 /usr/local/lib/gcc/avr/10.0.1/avr5/libgcc.a(_tablejump2.o)
 .debug_abbrev  0x00000000000010ec       0x14 /usr/local/lib/gcc/avr/10.0.1/avr5/libgcc.a(_copy_data.o)
 .debug_abbrev  0x0000000000001100       0x14 /usr/local/lib/gcc/avr/10.0.1/avr5/libgcc.a(_clear_bss.o)
 .debug_abbrev  0x0000000000001114       0x14 /usr/local/lib/gcc/avr/10.0.1/avr5/libgcc.a(_mulhisi3.o)
 .debug_abbrev  0x0000000000001128       0x14 /usr/local/lib/gcc/avr/10.0.1/avr5/libgcc.a(_umulhisi3.o)
 .debug_abbrev  0x000000000000113c       0x14 /usr/local/lib/gcc/avr/10.0.1/avr5/libgcc.a(_usmulhisi3.o)
 .debug_abbrev  0x0000000000001150       0x14 /usr/local/lib/gcc/avr/10.0.1/avr5/libgcc.a(_muluhisi3.o)
 .debug_abbrev  0x0000000000001164       0x14 /usr/local/lib/gcc/avr/10.0.1/avr5/libgcc.a(_udivdi3.o)
 .debug_abbrev  0x0000000000001178       0x14 /usr/local/lib/gcc/avr/10.0.1/avr5/libgcc.a(_udivmod64.o)
 .debug_abbrev  0x000000000000118c       0x14 /usr/local/lib/gcc/avr/10.0.1/avr5/libgcc.a(_prologue.o)
 .debug_abbrev  0x00000000000011a0       0x14 /usr/local/lib/gcc/avr/10.0.1/avr5/libgcc.a(_epilogue.o)
 .debug_abbrev  0x00000000000011b4       0x14 /usr/local/lib/gcc/avr/10.0.1/avr5/libgcc.a(_ashrdi3.o)
 .debug_abbrev  0x00000000000011c8       0x14 /usr/local/lib/gcc/avr/10.0.1/avr5/libgcc.a(_adddi3.o)
 .debug_abbrev  0x00000000000011dc       0x14 /usr/local/lib/gcc/avr/10.0.1/avr5/libgcc.a(_adddi3_s8.o)
 .debug_abbrev  0x00000000000011f0       0x14 /usr/local/lib/gcc/avr/10.0.1/avr5/libgcc.a(_subdi3.o)
 .debug_abbrev  0x0000000000001204       0x14 /usr/local/lib/gcc/avr/10.0.1/avr5/libgcc.a(_cmpdi2.o)
 .debug_abbrev  0x0000000000001218       0x14 /usr/local/lib/gcc/avr/10.0.1/avr5/libgcc.a(_cmpdi2_s8.o)

.debug_line     0x0000000000000000     0xd498
 *(.debug_line .debug_line.* .debug_line_end)
 .debug_line    0x0000000000000000       0x1d /usr/local/lib/gcc/avr/10.0.1/../../../../avr/lib/avr5/crtatmega644p.o
 .debug_line    0x000000000000001d      0x1ea fatfs/libfat.a(diskio.o)
 .debug_line    0x0000000000000207     0x17a2 fatfs/libfat.a(mmc_avr_spi.o)
 .debug_line    0x00000000000019a9     0xa6ce fatfs/libfat.a(ff.o)
 .debug_line    0x000000000000c077      0x528 fatfs/libfat.a(ffunicode_avr.o)
 .debug_line    0x000000000000c59f       0xaf /usr/local/lib/gcc/avr/10.0.1/avr5/libgcc.a(_mulsi3.o)
 .debug_line    0x000000000000c64e       0xcd /usr/local/lib/gcc/avr/10.0.1/avr5/libgcc.a(_udivmodhi4.o)
 .debug_line    0x000000000000c71b      0x121 /usr/local/lib/gcc/avr/10.0.1/avr5/libgcc.a(_udivmodsi4.o)
 .debug_line    0x000000000000c83c       0xcd /usr/local/lib/gcc/avr/10.0.1/avr5/libgcc.a(_divmodsi4.o)
 .debug_line    0x000000000000c909       0x61 /usr/local/lib/gcc/avr/10.0.1/avr5/libgcc.a(_negsi2.o)
 .debug_line    0x000000000000c96a       0x61 /usr/local/lib/gcc/avr/10.0.1/avr5/libgcc.a(_exit.o)
 .debug_line    0x000000000000c9cb       0x79 /usr/local/lib/gcc/avr/10.0.1/avr5/libgcc.a(_tablejump2.o)
 .debug_line    0x000000000000ca44       0x97 /usr/local/lib/gcc/avr/10.0.1/avr5/libgcc.a(_copy_data.o)
 .debug_line    0x000000000000cadb       0x85 /usr/local/lib/gcc/avr/10.0.1/avr5/libgcc.a(_clear_bss.o)
 .debug_line    0x000000000000cb60       0x79 /usr/local/lib/gcc/avr/10.0.1/avr5/libgcc.a(_mulhisi3.o)
 .debug_line    0x000000000000cbd9       0xaf /usr/local/lib/gcc/avr/10.0.1/avr5/libgcc.a(_umulhisi3.o)
 .debug_line    0x000000000000cc88       0x79 /usr/local/lib/gcc/avr/10.0.1/avr5/libgcc.a(_usmulhisi3.o)
 .debug_line    0x000000000000cd01       0x91 /usr/local/lib/gcc/avr/10.0.1/avr5/libgcc.a(_muluhisi3.o)
 .debug_line    0x000000000000cd92       0xa3 /usr/local/lib/gcc/avr/10.0.1/avr5/libgcc.a(_udivdi3.o)
 .debug_line    0x000000000000ce35      0x145 /usr/local/lib/gcc/avr/10.0.1/avr5/libgcc.a(_udivmod64.o)
 .debug_line    0x000000000000cf7a       0xfd /usr/local/lib/gcc/avr/10.0.1/avr5/libgcc.a(_prologue.o)
 .debug_line    0x000000000000d077       0xf7 /usr/local/lib/gcc/avr/10.0.1/avr5/libgcc.a(_epilogue.o)
 .debug_line    0x000000000000d16e      0x103 /usr/local/lib/gcc/avr/10.0.1/avr5/libgcc.a(_ashrdi3.o)
 .debug_line    0x000000000000d271       0x67 /usr/local/lib/gcc/avr/10.0.1/avr5/libgcc.a(_adddi3.o)
 .debug_line    0x000000000000d2d8       0x79 /usr/local/lib/gcc/avr/10.0.1/avr5/libgcc.a(_adddi3_s8.o)
 .debug_line    0x000000000000d351       0x67 /usr/local/lib/gcc/avr/10.0.1/avr5/libgcc.a(_subdi3.o)
 .debug_line    0x000000000000d3b8       0x67 /usr/local/lib/gcc/avr/10.0.1/avr5/libgcc.a(_cmpdi2.o)
 .debug_line    0x000000000000d41f       0x79 /usr/local/lib/gcc/avr/10.0.1/avr5/libgcc.a(_cmpdi2_s8.o)

.debug_frame    0x0000000000000000      0xc70
 *(.debug_frame)
 .debug_frame   0x0000000000000000       0x8c fatfs/libfat.a(diskio.o)
 .debug_frame   0x000000000000008c      0x294 fatfs/libfat.a(mmc_avr_spi.o)
 .debug_frame   0x0000000000000320      0x904 fatfs/libfat.a(ff.o)
 .debug_frame   0x0000000000000c24       0x4c fatfs/libfat.a(ffunicode_avr.o)

.debug_str      0x0000000000000000      0xc9f
 *(.debug_str)
 .debug_str     0x0000000000000000      0x252 /usr/local/lib/gcc/avr/10.0.1/../../../../avr/lib/avr5/crtatmega644p.o
 .debug_str     0x0000000000000252      0x1b3 fatfs/libfat.a(diskio.o)
                                        0x23c (size before relaxing)
 .debug_str     0x0000000000000405      0x156 fatfs/libfat.a(mmc_avr_spi.o)
                                        0x347 (size before relaxing)
 .debug_str     0x000000000000055b      0x6ac fatfs/libfat.a(ff.o)
                                        0x8c9 (size before relaxing)
 .debug_str     0x0000000000000c07       0x2c fatfs/libfat.a(ffunicode_avr.o)
                                        0x17f (size before relaxing)
 .debug_str     0x0000000000000c33       0x6c /usr/local/lib/gcc/avr/10.0.1/avr5/libgcc.a(_mulsi3.o)
 .debug_str     0x0000000000000c9f       0x6c /usr/local/lib/gcc/avr/10.0.1/avr5/libgcc.a(_udivmodhi4.o)
 .debug_str     0x0000000000000c9f       0x6c /usr/local/lib/gcc/avr/10.0.1/avr5/libgcc.a(_udivmodsi4.o)
 .debug_str     0x0000000000000c9f       0x6c /usr/local/lib/gcc/avr/10.0.1/avr5/libgcc.a(_divmodsi4.o)
 .debug_str     0x0000000000000c9f       0x6c /usr/local/lib/gcc/avr/10.0.1/avr5/libgcc.a(_negsi2.o)
 .debug_str     0x0000000000000c9f       0x6c /usr/local/lib/gcc/avr/10.0.1/avr5/libgcc.a(_exit.o)
 .debug_str     0x0000000000000c9f       0x6c /usr/local/lib/gcc/avr/10.0.1/avr5/libgcc.a(_tablejump2.o)
 .debug_str     0x0000000000000c9f       0x6c /usr/local/lib/gcc/avr/10.0.1/avr5/libgcc.a(_copy_data.o)
 .debug_str     0x0000000000000c9f       0x6c /usr/local/lib/gcc/avr/10.0.1/avr5/libgcc.a(_clear_bss.o)
 .debug_str     0x0000000000000c9f       0x6c /usr/local/lib/gcc/avr/10.0.1/avr5/libgcc.a(_mulhisi3.o)
 .debug_str     0x0000000000000c9f       0x6c /usr/local/lib/gcc/avr/10.0.1/avr5/libgcc.a(_umulhisi3.o)
 .debug_str     0x0000000000000c9f       0x6c /usr/local/lib/gcc/avr/10.0.1/avr5/libgcc.a(_usmulhisi3.o)
 .debug_str     0x0000000000000c9f       0x6c /usr/local/lib/gcc/avr/10.0.1/avr5/libgcc.a(_muluhisi3.o)
 .debug_str     0x0000000000000c9f       0x6c /usr/local/lib/gcc/avr/10.0.1/avr5/libgcc.a(_udivdi3.o)
 .debug_str     0x0000000000000c9f       0x6c /usr/local/lib/gcc/avr/10.0.1/avr5/libgcc.a(_udivmod64.o)
 .debug_str     0x0000000000000c9f       0x6c /usr/local/lib/gcc/avr/10.0.1/avr5/libgcc.a(_prologue.o)
 .debug_str     0x0000000000000c9f       0x6c /usr/local/lib/gcc/avr/10.0.1/avr5/libgcc.a(_epilogue.o)
 .debug_str     0x0000000000000c9f       0x6c /usr/local/lib/gcc/avr/10.0.1/avr5/libgcc.a(_ashrdi3.o)
 .debug_str     0x0000000000000c9f       0x6c /usr/local/lib/gcc/avr/10.0.1/avr5/libgcc.a(_adddi3.o)
 .debug_str     0x0000000000000c9f       0x6c /usr/local/lib/gcc/avr/10.0.1/avr5/libgcc.a(_adddi3_s8.o)
 .debug_str     0x0000000000000c9f       0x6c /usr/local/lib/gcc/avr/10.0.1/avr5/libgcc.a(_subdi3.o)
 .debug_str     0x0000000000000c9f       0x6c /usr/local/lib/gcc/avr/10.0.1/avr5/libgcc.a(_cmpdi2.o)
 .debug_str     0x0000000000000c9f       0x6c /usr/local/lib/gcc/avr/10.0.1/avr5/libgcc.a(_cmpdi2_s8.o)

.debug_loc      0x0000000000000000     0xbf94
 *(.debug_loc)
 .debug_loc     0x0000000000000000      0x3ce fatfs/libfat.a(diskio.o)
 .debug_loc     0x00000000000003ce     0x1313 fatfs/libfat.a(mmc_avr_spi.o)
 .debug_loc     0x00000000000016e1     0xa398 fatfs/libfat.a(ff.o)
 .debug_loc     0x000000000000ba79      0x51b fatfs/libfat.a(ffunicode_avr.o)

.debug_macinfo
 *(.debug_macinfo)

.debug_weaknames
 *(.debug_weaknames)

.debug_funcnames
 *(.debug_funcnames)

.debug_typenames
 *(.debug_typenames)

.debug_varnames
 *(.debug_varnames)

.debug_pubtypes
 *(.debug_pubtypes)

.debug_ranges   0x0000000000000000      0x348
 *(.debug_ranges)
 .debug_ranges  0x0000000000000000       0x18 fatfs/libfat.a(mmc_avr_spi.o)
 .debug_ranges  0x0000000000000018      0x330 fatfs/libfat.a(ff.o)

.debug_macro
 *(.debug_macro)

.debug_addr
 *(.debug_addr)
OUTPUT(main.elf elf32-avr)
LOAD linker stubs

Cross Reference Table

Symbol                                            File
ADC_init                                          adc.o
                                                  main.o
Jahr                                              main.o
KA                                                main.o
KW                                                main.o
LCD_H                                             ili9341.o
                                                  ili9341gfx.o
LCD_W                                             ili9341.o
                                                  ili9341gfx.o
Timer                                             main.o
YEAR                                              main.o
__adddi3                                          /usr/local/lib/gcc/avr/10.0.1/avr5/libgcc.a(_adddi3.o)
                                                  fatfs/libfat.a(ff.o)
__adddi3_s8                                       /usr/local/lib/gcc/avr/10.0.1/avr5/libgcc.a(_adddi3_s8.o)
                                                  fatfs/libfat.a(ff.o)
__ashrdi3                                         /usr/local/lib/gcc/avr/10.0.1/avr5/libgcc.a(_ashrdi3.o)
__bad_interrupt                                   /usr/local/lib/gcc/avr/10.0.1/../../../../avr/lib/avr5/crtatmega644p.o
__brkval                                          /usr/local/lib/gcc/avr/10.0.1/../../../../avr/lib/avr5/libc.a(malloc.o)
__bss_end                                         /usr/local/lib/gcc/avr/10.0.1/avr5/libgcc.a(_clear_bss.o)
__bss_start                                       /usr/local/lib/gcc/avr/10.0.1/avr5/libgcc.a(_clear_bss.o)
__cmpdi2                                          /usr/local/lib/gcc/avr/10.0.1/avr5/libgcc.a(_cmpdi2.o)
                                                  fatfs/libfat.a(ff.o)
__cmpdi2_s8                                       /usr/local/lib/gcc/avr/10.0.1/avr5/libgcc.a(_cmpdi2_s8.o)
                                                  fatfs/libfat.a(ff.o)
__ctype_isfalse                                   /usr/local/lib/gcc/avr/10.0.1/../../../../avr/lib/avr5/libc.a(cty_isfalse.o)
                                                  /usr/local/lib/gcc/avr/10.0.1/../../../../avr/lib/avr5/libc.a(isspace.o)
__ctype_istrue                                    /usr/local/lib/gcc/avr/10.0.1/../../../../avr/lib/avr5/libc.a(cty_isfalse.o)
__data_end                                        /usr/local/lib/gcc/avr/10.0.1/avr5/libgcc.a(_copy_data.o)
__data_load_start                                 /usr/local/lib/gcc/avr/10.0.1/avr5/libgcc.a(_copy_data.o)
__data_start                                      /usr/local/lib/gcc/avr/10.0.1/avr5/libgcc.a(_copy_data.o)
__divmodsi4                                       /usr/local/lib/gcc/avr/10.0.1/avr5/libgcc.a(_divmodsi4.o)
                                                  main.o
__do_clear_bss                                    /usr/local/lib/gcc/avr/10.0.1/avr5/libgcc.a(_clear_bss.o)
                                                  /usr/local/lib/gcc/avr/10.0.1/../../../../avr/lib/avr5/libc.a(malloc.o)
                                                  /usr/local/lib/gcc/avr/10.0.1/../../../../avr/lib/avr5/libc.a(iob.o)
                                                  fatfs/libfat.a(ff.o)
                                                  fatfs/libfat.a(mmc_avr_spi.o)
                                                  ili9341gfx.o
                                                  main.o
__do_copy_data                                    /usr/local/lib/gcc/avr/10.0.1/avr5/libgcc.a(_copy_data.o)
                                                  /usr/local/lib/gcc/avr/10.0.1/../../../../avr/lib/avr5/libc.a(malloc.o)
                                                  fatfs/libfat.a(ff.o)
                                                  fatfs/libfat.a(mmc_avr_spi.o)
                                                  ili9341.o
                                                  main.o
__epilogue_restores__                             /usr/local/lib/gcc/avr/10.0.1/avr5/libgcc.a(_epilogue.o)
                                                  /usr/local/lib/gcc/avr/10.0.1/../../../../avr/lib/avr5/libc.a(vfscanf_std.o)
                                                  /usr/local/lib/gcc/avr/10.0.1/../../../../avr/lib/avr5/libc.a(vsnprintf.o)
                                                  /usr/local/lib/gcc/avr/10.0.1/../../../../avr/lib/avr5/libc.a(sscanf.o)
                                                  /usr/local/lib/gcc/avr/10.0.1/../../../../avr/lib/avr5/libc.a(sprintf.o)
                                                  /usr/local/lib/gcc/avr/10.0.1/../../../../avr/lib/avr5/libc.a(printf.o)
                                                  /usr/local/lib/gcc/avr/10.0.1/../../../../avr/lib/avr5/libc.a(fputs.o)
                                                  /usr/local/lib/gcc/avr/10.0.1/../../../../avr/lib/avr5/libprintf_flt.a(vfprintf_flt.o)
                                                  fatfs/libfat.a(ffunicode_avr.o)
                                                  fatfs/libfat.a(ff.o)
                                                  fatfs/libfat.a(mmc_avr_spi.o)
__flp                                             /usr/local/lib/gcc/avr/10.0.1/../../../../avr/lib/avr5/libc.a(malloc.o)
__ftoa_engine                                     /usr/local/lib/gcc/avr/10.0.1/../../../../avr/lib/avr5/libc.a(ftoa_engine.o)
                                                  /usr/local/lib/gcc/avr/10.0.1/../../../../avr/lib/avr5/libprintf_flt.a(vfprintf_flt.o)
__heap_end                                        /usr/local/lib/gcc/avr/10.0.1/../../../../avr/lib/avr5/crtatmega644p.o
                                                  /usr/local/lib/gcc/avr/10.0.1/../../../../avr/lib/avr5/libc.a(malloc.o)
__heap_start                                      /usr/local/lib/gcc/avr/10.0.1/../../../../avr/lib/avr5/libc.a(malloc.o)
__init                                            /usr/local/lib/gcc/avr/10.0.1/../../../../avr/lib/avr5/crtatmega644p.o
__iob                                             /usr/local/lib/gcc/avr/10.0.1/../../../../avr/lib/avr5/libc.a(iob.o)
                                                  /usr/local/lib/gcc/avr/10.0.1/../../../../avr/lib/avr5/libc.a(printf.o)
                                                  main.o
__lshrdi3                                         /usr/local/lib/gcc/avr/10.0.1/avr5/libgcc.a(_ashrdi3.o)
                                                  fatfs/libfat.a(ff.o)
__malloc_heap_end                                 /usr/local/lib/gcc/avr/10.0.1/../../../../avr/lib/avr5/libc.a(malloc.o)
__malloc_heap_start                               /usr/local/lib/gcc/avr/10.0.1/../../../../avr/lib/avr5/libc.a(malloc.o)
__malloc_margin                                   /usr/local/lib/gcc/avr/10.0.1/../../../../avr/lib/avr5/libc.a(malloc.o)
__mulhi_const_10                                  /usr/local/lib/gcc/avr/10.0.1/../../../../avr/lib/avr5/libc.a(mul10.o)
                                                  /usr/local/lib/gcc/avr/10.0.1/../../../../avr/lib/avr5/libc.a(atoi.o)
__mulhisi3                                        /usr/local/lib/gcc/avr/10.0.1/avr5/libgcc.a(_mulhisi3.o)
                                                  main.o
__mulsi3                                          /usr/local/lib/gcc/avr/10.0.1/avr5/libgcc.a(_mulsi3.o)
                                                  main.o
__muluhisi3                                       /usr/local/lib/gcc/avr/10.0.1/avr5/libgcc.a(_muluhisi3.o)
                                                  /usr/local/lib/gcc/avr/10.0.1/avr5/libgcc.a(_mulsi3.o)
                                                  fatfs/libfat.a(ff.o)
__negsi2                                          /usr/local/lib/gcc/avr/10.0.1/avr5/libgcc.a(_negsi2.o)
                                                  /usr/local/lib/gcc/avr/10.0.1/avr5/libgcc.a(_divmodsi4.o)
__prologue_saves__                                /usr/local/lib/gcc/avr/10.0.1/avr5/libgcc.a(_prologue.o)
                                                  /usr/local/lib/gcc/avr/10.0.1/../../../../avr/lib/avr5/libc.a(vfscanf_std.o)
                                                  /usr/local/lib/gcc/avr/10.0.1/../../../../avr/lib/avr5/libc.a(vsnprintf.o)
                                                  /usr/local/lib/gcc/avr/10.0.1/../../../../avr/lib/avr5/libc.a(sscanf.o)
                                                  /usr/local/lib/gcc/avr/10.0.1/../../../../avr/lib/avr5/libc.a(sprintf.o)
                                                  /usr/local/lib/gcc/avr/10.0.1/../../../../avr/lib/avr5/libc.a(printf.o)
                                                  /usr/local/lib/gcc/avr/10.0.1/../../../../avr/lib/avr5/libprintf_flt.a(vfprintf_flt.o)
                                                  fatfs/libfat.a(ffunicode_avr.o)
                                                  fatfs/libfat.a(ff.o)
                                                  fatfs/libfat.a(mmc_avr_spi.o)
__stack                                           /usr/local/lib/gcc/avr/10.0.1/../../../../avr/lib/avr5/crtatmega644p.o
__subdi3                                          /usr/local/lib/gcc/avr/10.0.1/avr5/libgcc.a(_subdi3.o)
                                                  fatfs/libfat.a(ff.o)
__tablejump2__                                    /usr/local/lib/gcc/avr/10.0.1/avr5/libgcc.a(_tablejump2.o)
                                                  fatfs/libfat.a(ffunicode_avr.o)
                                                  fatfs/libfat.a(mmc_avr_spi.o)
__udivdi3                                         /usr/local/lib/gcc/avr/10.0.1/avr5/libgcc.a(_udivdi3.o)
                                                  fatfs/libfat.a(ff.o)
__udivdi3_umoddi3                                 /usr/local/lib/gcc/avr/10.0.1/avr5/libgcc.a(_udivdi3.o)
__udivmod64                                       /usr/local/lib/gcc/avr/10.0.1/avr5/libgcc.a(_udivmod64.o)
                                                  /usr/local/lib/gcc/avr/10.0.1/avr5/libgcc.a(_udivdi3.o)
__udivmodhi4                                      /usr/local/lib/gcc/avr/10.0.1/avr5/libgcc.a(_udivmodhi4.o)
                                                  fatfs/libfat.a(ff.o)
                                                  main.o
__udivmodsi4                                      /usr/local/lib/gcc/avr/10.0.1/avr5/libgcc.a(_udivmodsi4.o)
                                                  /usr/local/lib/gcc/avr/10.0.1/avr5/libgcc.a(_divmodsi4.o)
                                                  fatfs/libfat.a(ff.o)
__ultoa_invert                                    /usr/local/lib/gcc/avr/10.0.1/../../../../avr/lib/avr5/libc.a(ultoa_invert.o)
                                                  /usr/local/lib/gcc/avr/10.0.1/../../../../avr/lib/avr5/libprintf_flt.a(vfprintf_flt.o)
__umoddi3                                         /usr/local/lib/gcc/avr/10.0.1/avr5/libgcc.a(_udivdi3.o)
__umulhisi3                                       /usr/local/lib/gcc/avr/10.0.1/avr5/libgcc.a(_umulhisi3.o)
                                                  /usr/local/lib/gcc/avr/10.0.1/avr5/libgcc.a(_muluhisi3.o)
                                                  /usr/local/lib/gcc/avr/10.0.1/avr5/libgcc.a(_usmulhisi3.o)
                                                  /usr/local/lib/gcc/avr/10.0.1/avr5/libgcc.a(_mulhisi3.o)
                                                  main.o
__usmulhisi3                                      /usr/local/lib/gcc/avr/10.0.1/avr5/libgcc.a(_usmulhisi3.o)
__usmulhisi3_tail                                 /usr/local/lib/gcc/avr/10.0.1/avr5/libgcc.a(_usmulhisi3.o)
                                                  /usr/local/lib/gcc/avr/10.0.1/avr5/libgcc.a(_mulhisi3.o)
__vector_1                                        /usr/local/lib/gcc/avr/10.0.1/../../../../avr/lib/avr5/crtatmega644p.o
__vector_10                                       /usr/local/lib/gcc/avr/10.0.1/../../../../avr/lib/avr5/crtatmega644p.o
__vector_11                                       /usr/local/lib/gcc/avr/10.0.1/../../../../avr/lib/avr5/crtatmega644p.o
__vector_12                                       /usr/local/lib/gcc/avr/10.0.1/../../../../avr/lib/avr5/crtatmega644p.o
__vector_13                                       /usr/local/lib/gcc/avr/10.0.1/../../../../avr/lib/avr5/crtatmega644p.o
__vector_14                                       /usr/local/lib/gcc/avr/10.0.1/../../../../avr/lib/avr5/crtatmega644p.o
__vector_15                                       /usr/local/lib/gcc/avr/10.0.1/../../../../avr/lib/avr5/crtatmega644p.o
__vector_16                                       main.o
                                                  /usr/local/lib/gcc/avr/10.0.1/../../../../avr/lib/avr5/crtatmega644p.o
__vector_17                                       /usr/local/lib/gcc/avr/10.0.1/../../../../avr/lib/avr5/crtatmega644p.o
__vector_18                                       /usr/local/lib/gcc/avr/10.0.1/../../../../avr/lib/avr5/crtatmega644p.o
__vector_19                                       /usr/local/lib/gcc/avr/10.0.1/../../../../avr/lib/avr5/crtatmega644p.o
__vector_2                                        /usr/local/lib/gcc/avr/10.0.1/../../../../avr/lib/avr5/crtatmega644p.o
__vector_20                                       uart.o
                                                  /usr/local/lib/gcc/avr/10.0.1/../../../../avr/lib/avr5/crtatmega644p.o
__vector_21                                       /usr/local/lib/gcc/avr/10.0.1/../../../../avr/lib/avr5/crtatmega644p.o
__vector_22                                       /usr/local/lib/gcc/avr/10.0.1/../../../../avr/lib/avr5/crtatmega644p.o
__vector_23                                       /usr/local/lib/gcc/avr/10.0.1/../../../../avr/lib/avr5/crtatmega644p.o
__vector_24                                       /usr/local/lib/gcc/avr/10.0.1/../../../../avr/lib/avr5/crtatmega644p.o
__vector_25                                       /usr/local/lib/gcc/avr/10.0.1/../../../../avr/lib/avr5/crtatmega644p.o