Archive member included to satisfy reference by file (symbol)

fatfs/libfat.a(diskio.o)      main.o (disk_timerproc)
fatfs/libfat.a(mmc_avr_spi.o)
                              fatfs/libfat.a(diskio.o) (mmc_disk_initialize)
fatfs/libfat.a(ff.o)          main.o (f_mount)
fatfs/libfat.a(ffunicode_avr.o)
                              fatfs/libfat.a(ff.o) (ff_uni2oem)
/usr/lib/gcc/avr/5.4.0/../../../avr/lib/avr5/libprintf_flt.a(vfprintf_flt.o)
                              (vfprintf)
/usr/lib/gcc/avr/5.4.0/avr5/libgcc.a(_mulsi3.o)
                              main.o (__mulsi3)
/usr/lib/gcc/avr/5.4.0/avr5/libgcc.a(_udivmodhi4.o)
                              main.o (__udivmodhi4)
/usr/lib/gcc/avr/5.4.0/avr5/libgcc.a(_udivmodsi4.o)
                              fatfs/libfat.a(ff.o) (__udivmodsi4)
/usr/lib/gcc/avr/5.4.0/avr5/libgcc.a(_divmodsi4.o)
                              main.o (__divmodsi4)
/usr/lib/gcc/avr/5.4.0/avr5/libgcc.a(_negsi2.o)
                              /usr/lib/gcc/avr/5.4.0/avr5/libgcc.a(_divmodsi4.o) (__negsi2)
/usr/lib/gcc/avr/5.4.0/avr5/libgcc.a(_exit.o)
                              /usr/lib/gcc/avr/5.4.0/../../../avr/lib/avr5/crtatmega644p.o (exit)
/usr/lib/gcc/avr/5.4.0/avr5/libgcc.a(_tablejump2.o)
                              fatfs/libfat.a(ffunicode_avr.o) (__tablejump2__)
/usr/lib/gcc/avr/5.4.0/avr5/libgcc.a(_copy_data.o)
                              main.o (__do_copy_data)
/usr/lib/gcc/avr/5.4.0/avr5/libgcc.a(_clear_bss.o)
                              main.o (__do_clear_bss)
/usr/lib/gcc/avr/5.4.0/avr5/libgcc.a(_mulhisi3.o)
                              main.o (__mulhisi3)
/usr/lib/gcc/avr/5.4.0/avr5/libgcc.a(_umulhisi3.o)
                              main.o (__umulhisi3)
/usr/lib/gcc/avr/5.4.0/avr5/libgcc.a(_usmulhisi3.o)
                              /usr/lib/gcc/avr/5.4.0/avr5/libgcc.a(_mulhisi3.o) (__usmulhisi3_tail)
/usr/lib/gcc/avr/5.4.0/avr5/libgcc.a(_muluhisi3.o)
                              fatfs/libfat.a(ff.o) (__muluhisi3)
/usr/lib/gcc/avr/5.4.0/avr5/libgcc.a(_udivdi3.o)
                              fatfs/libfat.a(ff.o) (__udivdi3)
/usr/lib/gcc/avr/5.4.0/avr5/libgcc.a(_udivmod64.o)
                              /usr/lib/gcc/avr/5.4.0/avr5/libgcc.a(_udivdi3.o) (__udivmod64)
/usr/lib/gcc/avr/5.4.0/avr5/libgcc.a(_prologue.o)
                              fatfs/libfat.a(mmc_avr_spi.o) (__prologue_saves__)
/usr/lib/gcc/avr/5.4.0/avr5/libgcc.a(_epilogue.o)
                              fatfs/libfat.a(mmc_avr_spi.o) (__epilogue_restores__)
/usr/lib/gcc/avr/5.4.0/avr5/libgcc.a(_ashrdi3.o)
                              fatfs/libfat.a(ff.o) (__lshrdi3)
/usr/lib/gcc/avr/5.4.0/avr5/libgcc.a(_adddi3.o)
                              fatfs/libfat.a(ff.o) (__adddi3)
/usr/lib/gcc/avr/5.4.0/avr5/libgcc.a(_adddi3_s8.o)
                              fatfs/libfat.a(ff.o) (__adddi3_s8)
/usr/lib/gcc/avr/5.4.0/avr5/libgcc.a(_subdi3.o)
                              fatfs/libfat.a(ff.o) (__subdi3)
/usr/lib/gcc/avr/5.4.0/avr5/libgcc.a(_cmpdi2.o)
                              fatfs/libfat.a(ff.o) (__cmpdi2)
/usr/lib/gcc/avr/5.4.0/avr5/libgcc.a(_cmpdi2_s8.o)
                              fatfs/libfat.a(ff.o) (__cmpdi2_s8)
/usr/lib/gcc/avr/5.4.0/../../../avr/lib/avr5/libc.a(atoi.o)
                              main.o (atoi)
/usr/lib/gcc/avr/5.4.0/../../../avr/lib/avr5/libc.a(ftoa_engine.o)
                              /usr/lib/gcc/avr/5.4.0/../../../avr/lib/avr5/libprintf_flt.a(vfprintf_flt.o) (__ftoa_engine)
/usr/lib/gcc/avr/5.4.0/../../../avr/lib/avr5/libc.a(strnlen_P.o)
                              /usr/lib/gcc/avr/5.4.0/../../../avr/lib/avr5/libprintf_flt.a(vfprintf_flt.o) (strnlen_P)
/usr/lib/gcc/avr/5.4.0/../../../avr/lib/avr5/libc.a(strdup.o)
                              main.o (strdup)
/usr/lib/gcc/avr/5.4.0/../../../avr/lib/avr5/libc.a(strcmp.o)
                              main.o (strcmp)
/usr/lib/gcc/avr/5.4.0/../../../avr/lib/avr5/libc.a(strcpy.o)
                              /usr/lib/gcc/avr/5.4.0/../../../avr/lib/avr5/libc.a(strdup.o) (strcpy)
/usr/lib/gcc/avr/5.4.0/../../../avr/lib/avr5/libc.a(strnlen.o)
                              /usr/lib/gcc/avr/5.4.0/../../../avr/lib/avr5/libprintf_flt.a(vfprintf_flt.o) (strnlen)
/usr/lib/gcc/avr/5.4.0/../../../avr/lib/avr5/libc.a(mul10.o)
                              /usr/lib/gcc/avr/5.4.0/../../../avr/lib/avr5/libc.a(atoi.o) (__mulhi_const_10)
/usr/lib/gcc/avr/5.4.0/../../../avr/lib/avr5/libc.a(fputc.o)
                              /usr/lib/gcc/avr/5.4.0/../../../avr/lib/avr5/libprintf_flt.a(vfprintf_flt.o) (fputc)
/usr/lib/gcc/avr/5.4.0/../../../avr/lib/avr5/libc.a(fputs.o)
                              main.o (fputs)
/usr/lib/gcc/avr/5.4.0/../../../avr/lib/avr5/libc.a(iob.o)
                              main.o (__iob)
/usr/lib/gcc/avr/5.4.0/../../../avr/lib/avr5/libc.a(printf.o)
                              main.o (printf)
/usr/lib/gcc/avr/5.4.0/../../../avr/lib/avr5/libc.a(sprintf.o)
[...]
Memory Configuration

Name             Origin             Length             Attributes
text             0x0000000000000000 0x0000000000020000 xr
data             0x0000000000800060 0x000000000000ffa0 rw !x
eeprom           0x0000000000810000 0x0000000000010000 rw !x
fuse             0x0000000000820000 0x0000000000000003 rw !x
lock             0x0000000000830000 0x0000000000000400 rw !x
signature        0x0000000000840000 0x0000000000000400 rw !x
user_signatures  0x0000000000850000 0x0000000000000400 rw !x
*default*        0x0000000000000000 0xffffffffffffffff

Linker script and memory map

Address of section .data set to 0x800100
LOAD /usr/lib/gcc/avr/5.4.0/../../../avr/lib/avr5/crtatmega644p.o
LOAD main.o
LOAD ili9341.o
LOAD ili9341gfx.o
LOAD uart.o
LOAD adc.o
LOAD fatfs/libfat.a
LOAD /usr/lib/gcc/avr/5.4.0/../../../avr/lib/avr5/libprintf_flt.a
LOAD /usr/lib/gcc/avr/5.4.0/../../../avr/lib/avr5/libm.a
START GROUP
LOAD /usr/lib/gcc/avr/5.4.0/avr5/libgcc.a
LOAD /usr/lib/gcc/avr/5.4.0/../../../avr/lib/avr5/libm.a
LOAD /usr/lib/gcc/avr/5.4.0/../../../avr/lib/avr5/libc.a
LOAD /usr/lib/gcc/avr/5.4.0/../../../avr/lib/avr5/libatmega644p.a
END GROUP
                0x0000000000020000                __TEXT_REGION_LENGTH__ = DEFINED (__TEXT_REGION_LENGTH__)?__TEXT_REGION_LENGTH__:0x20000
                0x000000000000ffa0                __DATA_REGION_LENGTH__ = DEFINED (__DATA_REGION_LENGTH__)?__DATA_REGION_LENGTH__:0xffa0
                0x0000000000010000                __EEPROM_REGION_LENGTH__ = DEFINED (__EEPROM_REGION_LENGTH__)?__EEPROM_REGION_LENGTH__:0x10000
                [0x0000000000000003]                __FUSE_REGION_LENGTH__ = DEFINED (__FUSE_REGION_LENGTH__)?__FUSE_REGION_LENGTH__:0x400
                0x0000000000000400                __LOCK_REGION_LENGTH__ = DEFINED (__LOCK_REGION_LENGTH__)?__LOCK_REGION_LENGTH__:0x400
                0x0000000000000400                __SIGNATURE_REGION_LENGTH__ = DEFINED (__SIGNATURE_REGION_LENGTH__)?__SIGNATURE_REGION_LENGTH__:0x400
                0x0000000000000400                __USER_SIGNATURE_REGION_LENGTH__ = DEFINED (__USER_SIGNATURE_REGION_LENGTH__)?__USER_SIGNATURE_REGION_LENGTH__:0x400

.hash
 *(.hash)

.dynsym
 *(.dynsym)

.dynstr
 *(.dynstr)

.gnu.version
 *(.gnu.version)

.gnu.version_d
 *(.gnu.version_d)

.gnu.version_r
 *(.gnu.version_r)

.rel.init
 *(.rel.init)

.rela.init
 *(.rela.init)

.rel.text
 *(.rel.text)
 *(.rel.text.*)
 *(.rel.gnu.linkonce.t*)

.rela.text
 *(.rela.text)
 *(.rela.text.*)
 *(.rela.gnu.linkonce.t*)

.rel.fini
 *(.rel.fini)

.rela.fini
 *(.rela.fini)

.rel.rodata
 *(.rel.rodata)
 *(.rel.rodata.*)
 *(.rel.gnu.linkonce.r*)

.rela.rodata
 *(.rela.rodata)
 *(.rela.rodata.*)
 *(.rela.gnu.linkonce.r*)

.rel.data
 *(.rel.data)
 *(.rel.data.*)
 *(.rel.gnu.linkonce.d*)

.rela.data
 *(.rela.data)
 *(.rela.data.*)
 *(.rela.gnu.linkonce.d*)

.rel.ctors
 *(.rel.ctors)

.rela.ctors
 *(.rela.ctors)

.rel.dtors
 *(.rel.dtors)

.rela.dtors
 *(.rela.dtors)

.rel.got
 *(.rel.got)

.rela.got
 *(.rela.got)

.rel.bss
 *(.rel.bss)

.rela.bss
 *(.rela.bss)

.rel.plt
 *(.rel.plt)

.rela.plt
 *(.rela.plt)

.text           0x0000000000000000     0xafea
 *(.vectors)
 .vectors       0x0000000000000000       0x7c /usr/lib/gcc/avr/5.4.0/../../../avr/lib/avr5/crtatmega644p.o
                0x0000000000000000                __vectors
                0x0000000000000000                __vector_default
 *(.vectors)
 *(.progmem.gcc*)
                0x000000000000007c                . = ALIGN (0x2)
                0x000000000000007c                __trampolines_start = .
 *(.trampolines)
 .trampolines   0x000000000000007c        0x0 linker stubs
 *(.trampolines*)
                0x000000000000007c                __trampolines_end = .
 *libprintf_flt.a:*(.progmem.data)
 .progmem.data  0x000000000000007c        0x8 /usr/lib/gcc/avr/5.4.0/../../../avr/lib/avr5/libprintf_flt.a(vfprintf_flt.o)
 *libc.a:*(.progmem.data)
 .progmem.data  0x0000000000000084       0xfa /usr/lib/gcc/avr/5.4.0/../../../avr/lib/avr5/libc.a(ftoa_engine.o)
 .progmem.data  0x000000000000017e        0xc /usr/lib/gcc/avr/5.4.0/../../../avr/lib/avr5/libc.a(vfscanf_std.o)
 *(.progmem*)
 .progmem.data  0x000000000000018a      0x30b main.o
 .progmem.data  0x0000000000000495      0x4fb ili9341gfx.o
 .progmem.data  0x0000000000000990      0x3ae fatfs/libfat.a(ffunicode_avr.o)
                0x0000000000000d3e                . = ALIGN (0x2)
 *(.jumptables)
 *(.jumptables*)
 .jumptables.gcc.ff_wtoupper
                0x0000000000000d3e       0x12 fatfs/libfat.a(ffunicode_avr.o)
 *(.lowtext)
 *(.lowtext*)
                0x0000000000000d50                __ctors_start = .
 *(.ctors)
                0x0000000000000d50                __ctors_end = .
                0x0000000000000d50                __dtors_start = .
 *(.dtors)
                0x0000000000000d50                __dtors_end = .
 SORT(*)(.ctors)
 SORT(*)(.dtors)
 *(.init0)
 .init0         0x0000000000000d50        0x0 /usr/lib/gcc/avr/5.4.0/../../../avr/lib/avr5/crtatmega644p.o
                0x0000000000000d50                __init
 *(.init0)
 *(.init1)
 *(.init1)
 *(.init2)
 .init2         0x0000000000000d50        0xc /usr/lib/gcc/avr/5.4.0/../../../avr/lib/avr5/crtatmega644p.o
 *(.init2)
 *(.init3)
 *(.init3)
 *(.init4)
 .init4         0x0000000000000d5c       0x16 /usr/lib/gcc/avr/5.4.0/avr5/libgcc.a(_copy_data.o)
                0x0000000000000d5c                __do_copy_data
 .init4         0x0000000000000d72       0x10 /usr/lib/gcc/avr/5.4.0/avr5/libgcc.a(_clear_bss.o)
                0x0000000000000d72                __do_clear_bss
 *(.init4)
 *(.init5)
 *(.init5)
 *(.init6)
 *(.init6)
 *(.init7)
 *(.init7)
 *(.init8)
 *(.init8)
 *(.init9)
 .init9         0x0000000000000d82        0x8 /usr/lib/gcc/avr/5.4.0/../../../avr/lib/avr5/crtatmega644p.o
 *(.init9)
 *(.text)
 .text          0x0000000000000d8a        0x4 /usr/lib/gcc/avr/5.4.0/../../../avr/lib/avr5/crtatmega644p.o
                0x0000000000000d8a                __vector_22
                0x0000000000000d8a                __vector_28
                0x0000000000000d8a                __vector_1
                0x0000000000000d8a                __vector_24
                0x0000000000000d8a                __vector_12
                0x0000000000000d8a                __bad_interrupt
                0x0000000000000d8a                __vector_6
                0x0000000000000d8a                __vector_3
                0x0000000000000d8a                __vector_23
                0x0000000000000d8a                __vector_30
                0x0000000000000d8a                __vector_25
                0x0000000000000d8a                __vector_11
                0x0000000000000d8a                __vector_13
                0x0000000000000d8a                __vector_17
                0x0000000000000d8a                __vector_19
                0x0000000000000d8a                __vector_7
                0x0000000000000d8a                __vector_27
                0x0000000000000d8a                __vector_5
                0x0000000000000d8a                __vector_4
                0x0000000000000d8a                __vector_9
                0x0000000000000d8a                __vector_2
                0x0000000000000d8a                __vector_21
                0x0000000000000d8a                __vector_15
                0x0000000000000d8a                __vector_29
                0x0000000000000d8a                __vector_8
                0x0000000000000d8a                __vector_26
                0x0000000000000d8a                __vector_14
                0x0000000000000d8a                __vector_10
                0x0000000000000d8a                __vector_18
 .text          0x0000000000000d8e      0xb38 main.o
                0x0000000000000d8e                messInit
                0x0000000000000da2                setLast_readVolt
                0x0000000000000f86                print_at_lcd
                0x000000000000100e                draw_box
                0x000000000000116a                draw_button
                0x000000000000121e                draw_msg
                0x000000000000132c                map
                0x00000000000013ae                draw_progress
                0x0000000000001470                draw_back
                0x00000000000014a4                __vector_16
                0x00000000000014fe                read_ini
                0x0000000000001752                write_res
 .text          0x00000000000018c6      0x7d0 ili9341.o
                0x00000000000018c6                ili9341_hard_init
                0x00000000000018d4                ili9341_spi_init
                0x00000000000018ea                ili9341_spi_send
                0x00000000000018f4                ili9341_writecommand8
                0x0000000000001902                ili9341_writedata8
                0x000000000000190e                ili9341_setaddress
                0x000000000000197a                ili9341_hard_reset
                0x00000000000019b8                ili9341_init
                0x0000000000001bd6                ili9341_pushcolour
                0x0000000000001be8                ili9341_clear
                0x0000000000001c62                ili9341_drawpixel
                0x0000000000001cac                ili9341_drawvline
                0x0000000000001d26                ili9341_drawhline
                0x0000000000001da0                ili9341_fillrect
                0x0000000000001e60                ili9341_setRotation
                0x0000000000001eb8                ili9341_drawFastVLine
                0x0000000000001ec4                ili9341_drawFastHLine
                0x0000000000001ed0                ili9341_drawRect
                0x0000000000001f38                ili9341_fillRect
                0x0000000000001f8c                ili9341_drawXBitmap
 .text          0x0000000000002096      0x2d6 ili9341gfx.o
                0x0000000000002096                backuplocationvset
                0x00000000000020b8                backuplocationvactual
                0x00000000000020da                backuplocationiset
                0x00000000000020fc                backuplocationiactual
                0x000000000000211e                ili9341_drawchar
                0x00000000000022a6                ili9341_setcursor
                0x00000000000022b8                ili9341_settextcolour
                0x00000000000022ca                ili9341_settextsize
                0x00000000000022da                ili9341_write
                0x0000000000002362                ili9341_putchar_printf
 .text          0x000000000000236c       0x42 uart.o
                0x000000000000236c                uart_init
                0x0000000000002384                uart_putc
                0x00000000000023a2                uart_putchar_printf
                0x00000000000023ac                __vector_20
 .text          0x00000000000023ae       0x54 adc.o
                0x00000000000023ae                ADC_init
                0x00000000000023ce                read_ADC
 .text          0x0000000000002402       0x7c fatfs/libfat.a(diskio.o)
                0x0000000000002402                disk_status
                0x0000000000002410                disk_initialize
                0x000000000000241e                disk_read
                0x0000000000002440                disk_write
                0x0000000000002462                disk_ioctl
                0x0000000000002478                disk_timerproc
 .text          0x000000000000247e      0xdbe fatfs/libfat.a(mmc_avr_spi.o)
                0x0000000000002776                mmc_disk_initialize
                0x0000000000002a50                mmc_disk_status
                0x0000000000002a56                mmc_disk_read
                0x0000000000002bb4                mmc_disk_write
                0x0000000000002d52                mmc_disk_ioctl
                0x000000000000320c                mmc_disk_timerproc
 .text          0x000000000000323c     0x6120 fatfs/libfat.a(ff.o)
                0x0000000000006358                f_mount
                0x00000000000063ce                f_open
                0x000000000000726c                f_read
                0x00000000000075d4                f_write
                0x0000000000007b34                f_sync
                0x0000000000007dba                f_close
                0x0000000000007df4                f_chdrive
                0x0000000000007e26                f_chdir
                0x0000000000007f5e                f_getcwd
                0x000000000000855a                f_getlabel
                0x0000000000008724                f_setlabel
                0x0000000000008a5c                f_expand
                0x0000000000008e84                f_gets
                0x0000000000008ef4                f_putc
                0x0000000000008f36                f_puts
                0x0000000000008f7e                f_printf
 .text          0x000000000000935c      0x16e fatfs/libfat.a(ffunicode_avr.o)
                0x000000000000935c                ff_uni2oem
                0x00000000000093b0                ff_oem2uni
                0x00000000000093de                ff_wtoupper
 .text          0x00000000000094ca        0x0 /usr/lib/gcc/avr/5.4.0/../../../avr/lib/avr5/libprintf_flt.a(vfprintf_flt.o)
 .text          0x00000000000094ca        0x0 /usr/lib/gcc/avr/5.4.0/avr5/libgcc.a(_mulsi3.o)
 .text          0x00000000000094ca        0x0 /usr/lib/gcc/avr/5.4.0/avr5/libgcc.a(_udivmodhi4.o)
 .text          0x00000000000094ca        0x0 /usr/lib/gcc/avr/5.4.0/avr5/libgcc.a(_udivmodsi4.o)
 .text          0x00000000000094ca        0x0 /usr/lib/gcc/avr/5.4.0/avr5/libgcc.a(_divmodsi4.o)
 .text          0x00000000000094ca        0x0 /usr/lib/gcc/avr/5.4.0/avr5/libgcc.a(_negsi2.o)
 .text          0x00000000000094ca        0x0 /usr/lib/gcc/avr/5.4.0/avr5/libgcc.a(_exit.o)
 .text          0x00000000000094ca        0x0 /usr/lib/gcc/avr/5.4.0/avr5/libgcc.a(_tablejump2.o)
 .text          0x00000000000094ca        0x0 /usr/lib/gcc/avr/5.4.0/avr5/libgcc.a(_copy_data.o)
 .text          0x00000000000094ca        0x0 /usr/lib/gcc/avr/5.4.0/avr5/libgcc.a(_clear_bss.o)
 .text          0x00000000000094ca        0x0 /usr/lib/gcc/avr/5.4.0/avr5/libgcc.a(_mulhisi3.o)
 .text          0x00000000000094ca        0x0 /usr/lib/gcc/avr/5.4.0/avr5/libgcc.a(_umulhisi3.o)
 .text          0x00000000000094ca        0x0 /usr/lib/gcc/avr/5.4.0/avr5/libgcc.a(_usmulhisi3.o)
 .text          0x00000000000094ca        0x0 /usr/lib/gcc/avr/5.4.0/avr5/libgcc.a(_muluhisi3.o)
 .text          0x00000000000094ca        0x0 /usr/lib/gcc/avr/5.4.0/avr5/libgcc.a(_udivdi3.o)
 .text          0x00000000000094ca        0x0 /usr/lib/gcc/avr/5.4.0/avr5/libgcc.a(_udivmod64.o)
 .text          0x00000000000094ca        0x0 /usr/lib/gcc/avr/5.4.0/avr5/libgcc.a(_prologue.o)
 .text          0x00000000000094ca        0x0 /usr/lib/gcc/avr/5.4.0/avr5/libgcc.a(_epilogue.o)
 .text          0x00000000000094ca        0x0 /usr/lib/gcc/avr/5.4.0/avr5/libgcc.a(_ashrdi3.o)
 .text          0x00000000000094ca        0x0 /usr/lib/gcc/avr/5.4.0/avr5/libgcc.a(_adddi3.o)
 .text          0x00000000000094ca        0x0 /usr/lib/gcc/avr/5.4.0/avr5/libgcc.a(_adddi3_s8.o)
 .text          0x00000000000094ca        0x0 /usr/lib/gcc/avr/5.4.0/avr5/libgcc.a(_subdi3.o)
 .text          0x00000000000094ca        0x0 /usr/lib/gcc/avr/5.4.0/avr5/libgcc.a(_cmpdi2.o)
 .text          0x00000000000094ca        0x0 /usr/lib/gcc/avr/5.4.0/avr5/libgcc.a(_cmpdi2_s8.o)
 .text          0x00000000000094ca        0x0 /usr/lib/gcc/avr/5.4.0/../../../avr/lib/avr5/libc.a(atoi.o)
 .text          0x00000000000094ca        0x0 /usr/lib/gcc/avr/5.4.0/../../../avr/lib/avr5/libc.a(ftoa_engine.o)
 .text          0x00000000000094ca        0x0 /usr/lib/gcc/avr/5.4.0/../../../avr/lib/avr5/libc.a(strnlen_P.o)
 .text          0x00000000000094ca        0x0 /usr/lib/gcc/avr/5.4.0/../../../avr/lib/avr5/libc.a(strdup.o)
 .text          0x00000000000094ca        0x0 /usr/lib/gcc/avr/5.4.0/../../../avr/lib/avr5/libc.a(strcmp.o)
 .text          0x00000000000094ca        0x0 /usr/lib/gcc/avr/5.4.0/../../../avr/lib/avr5/libc.a(strcpy.o)
 .text          0x00000000000094ca        0x0 /usr/lib/gcc/avr/5.4.0/../../../avr/lib/avr5/libc.a(strnlen.o)
 .text          0x00000000000094ca        0x0 /usr/lib/gcc/avr/5.4.0/../../../avr/lib/avr5/libc.a(mul10.o)
 .text          0x00000000000094ca        0x0 /usr/lib/gcc/avr/5.4.0/../../../avr/lib/avr5/libc.a(fputc.o)
 .text          0x00000000000094ca        0x0 /usr/lib/gcc/avr/5.4.0/../../../avr/lib/avr5/libc.a(fputs.o)
 .text          0x00000000000094ca        0x0 /usr/lib/gcc/avr/5.4.0/../../../avr/lib/avr5/libc.a(iob.o)
 .text          0x00000000000094ca        0x0 /usr/lib/gcc/avr/5.4.0/../../../avr/lib/avr5/libc.a(printf.o)
 .text          0x00000000000094ca        0x0 /usr/lib/gcc/avr/5.4.0/../../../avr/lib/avr5/libc.a(sprintf.o)
 .text          0x00000000000094ca        0x0 /usr/lib/gcc/avr/5.4.0/../../../avr/lib/avr5/libc.a(sscanf.o)
 .text          0x00000000000094ca        0x0 /usr/lib/gcc/avr/5.4.0/../../../avr/lib/avr5/libc.a(vsnprintf.o)
 .text          0x00000000000094ca        0x0 /usr/lib/gcc/avr/5.4.0/../../../avr/lib/avr5/libc.a(ultoa_invert.o)
 .text          0x00000000000094ca        0x0 /usr/lib/gcc/avr/5.4.0/../../../avr/lib/avr5/libc.a(vfscanf_std.o)
 .text          0x00000000000094ca        0x0 /usr/lib/gcc/avr/5.4.0/../../../avr/lib/avr5/libc.a(malloc.o)
 .text          0x00000000000094ca        0x0 /usr/lib/gcc/avr/5.4.0/../../../avr/lib/avr5/libc.a(isspace.o)
 .text          0x00000000000094ca        0x0 /usr/lib/gcc/avr/5.4.0/../../../avr/lib/avr5/libc.a(strchr_P.o)
 .text          0x00000000000094ca        0x0 /usr/lib/gcc/avr/5.4.0/../../../avr/lib/avr5/libc.a(fgetc.o)
 .text          0x00000000000094ca        0x0 /usr/lib/gcc/avr/5.4.0/../../../avr/lib/avr5/libc.a(ungetc.o)
 .text          0x00000000000094ca        0x0 /usr/lib/gcc/avr/5.4.0/../../../avr/lib/avr5/libc.a(cty_isfalse.o)
                0x00000000000094ca                . = ALIGN (0x2)
 *(.text.*)
 .text.startup  0x00000000000094ca      0x3b6 main.o
                0x00000000000094ca                main
 .text.avr-libc
                0x0000000000009880      0x6fa /usr/lib/gcc/avr/5.4.0/../../../avr/lib/avr5/libprintf_flt.a(vfprintf_flt.o)
                0x0000000000009880                vfprintf
 .text.libgcc.mul
                0x0000000000009f7a       0x20 /usr/lib/gcc/avr/5.4.0/avr5/libgcc.a(_mulsi3.o)
                0x0000000000009f7a                __mulsi3
 .text.libgcc.div
                0x0000000000009f9a        0x0 /usr/lib/gcc/avr/5.4.0/avr5/libgcc.a(_mulsi3.o)
 .text.libgcc   0x0000000000009f9a        0x0 /usr/lib/gcc/avr/5.4.0/avr5/libgcc.a(_mulsi3.o)
 .text.libgcc.prologue
                0x0000000000009f9a        0x0 /usr/lib/gcc/avr/5.4.0/avr5/libgcc.a(_mulsi3.o)
 .text.libgcc.builtins
                0x0000000000009f9a        0x0 /usr/lib/gcc/avr/5.4.0/avr5/libgcc.a(_mulsi3.o)
 .text.libgcc.fmul
                0x0000000000009f9a        0x0 /usr/lib/gcc/avr/5.4.0/avr5/libgcc.a(_mulsi3.o)
 .text.libgcc.fixed
                0x0000000000009f9a        0x0 /usr/lib/gcc/avr/5.4.0/avr5/libgcc.a(_mulsi3.o)
 .text.libgcc.mul
                0x0000000000009f9a        0x0 /usr/lib/gcc/avr/5.4.0/avr5/libgcc.a(_udivmodhi4.o)
 .text.libgcc.div
                0x0000000000009f9a       0x28 /usr/lib/gcc/avr/5.4.0/avr5/libgcc.a(_udivmodhi4.o)
                0x0000000000009f9a                __udivmodhi4
 .text.libgcc   0x0000000000009fc2        0x0 /usr/lib/gcc/avr/5.4.0/avr5/libgcc.a(_udivmodhi4.o)
 .text.libgcc.prologue
                0x0000000000009fc2        0x0 /usr/lib/gcc/avr/5.4.0/avr5/libgcc.a(_udivmodhi4.o)
 .text.libgcc.builtins
                0x0000000000009fc2        0x0 /usr/lib/gcc/avr/5.4.0/avr5/libgcc.a(_udivmodhi4.o)
 .text.libgcc.fmul
                0x0000000000009fc2        0x0 /usr/lib/gcc/avr/5.4.0/avr5/libgcc.a(_udivmodhi4.o)
 .text.libgcc.fixed
                0x0000000000009fc2        0x0 /usr/lib/gcc/avr/5.4.0/avr5/libgcc.a(_udivmodhi4.o)
 .text.libgcc.mul
                0x0000000000009fc2        0x0 /usr/lib/gcc/avr/5.4.0/avr5/libgcc.a(_udivmodsi4.o)
 .text.libgcc.div
                0x0000000000009fc2       0x44 /usr/lib/gcc/avr/5.4.0/avr5/libgcc.a(_udivmodsi4.o)
                0x0000000000009fc2                __udivmodsi4
 .text.libgcc   0x000000000000a006        0x0 /usr/lib/gcc/avr/5.4.0/avr5/libgcc.a(_udivmodsi4.o)
 .text.libgcc.prologue
                0x000000000000a006        0x0 /usr/lib/gcc/avr/5.4.0/avr5/libgcc.a(_udivmodsi4.o)
 .text.libgcc.builtins
                0x000000000000a006        0x0 /usr/lib/gcc/avr/5.4.0/avr5/libgcc.a(_udivmodsi4.o)
 .text.libgcc.fmul
                0x000000000000a006        0x0 /usr/lib/gcc/avr/5.4.0/avr5/libgcc.a(_udivmodsi4.o)
 .text.libgcc.fixed
                0x000000000000a006        0x0 /usr/lib/gcc/avr/5.4.0/avr5/libgcc.a(_udivmodsi4.o)
 .text.libgcc.mul
                0x000000000000a006        0x0 /usr/lib/gcc/avr/5.4.0/avr5/libgcc.a(_divmodsi4.o)
 .text.libgcc.div
                0x000000000000a006       0x2e /usr/lib/gcc/avr/5.4.0/avr5/libgcc.a(_divmodsi4.o)
                0x000000000000a006                __divmodsi4
 .text.libgcc   0x000000000000a034        0x0 /usr/lib/gcc/avr/5.4.0/avr5/libgcc.a(_divmodsi4.o)
 .text.libgcc.prologue
                0x000000000000a034        0x0 /usr/lib/gcc/avr/5.4.0/avr5/libgcc.a(_divmodsi4.o)
 .text.libgcc.builtins
                0x000000000000a034        0x0 /usr/lib/gcc/avr/5.4.0/avr5/libgcc.a(_divmodsi4.o)
 .text.libgcc.fmul
                0x000000000000a034        0x0 /usr/lib/gcc/avr/5.4.0/avr5/libgcc.a(_divmodsi4.o)
 .text.libgcc.fixed
                0x000000000000a034        0x0 /usr/lib/gcc/avr/5.4.0/avr5/libgcc.a(_divmodsi4.o)
 .text.libgcc.mul
                0x000000000000a034        0x0 /usr/lib/gcc/avr/5.4.0/avr5/libgcc.a(_negsi2.o)
 .text.libgcc.div
                0x000000000000a034       0x10 /usr/lib/gcc/avr/5.4.0/avr5/libgcc.a(_negsi2.o)
                0x000000000000a034                __negsi2
 .text.libgcc   0x000000000000a044        0x0 /usr/lib/gcc/avr/5.4.0/avr5/libgcc.a(_negsi2.o)
 .text.libgcc.prologue
                0x000000000000a044        0x0 /usr/lib/gcc/avr/5.4.0/avr5/libgcc.a(_negsi2.o)
 .text.libgcc.builtins
                0x000000000000a044        0x0 /usr/lib/gcc/avr/5.4.0/avr5/libgcc.a(_negsi2.o)
 .text.libgcc.fmul
                0x000000000000a044        0x0 /usr/lib/gcc/avr/5.4.0/avr5/libgcc.a(_negsi2.o)
 .text.libgcc.fixed
                0x000000000000a044        0x0 /usr/lib/gcc/avr/5.4.0/avr5/libgcc.a(_negsi2.o)
 .text.libgcc.mul
                0x000000000000a044        0x0 /usr/lib/gcc/avr/5.4.0/avr5/libgcc.a(_exit.o)
 .text.libgcc.div
                0x000000000000a044        0x0 /usr/lib/gcc/avr/5.4.0/avr5/libgcc.a(_exit.o)
 .text.libgcc   0x000000000000a044        0x0 /usr/lib/gcc/avr/5.4.0/avr5/libgcc.a(_exit.o)
 .text.libgcc.prologue
                0x000000000000a044        0x0 /usr/lib/gcc/avr/5.4.0/avr5/libgcc.a(_exit.o)
 .text.libgcc.builtins
                0x000000000000a044        0x0 /usr/lib/gcc/avr/5.4.0/avr5/libgcc.a(_exit.o)
 .text.libgcc.fmul
                0x000000000000a044        0x0 /usr/lib/gcc/avr/5.4.0/avr5/libgcc.a(_exit.o)
 .text.libgcc.fixed
                0x000000000000a044        0x0 /usr/lib/gcc/avr/5.4.0/avr5/libgcc.a(_exit.o)
 .text.libgcc.mul
                0x000000000000a044        0x0 /usr/lib/gcc/avr/5.4.0/avr5/libgcc.a(_tablejump2.o)
 .text.libgcc.div
                0x000000000000a044        0x0 /usr/lib/gcc/avr/5.4.0/avr5/libgcc.a(_tablejump2.o)
 .text.libgcc   0x000000000000a044        0xc /usr/lib/gcc/avr/5.4.0/avr5/libgcc.a(_tablejump2.o)
                0x000000000000a044                __tablejump2__
 .text.libgcc.prologue
                0x000000000000a050        0x0 /usr/lib/gcc/avr/5.4.0/avr5/libgcc.a(_tablejump2.o)
 .text.libgcc.builtins
                0x000000000000a050        0x0 /usr/lib/gcc/avr/5.4.0/avr5/libgcc.a(_tablejump2.o)
 .text.libgcc.fmul
                0x000000000000a050        0x0 /usr/lib/gcc/avr/5.4.0/avr5/libgcc.a(_tablejump2.o)
 .text.libgcc.fixed
                0x000000000000a050        0x0 /usr/lib/gcc/avr/5.4.0/avr5/libgcc.a(_tablejump2.o)
 .text.libgcc.mul
                0x000000000000a050        0x0 /usr/lib/gcc/avr/5.4.0/avr5/libgcc.a(_copy_data.o)
 .text.libgcc.div
                0x000000000000a050        0x0 /usr/lib/gcc/avr/5.4.0/avr5/libgcc.a(_copy_data.o)
 .text.libgcc   0x000000000000a050        0x0 /usr/lib/gcc/avr/5.4.0/avr5/libgcc.a(_copy_data.o)
 .text.libgcc.prologue
                0x000000000000a050        0x0 /usr/lib/gcc/avr/5.4.0/avr5/libgcc.a(_copy_data.o)
 .text.libgcc.builtins
                0x000000000000a050        0x0 /usr/lib/gcc/avr/5.4.0/avr5/libgcc.a(_copy_data.o)
 .text.libgcc.fmul
                0x000000000000a050        0x0 /usr/lib/gcc/avr/5.4.0/avr5/libgcc.a(_copy_data.o)
 .text.libgcc.fixed
                0x000000000000a050        0x0 /usr/lib/gcc/avr/5.4.0/avr5/libgcc.a(_copy_data.o)
 .text.libgcc.mul
                0x000000000000a050        0x0 /usr/lib/gcc/avr/5.4.0/avr5/libgcc.a(_clear_bss.o)
 .text.libgcc.div
                0x000000000000a050        0x0 /usr/lib/gcc/avr/5.4.0/avr5/libgcc.a(_clear_bss.o)
 .text.libgcc   0x000000000000a050        0x0 /usr/lib/gcc/avr/5.4.0/avr5/libgcc.a(_clear_bss.o)
 .text.libgcc.prologue
                0x000000000000a050        0x0 /usr/lib/gcc/avr/5.4.0/avr5/libgcc.a(_clear_bss.o)
 .text.libgcc.builtins
                0x000000000000a050        0x0 /usr/lib/gcc/avr/5.4.0/avr5/libgcc.a(_clear_bss.o)
 .text.libgcc.fmul
                0x000000000000a050        0x0 /usr/lib/gcc/avr/5.4.0/avr5/libgcc.a(_clear_bss.o)
 .text.libgcc.fixed
                0x000000000000a050        0x0 /usr/lib/gcc/avr/5.4.0/avr5/libgcc.a(_clear_bss.o)
 .text.libgcc.mul
                0x000000000000a050       0x10 /usr/lib/gcc/avr/5.4.0/avr5/libgcc.a(_mulhisi3.o)
                0x000000000000a050                __mulhisi3
 .text.libgcc.div
                0x000000000000a060        0x0 /usr/lib/gcc/avr/5.4.0/avr5/libgcc.a(_mulhisi3.o)
 .text.libgcc   0x000000000000a060        0x0 /usr/lib/gcc/avr/5.4.0/avr5/libgcc.a(_mulhisi3.o)
 .text.libgcc.prologue
                0x000000000000a060        0x0 /usr/lib/gcc/avr/5.4.0/avr5/libgcc.a(_mulhisi3.o)
 .text.libgcc.builtins
                0x000000000000a060        0x0 /usr/lib/gcc/avr/5.4.0/avr5/libgcc.a(_mulhisi3.o)
 .text.libgcc.fmul
                0x000000000000a060        0x0 /usr/lib/gcc/avr/5.4.0/avr5/libgcc.a(_mulhisi3.o)
 .text.libgcc.fixed
                0x000000000000a060        0x0 /usr/lib/gcc/avr/5.4.0/avr5/libgcc.a(_mulhisi3.o)
 .text.libgcc.mul
                0x000000000000a060       0x1e /usr/lib/gcc/avr/5.4.0/avr5/libgcc.a(_umulhisi3.o)
                0x000000000000a060                __umulhisi3
 .text.libgcc.div
                0x000000000000a07e        0x0 /usr/lib/gcc/avr/5.4.0/avr5/libgcc.a(_umulhisi3.o)
 .text.libgcc   0x000000000000a07e        0x0 /usr/lib/gcc/avr/5.4.0/avr5/libgcc.a(_umulhisi3.o)
 .text.libgcc.prologue
                0x000000000000a07e        0x0 /usr/lib/gcc/avr/5.4.0/avr5/libgcc.a(_umulhisi3.o)
 .text.libgcc.builtins
                0x000000000000a07e        0x0 /usr/lib/gcc/avr/5.4.0/avr5/libgcc.a(_umulhisi3.o)
 .text.libgcc.fmul
                0x000000000000a07e        0x0 /usr/lib/gcc/avr/5.4.0/avr5/libgcc.a(_umulhisi3.o)
 .text.libgcc.fixed
                0x000000000000a07e        0x0 /usr/lib/gcc/avr/5.4.0/avr5/libgcc.a(_umulhisi3.o)
 .text.libgcc.mul
                0x000000000000a07e        0xe /usr/lib/gcc/avr/5.4.0/avr5/libgcc.a(_usmulhisi3.o)
                0x000000000000a07e                __usmulhisi3
                0x000000000000a082                __usmulhisi3_tail
 .text.libgcc.div
                0x000000000000a08c        0x0 /usr/lib/gcc/avr/5.4.0/avr5/libgcc.a(_usmulhisi3.o)
 .text.libgcc   0x000000000000a08c        0x0 /usr/lib/gcc/avr/5.4.0/avr5/libgcc.a(_usmulhisi3.o)
 .text.libgcc.prologue
                0x000000000000a08c        0x0 /usr/lib/gcc/avr/5.4.0/avr5/libgcc.a(_usmulhisi3.o)
 .text.libgcc.builtins
                0x000000000000a08c        0x0 /usr/lib/gcc/avr/5.4.0/avr5/libgcc.a(_usmulhisi3.o)
 .text.libgcc.fmul
                0x000000000000a08c        0x0 /usr/lib/gcc/avr/5.4.0/avr5/libgcc.a(_usmulhisi3.o)
 .text.libgcc.fixed
                0x000000000000a08c        0x0 /usr/lib/gcc/avr/5.4.0/avr5/libgcc.a(_usmulhisi3.o)
 .text.libgcc.mul
                0x000000000000a08c       0x16 /usr/lib/gcc/avr/5.4.0/avr5/libgcc.a(_muluhisi3.o)
                0x000000000000a08c                __muluhisi3
 .text.libgcc.div
                0x000000000000a0a2        0x0 /usr/lib/gcc/avr/5.4.0/avr5/libgcc.a(_muluhisi3.o)
 .text.libgcc   0x000000000000a0a2        0x0 /usr/lib/gcc/avr/5.4.0/avr5/libgcc.a(_muluhisi3.o)
 .text.libgcc.prologue
                0x000000000000a0a2        0x0 /usr/lib/gcc/avr/5.4.0/avr5/libgcc.a(_muluhisi3.o)
 .text.libgcc.builtins
                0x000000000000a0a2        0x0 /usr/lib/gcc/avr/5.4.0/avr5/libgcc.a(_muluhisi3.o)
 .text.libgcc.fmul
                0x000000000000a0a2        0x0 /usr/lib/gcc/avr/5.4.0/avr5/libgcc.a(_muluhisi3.o)
 .text.libgcc.fixed
                0x000000000000a0a2        0x0 /usr/lib/gcc/avr/5.4.0/avr5/libgcc.a(_muluhisi3.o)
 .text.libgcc.mul
                0x000000000000a0a2        0x0 /usr/lib/gcc/avr/5.4.0/avr5/libgcc.a(_udivdi3.o)
 .text.libgcc.div
                0x000000000000a0a2       0x1c /usr/lib/gcc/avr/5.4.0/avr5/libgcc.a(_udivdi3.o)
                0x000000000000a0a2                __umoddi3
                0x000000000000a0a6                __udivdi3
                0x000000000000a0a8                __udivdi3_umoddi3
 .text.libgcc   0x000000000000a0be        0x0 /usr/lib/gcc/avr/5.4.0/avr5/libgcc.a(_udivdi3.o)
 .text.libgcc.prologue
                0x000000000000a0be        0x0 /usr/lib/gcc/avr/5.4.0/avr5/libgcc.a(_udivdi3.o)
 .text.libgcc.builtins
                0x000000000000a0be        0x0 /usr/lib/gcc/avr/5.4.0/avr5/libgcc.a(_udivdi3.o)
 .text.libgcc.fmul
                0x000000000000a0be        0x0 /usr/lib/gcc/avr/5.4.0/avr5/libgcc.a(_udivdi3.o)
 .text.libgcc.fixed
                0x000000000000a0be        0x0 /usr/lib/gcc/avr/5.4.0/avr5/libgcc.a(_udivdi3.o)
 .text.libgcc.mul
                0x000000000000a0be        0x0 /usr/lib/gcc/avr/5.4.0/avr5/libgcc.a(_udivmod64.o)
 .text.libgcc.div
                0x000000000000a0be       0xa2 /usr/lib/gcc/avr/5.4.0/avr5/libgcc.a(_udivmod64.o)
                0x000000000000a0be                __udivmod64
 .text.libgcc   0x000000000000a160        0x0 /usr/lib/gcc/avr/5.4.0/avr5/libgcc.a(_udivmod64.o)
 .text.libgcc.prologue
                0x000000000000a160        0x0 /usr/lib/gcc/avr/5.4.0/avr5/libgcc.a(_udivmod64.o)
 .text.libgcc.builtins
                0x000000000000a160        0x0 /usr/lib/gcc/avr/5.4.0/avr5/libgcc.a(_udivmod64.o)
 .text.libgcc.fmul
                0x000000000000a160        0x0 /usr/lib/gcc/avr/5.4.0/avr5/libgcc.a(_udivmod64.o)
 .text.libgcc.fixed
                0x000000000000a160        0x0 /usr/lib/gcc/avr/5.4.0/avr5/libgcc.a(_udivmod64.o)
 .text.libgcc.mul
                0x000000000000a160        0x0 /usr/lib/gcc/avr/5.4.0/avr5/libgcc.a(_prologue.o)
 .text.libgcc.div
                0x000000000000a160        0x0 /usr/lib/gcc/avr/5.4.0/avr5/libgcc.a(_prologue.o)
 .text.libgcc   0x000000000000a160        0x0 /usr/lib/gcc/avr/5.4.0/avr5/libgcc.a(_prologue.o)
 .text.libgcc.prologue
                0x000000000000a160       0x38 /usr/lib/gcc/avr/5.4.0/avr5/libgcc.a(_prologue.o)
                0x000000000000a160                __prologue_saves__
 .text.libgcc.builtins
                0x000000000000a198        0x0 /usr/lib/gcc/avr/5.4.0/avr5/libgcc.a(_prologue.o)
 .text.libgcc.fmul
                0x000000000000a198        0x0 /usr/lib/gcc/avr/5.4.0/avr5/libgcc.a(_prologue.o)
 .text.libgcc.fixed
                0x000000000000a198        0x0 /usr/lib/gcc/avr/5.4.0/avr5/libgcc.a(_prologue.o)
 .text.libgcc.mul
                0x000000000000a198        0x0 /usr/lib/gcc/avr/5.4.0/avr5/libgcc.a(_epilogue.o)
 .text.libgcc.div
                0x000000000000a198        0x0 /usr/lib/gcc/avr/5.4.0/avr5/libgcc.a(_epilogue.o)
 .text.libgcc   0x000000000000a198        0x0 /usr/lib/gcc/avr/5.4.0/avr5/libgcc.a(_epilogue.o)
 .text.libgcc.prologue
                0x000000000000a198       0x36 /usr/lib/gcc/avr/5.4.0/avr5/libgcc.a(_epilogue.o)
                0x000000000000a198                __epilogue_restores__
 .text.libgcc.builtins
                0x000000000000a1ce        0x0 /usr/lib/gcc/avr/5.4.0/avr5/libgcc.a(_epilogue.o)
 .text.libgcc.fmul
                0x000000000000a1ce        0x0 /usr/lib/gcc/avr/5.4.0/avr5/libgcc.a(_epilogue.o)
 .text.libgcc.fixed
                0x000000000000a1ce        0x0 /usr/lib/gcc/avr/5.4.0/avr5/libgcc.a(_epilogue.o)
 .text.libgcc.mul
                0x000000000000a1ce        0x0 /usr/lib/gcc/avr/5.4.0/avr5/libgcc.a(_ashrdi3.o)
 .text.libgcc.div
                0x000000000000a1ce        0x0 /usr/lib/gcc/avr/5.4.0/avr5/libgcc.a(_ashrdi3.o)
 .text.libgcc   0x000000000000a1ce        0x0 /usr/lib/gcc/avr/5.4.0/avr5/libgcc.a(_ashrdi3.o)
 .text.libgcc.prologue
                0x000000000000a1ce        0x0 /usr/lib/gcc/avr/5.4.0/avr5/libgcc.a(_ashrdi3.o)
 .text.libgcc.builtins
                0x000000000000a1ce       0x3c /usr/lib/gcc/avr/5.4.0/avr5/libgcc.a(_ashrdi3.o)
                0x000000000000a1ce                __ashrdi3
                0x000000000000a1d2                __lshrdi3
 .text.libgcc.fmul
                0x000000000000a20a        0x0 /usr/lib/gcc/avr/5.4.0/avr5/libgcc.a(_ashrdi3.o)
 .text.libgcc.fixed
                0x000000000000a20a        0x0 /usr/lib/gcc/avr/5.4.0/avr5/libgcc.a(_ashrdi3.o)
 .text.libgcc.mul
                0x000000000000a20a        0x0 /usr/lib/gcc/avr/5.4.0/avr5/libgcc.a(_adddi3.o)
 .text.libgcc.div
                0x000000000000a20a        0x0 /usr/lib/gcc/avr/5.4.0/avr5/libgcc.a(_adddi3.o)
 .text.libgcc   0x000000000000a20a       0x12 /usr/lib/gcc/avr/5.4.0/avr5/libgcc.a(_adddi3.o)
                0x000000000000a20a                __adddi3
 .text.libgcc.prologue
                0x000000000000a21c        0x0 /usr/lib/gcc/avr/5.4.0/avr5/libgcc.a(_adddi3.o)
 .text.libgcc.builtins
                0x000000000000a21c        0x0 /usr/lib/gcc/avr/5.4.0/avr5/libgcc.a(_adddi3.o)
 .text.libgcc.fmul
                0x000000000000a21c        0x0 /usr/lib/gcc/avr/5.4.0/avr5/libgcc.a(_adddi3.o)
 .text.libgcc.fixed
                0x000000000000a21c        0x0 /usr/lib/gcc/avr/5.4.0/avr5/libgcc.a(_adddi3.o)
 .text.libgcc.mul
                0x000000000000a21c        0x0 /usr/lib/gcc/avr/5.4.0/avr5/libgcc.a(_adddi3_s8.o)
 .text.libgcc.div
                0x000000000000a21c        0x0 /usr/lib/gcc/avr/5.4.0/avr5/libgcc.a(_adddi3_s8.o)
 .text.libgcc   0x000000000000a21c       0x18 /usr/lib/gcc/avr/5.4.0/avr5/libgcc.a(_adddi3_s8.o)
                0x000000000000a21c                __adddi3_s8
 .text.libgcc.prologue
                0x000000000000a234        0x0 /usr/lib/gcc/avr/5.4.0/avr5/libgcc.a(_adddi3_s8.o)
 .text.libgcc.builtins
                0x000000000000a234        0x0 /usr/lib/gcc/avr/5.4.0/avr5/libgcc.a(_adddi3_s8.o)
 .text.libgcc.fmul
                0x000000000000a234        0x0 /usr/lib/gcc/avr/5.4.0/avr5/libgcc.a(_adddi3_s8.o)
 .text.libgcc.fixed
                0x000000000000a234        0x0 /usr/lib/gcc/avr/5.4.0/avr5/libgcc.a(_adddi3_s8.o)
 .text.libgcc.mul
                0x000000000000a234        0x0 /usr/lib/gcc/avr/5.4.0/avr5/libgcc.a(_subdi3.o)
 .text.libgcc.div
                0x000000000000a234        0x0 /usr/lib/gcc/avr/5.4.0/avr5/libgcc.a(_subdi3.o)
 .text.libgcc   0x000000000000a234       0x12 /usr/lib/gcc/avr/5.4.0/avr5/libgcc.a(_subdi3.o)
                0x000000000000a234                __subdi3
 .text.libgcc.prologue
                0x000000000000a246        0x0 /usr/lib/gcc/avr/5.4.0/avr5/libgcc.a(_subdi3.o)
 .text.libgcc.builtins
                0x000000000000a246        0x0 /usr/lib/gcc/avr/5.4.0/avr5/libgcc.a(_subdi3.o)
 .text.libgcc.fmul
                0x000000000000a246        0x0 /usr/lib/gcc/avr/5.4.0/avr5/libgcc.a(_subdi3.o)
 .text.libgcc.fixed
                0x000000000000a246        0x0 /usr/lib/gcc/avr/5.4.0/avr5/libgcc.a(_subdi3.o)
 .text.libgcc.mul
                0x000000000000a246        0x0 /usr/lib/gcc/avr/5.4.0/avr5/libgcc.a(_cmpdi2.o)
 .text.libgcc.div
                0x000000000000a246        0x0 /usr/lib/gcc/avr/5.4.0/avr5/libgcc.a(_cmpdi2.o)
 .text.libgcc   0x000000000000a246       0x12 /usr/lib/gcc/avr/5.4.0/avr5/libgcc.a(_cmpdi2.o)
                0x000000000000a246                __cmpdi2
 .text.libgcc.prologue
                0x000000000000a258        0x0 /usr/lib/gcc/avr/5.4.0/avr5/libgcc.a(_cmpdi2.o)
 .text.libgcc.builtins
                0x000000000000a258        0x0 /usr/lib/gcc/avr/5.4.0/avr5/libgcc.a(_cmpdi2.o)
 .text.libgcc.fmul
                0x000000000000a258        0x0 /usr/lib/gcc/avr/5.4.0/avr5/libgcc.a(_cmpdi2.o)
 .text.libgcc.fixed
                0x000000000000a258        0x0 /usr/lib/gcc/avr/5.4.0/avr5/libgcc.a(_cmpdi2.o)
 .text.libgcc.mul
                0x000000000000a258        0x0 /usr/lib/gcc/avr/5.4.0/avr5/libgcc.a(_cmpdi2_s8.o)
 .text.libgcc.div
                0x000000000000a258        0x0 /usr/lib/gcc/avr/5.4.0/avr5/libgcc.a(_cmpdi2_s8.o)
 .text.libgcc   0x000000000000a258       0x18 /usr/lib/gcc/avr/5.4.0/avr5/libgcc.a(_cmpdi2_s8.o)
                0x000000000000a258                __cmpdi2_s8
 .text.libgcc.prologue
                0x000000000000a270        0x0 /usr/lib/gcc/avr/5.4.0/avr5/libgcc.a(_cmpdi2_s8.o)
 .text.libgcc.builtins
                0x000000000000a270        0x0 /usr/lib/gcc/avr/5.4.0/avr5/libgcc.a(_cmpdi2_s8.o)
 .text.libgcc.fmul
                0x000000000000a270        0x0 /usr/lib/gcc/avr/5.4.0/avr5/libgcc.a(_cmpdi2_s8.o)
 .text.libgcc.fixed
                0x000000000000a270        0x0 /usr/lib/gcc/avr/5.4.0/avr5/libgcc.a(_cmpdi2_s8.o)
 .text.avr-libc
                0x000000000000a270       0x3c /usr/lib/gcc/avr/5.4.0/../../../avr/lib/avr5/libc.a(atoi.o)
                0x000000000000a270                atoi
 .text.avr-libc
                0x000000000000a2ac      0x1b0 /usr/lib/gcc/avr/5.4.0/../../../avr/lib/avr5/libc.a(ftoa_engine.o)
                0x000000000000a2ac                __ftoa_engine
 .text.avr-libc
                0x000000000000a45c       0x16 /usr/lib/gcc/avr/5.4.0/../../../avr/lib/avr5/libc.a(strnlen_P.o)
                0x000000000000a45c                strnlen_P
 .text.avr-libc
                0x000000000000a472       0x34 /usr/lib/gcc/avr/5.4.0/../../../avr/lib/avr5/libc.a(strdup.o)
                0x000000000000a472                strdup
 .text.avr-libc
                0x000000000000a4a6       0x12 /usr/lib/gcc/avr/5.4.0/../../../avr/lib/avr5/libc.a(strcmp.o)
                0x000000000000a4a6                strcmp
 .text.avr-libc
                0x000000000000a4b8        0xe /usr/lib/gcc/avr/5.4.0/../../../avr/lib/avr5/libc.a(strcpy.o)
                0x000000000000a4b8                strcpy
 .text.avr-libc
                0x000000000000a4c6       0x16 /usr/lib/gcc/avr/5.4.0/../../../avr/lib/avr5/libc.a(strnlen.o)
                0x000000000000a4c6                strnlen
 .text.avr-libc
                0x000000000000a4dc       0x10 /usr/lib/gcc/avr/5.4.0/../../../avr/lib/avr5/libc.a(mul10.o)
                0x000000000000a4dc                __mulhi_const_10
 .text.avr-libc
                0x000000000000a4ec       0x78 /usr/lib/gcc/avr/5.4.0/../../../avr/lib/avr5/libc.a(fputc.o)
                0x000000000000a4ec                fputc
 .text.avr-libc
                0x000000000000a564       0x54 /usr/lib/gcc/avr/5.4.0/../../../avr/lib/avr5/libc.a(fputs.o)
                0x000000000000a564                fputs
 .text.avr-libc
                0x000000000000a5b8       0x2c /usr/lib/gcc/avr/5.4.0/../../../avr/lib/avr5/libc.a(printf.o)
                0x000000000000a5b8                printf
 .text.avr-libc
                0x000000000000a5e4       0x44 /usr/lib/gcc/avr/5.4.0/../../../avr/lib/avr5/libc.a(sprintf.o)
                0x000000000000a5e4                sprintf
 .text.avr-libc
                0x000000000000a628       0x32 /usr/lib/gcc/avr/5.4.0/../../../avr/lib/avr5/libc.a(sscanf.o)
                0x000000000000a628                sscanf
 .text.avr-libc
                0x000000000000a65a       0x58 /usr/lib/gcc/avr/5.4.0/../../../avr/lib/avr5/libc.a(vsnprintf.o)
                0x000000000000a65a                vsnprintf
 .text.avr-libc
                0x000000000000a6b2       0xbc /usr/lib/gcc/avr/5.4.0/../../../avr/lib/avr5/libc.a(ultoa_invert.o)
                0x000000000000a6b2                __ultoa_invert
 .text.avr-libc
                0x000000000000a76e      0x55a /usr/lib/gcc/avr/5.4.0/../../../avr/lib/avr5/libc.a(vfscanf_std.o)
                0x000000000000aaa6                vfscanf
 .text.avr-libc
                0x000000000000acc8      0x242 /usr/lib/gcc/avr/5.4.0/../../../avr/lib/avr5/libc.a(malloc.o)
                0x000000000000acc8                malloc
                0x000000000000adf8                free
 .text.avr-libc
                0x000000000000af0a       0x12 /usr/lib/gcc/avr/5.4.0/../../../avr/lib/avr5/libc.a(isspace.o)
                0x000000000000af0a                isspace
 .text.avr-libc
                0x000000000000af1c       0x16 /usr/lib/gcc/avr/5.4.0/../../../avr/lib/avr5/libc.a(strchr_P.o)
                0x000000000000af1c                strchr_P
 .text.avr-libc
                0x000000000000af32       0x7c /usr/lib/gcc/avr/5.4.0/../../../avr/lib/avr5/libc.a(fgetc.o)
                0x000000000000af32                fgetc
 .text.avr-libc
                0x000000000000afae       0x32 /usr/lib/gcc/avr/5.4.0/../../../avr/lib/avr5/libc.a(ungetc.o)
                0x000000000000afae                ungetc
 .text.avr-libc
                0x000000000000afe0        0x6 /usr/lib/gcc/avr/5.4.0/../../../avr/lib/avr5/libc.a(cty_isfalse.o)
                0x000000000000afe0                __ctype_isfalse
                0x000000000000afe4                __ctype_istrue
                0x000000000000afe6                . = ALIGN (0x2)
 *(.fini9)
 .fini9         0x000000000000afe6        0x0 /usr/lib/gcc/avr/5.4.0/avr5/libgcc.a(_exit.o)
                0x000000000000afe6                exit
                0x000000000000afe6                _exit
 *(.fini9)
 *(.fini8)
 *(.fini8)
 *(.fini7)
 *(.fini7)
 *(.fini6)
 *(.fini6)
 *(.fini5)
 *(.fini5)
 *(.fini4)
 *(.fini4)
 *(.fini3)
 *(.fini3)
 *(.fini2)
 *(.fini2)
 *(.fini1)
 *(.fini1)
 *(.fini0)
 .fini0         0x000000000000afe6        0x4 /usr/lib/gcc/avr/5.4.0/avr5/libgcc.a(_exit.o)
 *(.fini0)
                0x000000000000afea                _etext = .

.data           0x0000000000800100      0x390 load address 0x000000000000afea
                0x0000000000800100                PROVIDE (__data_start, .)
 *(.data)
 .data          0x0000000000800100        0x0 /usr/lib/gcc/avr/5.4.0/../../../avr/lib/avr5/crtatmega644p.o
 .data          0x0000000000800100       0x23 main.o
                0x000000000080011c                debug
                0x000000000080011d                tst_cur
                0x000000000080011f                tst_voltage
                0x0000000000800121                pwm_offset
 .data          0x0000000000800123        0x8 ili9341.o
                0x0000000000800123                _height
                0x0000000000800125                _width
                0x0000000000800127                LCD_H
                0x0000000000800129                LCD_W
 .data          0x000000000080012b        0x0 ili9341gfx.o
 .data          0x000000000080012b        0x0 uart.o
 .data          0x000000000080012b        0x0 adc.o
 .data          0x000000000080012b        0x0 fatfs/libfat.a(diskio.o)
 .data          0x000000000080012b        0x1 fatfs/libfat.a(mmc_avr_spi.o)
 .data          0x000000000080012c        0x0 fatfs/libfat.a(ff.o)
 .data          0x000000000080012c        0x0 fatfs/libfat.a(ffunicode_avr.o)
 .data          0x000000000080012c        0x0 /usr/lib/gcc/avr/5.4.0/../../../avr/lib/avr5/libprintf_flt.a(vfprintf_flt.o)
 .data          0x000000000080012c        0x0 /usr/lib/gcc/avr/5.4.0/avr5/libgcc.a(_mulsi3.o)
 .data          0x000000000080012c        0x0 /usr/lib/gcc/avr/5.4.0/avr5/libgcc.a(_udivmodhi4.o)
 .data          0x000000000080012c        0x0 /usr/lib/gcc/avr/5.4.0/avr5/libgcc.a(_udivmodsi4.o)
 .data          0x000000000080012c        0x0 /usr/lib/gcc/avr/5.4.0/avr5/libgcc.a(_divmodsi4.o)
 .data          0x000000000080012c        0x0 /usr/lib/gcc/avr/5.4.0/avr5/libgcc.a(_negsi2.o)
 .data          0x000000000080012c        0x0 /usr/lib/gcc/avr/5.4.0/avr5/libgcc.a(_exit.o)
 .data          0x000000000080012c        0x0 /usr/lib/gcc/avr/5.4.0/avr5/libgcc.a(_tablejump2.o)
 .data          0x000000000080012c        0x0 /usr/lib/gcc/avr/5.4.0/avr5/libgcc.a(_copy_data.o)
 .data          0x000000000080012c        0x0 /usr/lib/gcc/avr/5.4.0/avr5/libgcc.a(_clear_bss.o)
 .data          0x000000000080012c        0x0 /usr/lib/gcc/avr/5.4.0/avr5/libgcc.a(_mulhisi3.o)
 .data          0x000000000080012c        0x0 /usr/lib/gcc/avr/5.4.0/avr5/libgcc.a(_umulhisi3.o)
 .data          0x000000000080012c        0x0 /usr/lib/gcc/avr/5.4.0/avr5/libgcc.a(_usmulhisi3.o)
 .data          0x000000000080012c        0x0 /usr/lib/gcc/avr/5.4.0/avr5/libgcc.a(_muluhisi3.o)
 .data          0x000000000080012c        0x0 /usr/lib/gcc/avr/5.4.0/avr5/libgcc.a(_udivdi3.o)
 .data          0x000000000080012c        0x0 /usr/lib/gcc/avr/5.4.0/avr5/libgcc.a(_udivmod64.o)
 .data          0x000000000080012c        0x0 /usr/lib/gcc/avr/5.4.0/avr5/libgcc.a(_prologue.o)
 .data          0x000000000080012c        0x0 /usr/lib/gcc/avr/5.4.0/avr5/libgcc.a(_epilogue.o)
 .data          0x000000000080012c        0x0 /usr/lib/gcc/avr/5.4.0/avr5/libgcc.a(_ashrdi3.o)
 .data          0x000000000080012c        0x0 /usr/lib/gcc/avr/5.4.0/avr5/libgcc.a(_adddi3.o)
 .data          0x000000000080012c        0x0 /usr/lib/gcc/avr/5.4.0/avr5/libgcc.a(_adddi3_s8.o)
 .data          0x000000000080012c        0x0 /usr/lib/gcc/avr/5.4.0/avr5/libgcc.a(_subdi3.o)
 .data          0x000000000080012c        0x0 /usr/lib/gcc/avr/5.4.0/avr5/libgcc.a(_cmpdi2.o)
 .data          0x000000000080012c        0x0 /usr/lib/gcc/avr/5.4.0/avr5/libgcc.a(_cmpdi2_s8.o)
 .data          0x000000000080012c        0x0 /usr/lib/gcc/avr/5.4.0/../../../avr/lib/avr5/libc.a(atoi.o)
 .data          0x000000000080012c        0x0 /usr/lib/gcc/avr/5.4.0/../../../avr/lib/avr5/libc.a(ftoa_engine.o)
 .data          0x000000000080012c        0x0 /usr/lib/gcc/avr/5.4.0/../../../avr/lib/avr5/libc.a(strnlen_P.o)
 .data          0x000000000080012c        0x0 /usr/lib/gcc/avr/5.4.0/../../../avr/lib/avr5/libc.a(strdup.o)
 .data          0x000000000080012c        0x0 /usr/lib/gcc/avr/5.4.0/../../../avr/lib/avr5/libc.a(strcmp.o)
 .data          0x000000000080012c        0x0 /usr/lib/gcc/avr/5.4.0/../../../avr/lib/avr5/libc.a(strcpy.o)
 .data          0x000000000080012c        0x0 /usr/lib/gcc/avr/5.4.0/../../../avr/lib/avr5/libc.a(strnlen.o)
 .data          0x000000000080012c        0x0 /usr/lib/gcc/avr/5.4.0/../../../avr/lib/avr5/libc.a(mul10.o)
 .data          0x000000000080012c        0x0 /usr/lib/gcc/avr/5.4.0/../../../avr/lib/avr5/libc.a(fputc.o)
 .data          0x000000000080012c        0x0 /usr/lib/gcc/avr/5.4.0/../../../avr/lib/avr5/libc.a(fputs.o)
 .data          0x000000000080012c        0x0 /usr/lib/gcc/avr/5.4.0/../../../avr/lib/avr5/libc.a(iob.o)
 .data          0x000000000080012c        0x0 /usr/lib/gcc/avr/5.4.0/../../../avr/lib/avr5/libc.a(printf.o)
 .data          0x000000000080012c        0x0 /usr/lib/gcc/avr/5.4.0/../../../avr/lib/avr5/libc.a(sprintf.o)
 .data          0x000000000080012c        0x0 /usr/lib/gcc/avr/5.4.0/../../../avr/lib/avr5/libc.a(sscanf.o)
 .data          0x000000000080012c        0x0 /usr/lib/gcc/avr/5.4.0/../../../avr/lib/avr5/libc.a(vsnprintf.o)
 .data          0x000000000080012c        0x0 /usr/lib/gcc/avr/5.4.0/../../../avr/lib/avr5/libc.a(ultoa_invert.o)
 .data          0x000000000080012c        0x0 /usr/lib/gcc/avr/5.4.0/../../../avr/lib/avr5/libc.a(vfscanf_std.o)
 .data          0x000000000080012c        0x6 /usr/lib/gcc/avr/5.4.0/../../../avr/lib/avr5/libc.a(malloc.o)
                0x000000000080012c                __malloc_heap_end
                0x000000000080012e                __malloc_heap_start
                0x0000000000800130                __malloc_margin
 .data          0x0000000000800132        0x0 /usr/lib/gcc/avr/5.4.0/../../../avr/lib/avr5/libc.a(isspace.o)
 .data          0x0000000000800132        0x0 /usr/lib/gcc/avr/5.4.0/../../../avr/lib/avr5/libc.a(strchr_P.o)
 .data          0x0000000000800132        0x0 /usr/lib/gcc/avr/5.4.0/../../../avr/lib/avr5/libc.a(fgetc.o)
 .data          0x0000000000800132        0x0 /usr/lib/gcc/avr/5.4.0/../../../avr/lib/avr5/libc.a(ungetc.o)
 .data          0x0000000000800132        0x0 /usr/lib/gcc/avr/5.4.0/../../../avr/lib/avr5/libc.a(cty_isfalse.o)
 *(.data*)
 *(.rodata)
 .rodata        0x0000000000800132       0x2c main.o
 .rodata        0x000000000080015e       0x49 fatfs/libfat.a(mmc_avr_spi.o)
 .rodata        0x00000000008001a7       0x9f fatfs/libfat.a(ff.o)
 *(.rodata*)
 .rodata.str1.1
                0x0000000000800246      0x209 main.o
                                        0x20a (size before relaxing)
 .rodata.str1.1
                0x000000000080044f       0x1a fatfs/libfat.a(mmc_avr_spi.o)
 .rodata.str1.1
                0x0000000000800469       0x26 fatfs/libfat.a(ff.o)
 *(.gnu.linkonce.d*)
                0x0000000000800490                . = ALIGN (0x2)
 *fill*         0x000000000080048f        0x1 
                0x0000000000800490                _edata = .
                0x0000000000800490                PROVIDE (__data_end, .)

.bss            0x0000000000800490      0x19c
                0x0000000000800490                PROVIDE (__bss_start, .)
 *(.bss)
 .bss           0x0000000000800490        0x0 /usr/lib/gcc/avr/5.4.0/../../../avr/lib/avr5/crtatmega644p.o
 .bss           0x0000000000800490        0xc main.o
                0x0000000000800490                background
                0x0000000000800491                YEAR
                0x0000000000800493                Jahr
                0x0000000000800495                KW
                0x0000000000800497                KA
                0x0000000000800499                piezo
                0x000000000080049a                pwm
 .bss           0x000000000080049c        0x0 ili9341.o
 .bss           0x000000000080049c       0x19 ili9341gfx.o
                0x000000000080049c                iactualy
                0x000000000080049e                iactualx
                0x00000000008004a0                isety
                0x00000000008004a2                isetx
                0x00000000008004a4                vactualy
                0x00000000008004a6                vactualx
                0x00000000008004a8                vsety
                0x00000000008004aa                vsetx
                0x00000000008004ac                textsize
                0x00000000008004ad                textbgcolour
                0x00000000008004af                textcolour
                0x00000000008004b1                cursor_y
                0x00000000008004b3                cursor_x
 .bss           0x00000000008004b5        0x0 uart.o
 .bss           0x00000000008004b5        0x0 adc.o
 .bss           0x00000000008004b5        0x0 fatfs/libfat.a(diskio.o)
 .bss           0x00000000008004b5        0x4 fatfs/libfat.a(mmc_avr_spi.o)
 .bss           0x00000000008004b9      0x165 fatfs/libfat.a(ff.o)
 .bss           0x000000000080061e        0x0 fatfs/libfat.a(ffunicode_avr.o)
 .bss           0x000000000080061e        0x0 /usr/lib/gcc/avr/5.4.0/../../../avr/lib/avr5/libprintf_flt.a(vfprintf_flt.o)
 .bss           0x000000000080061e        0x0 /usr/lib/gcc/avr/5.4.0/avr5/libgcc.a(_mulsi3.o)
 .bss           0x000000000080061e        0x0 /usr/lib/gcc/avr/5.4.0/avr5/libgcc.a(_udivmodhi4.o)
 .bss           0x000000000080061e        0x0 /usr/lib/gcc/avr/5.4.0/avr5/libgcc.a(_udivmodsi4.o)
 .bss           0x000000000080061e        0x0 /usr/lib/gcc/avr/5.4.0/avr5/libgcc.a(_divmodsi4.o)
 .bss           0x000000000080061e        0x0 /usr/lib/gcc/avr/5.4.0/avr5/libgcc.a(_negsi2.o)
 .bss           0x000000000080061e        0x0 /usr/lib/gcc/avr/5.4.0/avr5/libgcc.a(_exit.o)
 .bss           0x000000000080061e        0x0 /usr/lib/gcc/avr/5.4.0/avr5/libgcc.a(_tablejump2.o)
 .bss           0x000000000080061e        0x0 /usr/lib/gcc/avr/5.4.0/avr5/libgcc.a(_copy_data.o)
 .bss           0x000000000080061e        0x0 /usr/lib/gcc/avr/5.4.0/avr5/libgcc.a(_clear_bss.o)
 .bss           0x000000000080061e        0x0 /usr/lib/gcc/avr/5.4.0/avr5/libgcc.a(_mulhisi3.o)
 .bss           0x000000000080061e        0x0 /usr/lib/gcc/avr/5.4.0/avr5/libgcc.a(_umulhisi3.o)
 .bss           0x000000000080061e        0x0 /usr/lib/gcc/avr/5.4.0/avr5/libgcc.a(_usmulhisi3.o)
 .bss           0x000000000080061e        0x0 /usr/lib/gcc/avr/5.4.0/avr5/libgcc.a(_muluhisi3.o)
 .bss           0x000000000080061e        0x0 /usr/lib/gcc/avr/5.4.0/avr5/libgcc.a(_udivdi3.o)
 .bss           0x000000000080061e        0x0 /usr/lib/gcc/avr/5.4.0/avr5/libgcc.a(_udivmod64.o)
 .bss           0x000000000080061e        0x0 /usr/lib/gcc/avr/5.4.0/avr5/libgcc.a(_prologue.o)
 .bss           0x000000000080061e        0x0 /usr/lib/gcc/avr/5.4.0/avr5/libgcc.a(_epilogue.o)
 .bss           0x000000000080061e        0x0 /usr/lib/gcc/avr/5.4.0/avr5/libgcc.a(_ashrdi3.o)
 .bss           0x000000000080061e        0x0 /usr/lib/gcc/avr/5.4.0/avr5/libgcc.a(_adddi3.o)
 .bss           0x000000000080061e        0x0 /usr/lib/gcc/avr/5.4.0/avr5/libgcc.a(_adddi3_s8.o)
 .bss           0x000000000080061e        0x0 /usr/lib/gcc/avr/5.4.0/avr5/libgcc.a(_subdi3.o)
 .bss           0x000000000080061e        0x0 /usr/lib/gcc/avr/5.4.0/avr5/libgcc.a(_cmpdi2.o)
 .bss           0x000000000080061e        0x0 /usr/lib/gcc/avr/5.4.0/avr5/libgcc.a(_cmpdi2_s8.o)
 .bss           0x000000000080061e        0x0 /usr/lib/gcc/avr/5.4.0/../../../avr/lib/avr5/libc.a(atoi.o)
 .bss           0x000000000080061e        0x0 /usr/lib/gcc/avr/5.4.0/../../../avr/lib/avr5/libc.a(ftoa_engine.o)
 .bss           0x000000000080061e        0x0 /usr/lib/gcc/avr/5.4.0/../../../avr/lib/avr5/libc.a(strnlen_P.o)
 .bss           0x000000000080061e        0x0 /usr/lib/gcc/avr/5.4.0/../../../avr/lib/avr5/libc.a(strdup.o)
 .bss           0x000000000080061e        0x0 /usr/lib/gcc/avr/5.4.0/../../../avr/lib/avr5/libc.a(strcmp.o)
 .bss           0x000000000080061e        0x0 /usr/lib/gcc/avr/5.4.0/../../../avr/lib/avr5/libc.a(strcpy.o)
 .bss           0x000000000080061e        0x0 /usr/lib/gcc/avr/5.4.0/../../../avr/lib/avr5/libc.a(strnlen.o)
 .bss           0x000000000080061e        0x0 /usr/lib/gcc/avr/5.4.0/../../../avr/lib/avr5/libc.a(mul10.o)
 .bss           0x000000000080061e        0x0 /usr/lib/gcc/avr/5.4.0/../../../avr/lib/avr5/libc.a(fputc.o)
 .bss           0x000000000080061e        0x0 /usr/lib/gcc/avr/5.4.0/../../../avr/lib/avr5/libc.a(fputs.o)
 .bss           0x000000000080061e        0x0 /usr/lib/gcc/avr/5.4.0/../../../avr/lib/avr5/libc.a(iob.o)
 .bss           0x000000000080061e        0x0 /usr/lib/gcc/avr/5.4.0/../../../avr/lib/avr5/libc.a(printf.o)
 .bss           0x000000000080061e        0x0 /usr/lib/gcc/avr/5.4.0/../../../avr/lib/avr5/libc.a(sprintf.o)
 .bss           0x000000000080061e        0x0 /usr/lib/gcc/avr/5.4.0/../../../avr/lib/avr5/libc.a(sscanf.o)
 .bss           0x000000000080061e        0x0 /usr/lib/gcc/avr/5.4.0/../../../avr/lib/avr5/libc.a(vsnprintf.o)
 .bss           0x000000000080061e        0x0 /usr/lib/gcc/avr/5.4.0/../../../avr/lib/avr5/libc.a(ultoa_invert.o)
 .bss           0x000000000080061e        0x0 /usr/lib/gcc/avr/5.4.0/../../../avr/lib/avr5/libc.a(vfscanf_std.o)
 .bss           0x000000000080061e        0x0 /usr/lib/gcc/avr/5.4.0/../../../avr/lib/avr5/libc.a(malloc.o)
 .bss           0x000000000080061e        0x0 /usr/lib/gcc/avr/5.4.0/../../../avr/lib/avr5/libc.a(isspace.o)
 .bss           0x000000000080061e        0x0 /usr/lib/gcc/avr/5.4.0/../../../avr/lib/avr5/libc.a(strchr_P.o)
 .bss           0x000000000080061e        0x0 /usr/lib/gcc/avr/5.4.0/../../../avr/lib/avr5/libc.a(fgetc.o)
 .bss           0x000000000080061e        0x0 /usr/lib/gcc/avr/5.4.0/../../../avr/lib/avr5/libc.a(ungetc.o)
 .bss           0x000000000080061e        0x0 /usr/lib/gcc/avr/5.4.0/../../../avr/lib/avr5/libc.a(cty_isfalse.o)
 *(.bss*)
 *(COMMON)
 COMMON         0x000000000080061e        0x4 main.o
                0x000000000080061e                user_name
                0x0000000000800620                Timer
 COMMON         0x0000000000800622        0x6 /usr/lib/gcc/avr/5.4.0/../../../avr/lib/avr5/libc.a(iob.o)
                0x0000000000800622                __iob
 COMMON         0x0000000000800628        0x4 /usr/lib/gcc/avr/5.4.0/../../../avr/lib/avr5/libc.a(malloc.o)
                0x0000000000800628                __brkval
                0x000000000080062a                __flp
                0x000000000080062c                PROVIDE (__bss_end, .)
                0x000000000000afea                __data_load_start = LOADADDR (.data)
                0x000000000000b37a                __data_load_end = (__data_load_start + SIZEOF (.data))

.noinit         0x000000000080062c        0x0
                [!provide]                        PROVIDE (__noinit_start, .)
 *(.noinit*)
                [!provide]                        PROVIDE (__noinit_end, .)
                0x000000000080062c                _end = .
                0x000000000080062c                PROVIDE (__heap_start, .)

.eeprom         0x0000000000810000        0x0
 *(.eeprom*)
                0x0000000000810000                __eeprom_end = .

.fuse
 *(.fuse)
 *(.lfuse)
 *(.hfuse)
 *(.efuse)

.lock
 *(.lock*)

.signature
 *(.signature*)

.user_signatures
 *(.user_signatures*)

.stab           0x0000000000000000     0x3738
 *(.stab)
 .stab          0x0000000000000000     0x17c4 main.o
 .stab          0x00000000000017c4     0x11e8 ili9341.o
                                       0x11f4 (size before relaxing)
 .stab          0x00000000000029ac      0x714 ili9341gfx.o
                                        0x720 (size before relaxing)
 .stab          0x00000000000030c0      0x1a4 uart.o
                                        0x1b0 (size before relaxing)
 .stab          0x0000000000003264      0x4d4 adc.o
                                        0x4e0 (size before relaxing)

.stabstr        0x0000000000000000     0x2f58
 *(.stabstr)
 .stabstr       0x0000000000000000     0x2f58 main.o

.stab.excl
 *(.stab.excl)

.stab.exclstr
 *(.stab.exclstr)

.stab.index
 *(.stab.index)

.stab.indexstr
 *(.stab.indexstr)

.comment        0x0000000000000000       0x3b
 *(.comment)
 .comment       0x0000000000000000       0x11 main.o
                                         0x12 (size before relaxing)
 .comment       0x0000000000000011       0x2a ili9341.o
                                         0x2b (size before relaxing)
 .comment       0x000000000000003b       0x2b ili9341gfx.o
 .comment       0x000000000000003b       0x2b uart.o
 .comment       0x000000000000003b       0x2b fatfs/libfat.a(diskio.o)
 .comment       0x000000000000003b       0x12 fatfs/libfat.a(mmc_avr_spi.o)
 .comment       0x000000000000003b       0x2b fatfs/libfat.a(ff.o)
 .comment       0x000000000000003b       0x2b fatfs/libfat.a(ffunicode_avr.o)
 .comment       0x000000000000003b       0x12 /usr/lib/gcc/avr/5.4.0/../../../avr/lib/avr5/libprintf_flt.a(vfprintf_flt.o)
 .comment       0x000000000000003b       0x12 /usr/lib/gcc/avr/5.4.0/../../../avr/lib/avr5/libc.a(strdup.o)
 .comment       0x000000000000003b       0x12 /usr/lib/gcc/avr/5.4.0/../../../avr/lib/avr5/libc.a(fputc.o)
 .comment       0x000000000000003b       0x12 /usr/lib/gcc/avr/5.4.0/../../../avr/lib/avr5/libc.a(fputs.o)
 .comment       0x000000000000003b       0x12 /usr/lib/gcc/avr/5.4.0/../../../avr/lib/avr5/libc.a(iob.o)
 .comment       0x000000000000003b       0x12 /usr/lib/gcc/avr/5.4.0/../../../avr/lib/avr5/libc.a(printf.o)
 .comment       0x000000000000003b       0x12 /usr/lib/gcc/avr/5.4.0/../../../avr/lib/avr5/libc.a(sprintf.o)
 .comment       0x000000000000003b       0x12 /usr/lib/gcc/avr/5.4.0/../../../avr/lib/avr5/libc.a(sscanf.o)
 .comment       0x000000000000003b       0x12 /usr/lib/gcc/avr/5.4.0/../../../avr/lib/avr5/libc.a(vsnprintf.o)
 .comment       0x000000000000003b       0x12 /usr/lib/gcc/avr/5.4.0/../../../avr/lib/avr5/libc.a(vfscanf_std.o)
 .comment       0x000000000000003b       0x12 /usr/lib/gcc/avr/5.4.0/../../../avr/lib/avr5/libc.a(malloc.o)
 .comment       0x000000000000003b       0x12 /usr/lib/gcc/avr/5.4.0/../../../avr/lib/avr5/libc.a(fgetc.o)
 .comment       0x000000000000003b       0x12 /usr/lib/gcc/avr/5.4.0/../../../avr/lib/avr5/libc.a(ungetc.o)

.note.gnu.avr.deviceinfo
                0x0000000000000000       0x40
 .note.gnu.avr.deviceinfo
                0x0000000000000000       0x40 /usr/lib/gcc/avr/5.4.0/../../../avr/lib/avr5/crtatmega644p.o

.note.gnu.build-id
 *(.note.gnu.build-id)

.debug
 *(.debug)

.line
 *(.line)

.debug_srcinfo
 *(.debug_srcinfo)

.debug_sfnames
 *(.debug_sfnames)

.debug_aranges  0x0000000000000000       0x80
 *(.debug_aranges)
 .debug_aranges
                0x0000000000000000       0x20 fatfs/libfat.a(diskio.o)
 .debug_aranges
                0x0000000000000020       0x20 fatfs/libfat.a(mmc_avr_spi.o)
 .debug_aranges
                0x0000000000000040       0x20 fatfs/libfat.a(ff.o)
 .debug_aranges
                0x0000000000000060       0x20 fatfs/libfat.a(ffunicode_avr.o)

.debug_pubnames
 *(.debug_pubnames)

.debug_info     0x0000000000000000     0x7f0c
 *(.debug_info .gnu.linkonce.wi.*)
 .debug_info    0x0000000000000000      0x6cc /usr/lib/gcc/avr/5.4.0/../../../avr/lib/avr5/crtatmega644p.o
 .debug_info    0x00000000000006cc      0x387 fatfs/libfat.a(diskio.o)
 .debug_info    0x0000000000000a53      0xef4 fatfs/libfat.a(mmc_avr_spi.o)
 .debug_info    0x0000000000001947     0x6265 fatfs/libfat.a(ff.o)
 .debug_info    0x0000000000007bac      0x360 fatfs/libfat.a(ffunicode_avr.o)

.debug_abbrev   0x0000000000000000     0x103d
 *(.debug_abbrev)
 .debug_abbrev  0x0000000000000000      0x66e /usr/lib/gcc/avr/5.4.0/../../../avr/lib/avr5/crtatmega644p.o
 .debug_abbrev  0x000000000000066e      0x122 fatfs/libfat.a(diskio.o)
 .debug_abbrev  0x0000000000000790      0x344 fatfs/libfat.a(mmc_avr_spi.o)
 .debug_abbrev  0x0000000000000ad4      0x433 fatfs/libfat.a(ff.o)
 .debug_abbrev  0x0000000000000f07      0x136 fatfs/libfat.a(ffunicode_avr.o)

.debug_line     0x0000000000000000     0xb5a4
 *(.debug_line .debug_line.* .debug_line_end)
 .debug_line    0x0000000000000000       0x1a /usr/lib/gcc/avr/5.4.0/../../../avr/lib/avr5/crtatmega644p.o
 .debug_line    0x000000000000001a      0x1ea fatfs/libfat.a(diskio.o)
 .debug_line    0x0000000000000204      0x7aa fatfs/libfat.a(mmc_avr_spi.o)
 .debug_line    0x00000000000009ae     0xa6ce fatfs/libfat.a(ff.o)
 .debug_line    0x000000000000b07c      0x528 fatfs/libfat.a(ffunicode_avr.o)

.debug_frame    0x0000000000000000      0xcd4
 *(.debug_frame)
 .debug_frame   0x0000000000000000       0x8c fatfs/libfat.a(diskio.o)
 .debug_frame   0x000000000000008c      0x2f8 fatfs/libfat.a(mmc_avr_spi.o)
 .debug_frame   0x0000000000000384      0x904 fatfs/libfat.a(ff.o)
 .debug_frame   0x0000000000000c88       0x4c fatfs/libfat.a(ffunicode_avr.o)

.debug_str      0x0000000000000000      0xcdf
 *(.debug_str)
 .debug_str     0x0000000000000000      0x252 /usr/lib/gcc/avr/5.4.0/../../../avr/lib/avr5/crtatmega644p.o
 .debug_str     0x0000000000000252      0x1b3 fatfs/libfat.a(diskio.o)
                                        0x23c (size before relaxing)
 .debug_str     0x0000000000000405      0x1d6 fatfs/libfat.a(mmc_avr_spi.o)
                                        0x334 (size before relaxing)
 .debug_str     0x00000000000005db      0x6d8 fatfs/libfat.a(ff.o)
                                        0x8c9 (size before relaxing)
 .debug_str     0x0000000000000cb3       0x2c fatfs/libfat.a(ffunicode_avr.o)
                                        0x17f (size before relaxing)

.debug_loc      0x0000000000000000     0xc083
 *(.debug_loc)
 .debug_loc     0x0000000000000000      0x3ce fatfs/libfat.a(diskio.o)
 .debug_loc     0x00000000000003ce     0x1402 fatfs/libfat.a(mmc_avr_spi.o)
 .debug_loc     0x00000000000017d0     0xa398 fatfs/libfat.a(ff.o)
 .debug_loc     0x000000000000bb68      0x51b fatfs/libfat.a(ffunicode_avr.o)

.debug_macinfo
 *(.debug_macinfo)

.debug_weaknames
 *(.debug_weaknames)

.debug_funcnames
 *(.debug_funcnames)

.debug_typenames
 *(.debug_typenames)

.debug_varnames
 *(.debug_varnames)

.debug_pubtypes
 *(.debug_pubtypes)

.debug_ranges   0x0000000000000000      0x330
 *(.debug_ranges)
 .debug_ranges  0x0000000000000000      0x330 fatfs/libfat.a(ff.o)

.debug_macro
 *(.debug_macro)
OUTPUT(main.elf elf32-avr)
LOAD linker stubs

Cross Reference Table

Symbol                                            File
ADC_init                                          adc.o
                                                  main.o
Jahr                                              main.o
KA                                                main.o
KW                                                main.o
LCD_H                                             ili9341.o
                                                  ili9341gfx.o
LCD_W                                             ili9341.o
                                                  ili9341gfx.o
Timer                                             main.o
YEAR                                              main.o
__FUSE_REGION_LENGTH__                            /usr/lib/gcc/avr/5.4.0/../../../avr/lib/avr5/crtatmega644p.o
__adddi3                                          /usr/lib/gcc/avr/5.4.0/avr5/libgcc.a(_adddi3.o)
                                                  fatfs/libfat.a(ff.o)
__adddi3_s8                                       /usr/lib/gcc/avr/5.4.0/avr5/libgcc.a(_adddi3_s8.o)
                                                  fatfs/libfat.a(ff.o)
__ashrdi3                                         /usr/lib/gcc/avr/5.4.0/avr5/libgcc.a(_ashrdi3.o)
__bad_interrupt                                   /usr/lib/gcc/avr/5.4.0/../../../avr/lib/avr5/crtatmega644p.o
__brkval                                          /usr/lib/gcc/avr/5.4.0/../../../avr/lib/avr5/libc.a(malloc.o)
__bss_end                                         /usr/lib/gcc/avr/5.4.0/avr5/libgcc.a(_clear_bss.o)
__bss_start                                       /usr/lib/gcc/avr/5.4.0/avr5/libgcc.a(_clear_bss.o)
__cmpdi2                                          /usr/lib/gcc/avr/5.4.0/avr5/libgcc.a(_cmpdi2.o)
                                                  fatfs/libfat.a(ff.o)
__cmpdi2_s8                                       /usr/lib/gcc/avr/5.4.0/avr5/libgcc.a(_cmpdi2_s8.o)
                                                  fatfs/libfat.a(ff.o)
__ctype_isfalse                                   /usr/lib/gcc/avr/5.4.0/../../../avr/lib/avr5/libc.a(cty_isfalse.o)
                                                  /usr/lib/gcc/avr/5.4.0/../../../avr/lib/avr5/libc.a(isspace.o)
__ctype_istrue                                    /usr/lib/gcc/avr/5.4.0/../../../avr/lib/avr5/libc.a(cty_isfalse.o)
__data_end                                        /usr/lib/gcc/avr/5.4.0/avr5/libgcc.a(_copy_data.o)
__data_load_start                                 /usr/lib/gcc/avr/5.4.0/avr5/libgcc.a(_copy_data.o)
__data_start                                      /usr/lib/gcc/avr/5.4.0/avr5/libgcc.a(_copy_data.o)
__divmodsi4                                       /usr/lib/gcc/avr/5.4.0/avr5/libgcc.a(_divmodsi4.o)
                                                  main.o
__do_clear_bss                                    /usr/lib/gcc/avr/5.4.0/avr5/libgcc.a(_clear_bss.o)
                                                  /usr/lib/gcc/avr/5.4.0/../../../avr/lib/avr5/libc.a(malloc.o)
                                                  /usr/lib/gcc/avr/5.4.0/../../../avr/lib/avr5/libc.a(iob.o)
                                                  fatfs/libfat.a(ff.o)
                                                  fatfs/libfat.a(mmc_avr_spi.o)
                                                  ili9341gfx.o
                                                  main.o
__do_copy_data                                    /usr/lib/gcc/avr/5.4.0/avr5/libgcc.a(_copy_data.o)
                                                  /usr/lib/gcc/avr/5.4.0/../../../avr/lib/avr5/libc.a(malloc.o)
                                                  fatfs/libfat.a(ff.o)
                                                  fatfs/libfat.a(mmc_avr_spi.o)
                                                  ili9341.o
                                                  main.o
__epilogue_restores__                             /usr/lib/gcc/avr/5.4.0/avr5/libgcc.a(_epilogue.o)
                                                  /usr/lib/gcc/avr/5.4.0/../../../avr/lib/avr5/libc.a(vfscanf_std.o)
                                                  /usr/lib/gcc/avr/5.4.0/../../../avr/lib/avr5/libc.a(vsnprintf.o)
                                                  /usr/lib/gcc/avr/5.4.0/../../../avr/lib/avr5/libc.a(sscanf.o)
                                                  /usr/lib/gcc/avr/5.4.0/../../../avr/lib/avr5/libc.a(sprintf.o)
                                                  /usr/lib/gcc/avr/5.4.0/../../../avr/lib/avr5/libc.a(printf.o)
                                                  /usr/lib/gcc/avr/5.4.0/../../../avr/lib/avr5/libc.a(fputs.o)
                                                  /usr/lib/gcc/avr/5.4.0/../../../avr/lib/avr5/libprintf_flt.a(vfprintf_flt.o)
                                                  fatfs/libfat.a(ffunicode_avr.o)
                                                  fatfs/libfat.a(ff.o)
                                                  fatfs/libfat.a(mmc_avr_spi.o)
__flp                                             /usr/lib/gcc/avr/5.4.0/../../../avr/lib/avr5/libc.a(malloc.o)
__ftoa_engine                                     /usr/lib/gcc/avr/5.4.0/../../../avr/lib/avr5/libc.a(ftoa_engine.o)
                                                  /usr/lib/gcc/avr/5.4.0/../../../avr/lib/avr5/libprintf_flt.a(vfprintf_flt.o)
__heap_end                                        /usr/lib/gcc/avr/5.4.0/../../../avr/lib/avr5/crtatmega644p.o
                                                  /usr/lib/gcc/avr/5.4.0/../../../avr/lib/avr5/libc.a(malloc.o)
__heap_start                                      /usr/lib/gcc/avr/5.4.0/../../../avr/lib/avr5/libc.a(malloc.o)
__init                                            /usr/lib/gcc/avr/5.4.0/../../../avr/lib/avr5/crtatmega644p.o
__iob                                             /usr/lib/gcc/avr/5.4.0/../../../avr/lib/avr5/libc.a(iob.o)
                                                  /usr/lib/gcc/avr/5.4.0/../../../avr/lib/avr5/libc.a(printf.o)
                                                  main.o
__lshrdi3                                         /usr/lib/gcc/avr/5.4.0/avr5/libgcc.a(_ashrdi3.o)
                                                  fatfs/libfat.a(ff.o)
__malloc_heap_end                                 /usr/lib/gcc/avr/5.4.0/../../../avr/lib/avr5/libc.a(malloc.o)
__malloc_heap_start                               /usr/lib/gcc/avr/5.4.0/../../../avr/lib/avr5/libc.a(malloc.o)
__malloc_margin                                   /usr/lib/gcc/avr/5.4.0/../../../avr/lib/avr5/libc.a(malloc.o)
__mulhi_const_10                                  /usr/lib/gcc/avr/5.4.0/../../../avr/lib/avr5/libc.a(mul10.o)
                                                  /usr/lib/gcc/avr/5.4.0/../../../avr/lib/avr5/libc.a(atoi.o)
__mulhisi3                                        /usr/lib/gcc/avr/5.4.0/avr5/libgcc.a(_mulhisi3.o)
                                                  main.o
__mulsi3                                          /usr/lib/gcc/avr/5.4.0/avr5/libgcc.a(_mulsi3.o)
                                                  main.o
__muluhisi3                                       /usr/lib/gcc/avr/5.4.0/avr5/libgcc.a(_muluhisi3.o)
                                                  /usr/lib/gcc/avr/5.4.0/avr5/libgcc.a(_mulsi3.o)
                                                  fatfs/libfat.a(ff.o)
__negsi2                                          /usr/lib/gcc/avr/5.4.0/avr5/libgcc.a(_negsi2.o)
                                                  /usr/lib/gcc/avr/5.4.0/avr5/libgcc.a(_divmodsi4.o)
__prologue_saves__                                /usr/lib/gcc/avr/5.4.0/avr5/libgcc.a(_prologue.o)
                                                  /usr/lib/gcc/avr/5.4.0/../../../avr/lib/avr5/libc.a(vfscanf_std.o)
                                                  /usr/lib/gcc/avr/5.4.0/../../../avr/lib/avr5/libc.a(vsnprintf.o)
                                                  /usr/lib/gcc/avr/5.4.0/../../../avr/lib/avr5/libc.a(sscanf.o)
                                                  /usr/lib/gcc/avr/5.4.0/../../../avr/lib/avr5/libc.a(sprintf.o)
                                                  /usr/lib/gcc/avr/5.4.0/../../../avr/lib/avr5/libc.a(printf.o)
                                                  /usr/lib/gcc/avr/5.4.0/../../../avr/lib/avr5/libprintf_flt.a(vfprintf_flt.o)
                                                  fatfs/libfat.a(ffunicode_avr.o)
                                                  fatfs/libfat.a(ff.o)
                                                  fatfs/libfat.a(mmc_avr_spi.o)
__stack                                           /usr/lib/gcc/avr/5.4.0/../../../avr/lib/avr5/crtatmega644p.o
__subdi3                                          /usr/lib/gcc/avr/5.4.0/avr5/libgcc.a(_subdi3.o)
                                                  fatfs/libfat.a(ff.o)
__tablejump2__                                    /usr/lib/gcc/avr/5.4.0/avr5/libgcc.a(_tablejump2.o)
                                                  fatfs/libfat.a(ffunicode_avr.o)
__udivdi3                                         /usr/lib/gcc/avr/5.4.0/avr5/libgcc.a(_udivdi3.o)
                                                  fatfs/libfat.a(ff.o)
__udivdi3_umoddi3                                 /usr/lib/gcc/avr/5.4.0/avr5/libgcc.a(_udivdi3.o)
__udivmod64                                       /usr/lib/gcc/avr/5.4.0/avr5/libgcc.a(_udivmod64.o)
                                                  /usr/lib/gcc/avr/5.4.0/avr5/libgcc.a(_udivdi3.o)
__udivmodhi4                                      /usr/lib/gcc/avr/5.4.0/avr5/libgcc.a(_udivmodhi4.o)
                                                  fatfs/libfat.a(ff.o)
                                                  main.o
__udivmodsi4                                      /usr/lib/gcc/avr/5.4.0/avr5/libgcc.a(_udivmodsi4.o)
                                                  /usr/lib/gcc/avr/5.4.0/avr5/libgcc.a(_divmodsi4.o)
                                                  fatfs/libfat.a(ff.o)
__ultoa_invert                                    /usr/lib/gcc/avr/5.4.0/../../../avr/lib/avr5/libc.a(ultoa_invert.o)
                                                  /usr/lib/gcc/avr/5.4.0/../../../avr/lib/avr5/libprintf_flt.a(vfprintf_flt.o)
__umoddi3                                         /usr/lib/gcc/avr/5.4.0/avr5/libgcc.a(_udivdi3.o)
__umulhisi3                                       /usr/lib/gcc/avr/5.4.0/avr5/libgcc.a(_umulhisi3.o)
                                                  /usr/lib/gcc/avr/5.4.0/avr5/libgcc.a(_muluhisi3.o)
                                                  /usr/lib/gcc/avr/5.4.0/avr5/libgcc.a(_usmulhisi3.o)
                                                  /usr/lib/gcc/avr/5.4.0/avr5/libgcc.a(_mulhisi3.o)
                                                  main.o
__usmulhisi3                                      /usr/lib/gcc/avr/5.4.0/avr5/libgcc.a(_usmulhisi3.o)
__usmulhisi3_tail                                 /usr/lib/gcc/avr/5.4.0/avr5/libgcc.a(_usmulhisi3.o)
                                                  /usr/lib/gcc/avr/5.4.0/avr5/libgcc.a(_mulhisi3.o)
__vector_1                                        /usr/lib/gcc/avr/5.4.0/../../../avr/lib/avr5/crtatmega644p.o
__vector_10                                       /usr/lib/gcc/avr/5.4.0/../../../avr/lib/avr5/crtatmega644p.o
__vector_11                                       /usr/lib/gcc/avr/5.4.0/../../../avr/lib/avr5/crtatmega644p.o
__vector_12                                       /usr/lib/gcc/avr/5.4.0/../../../avr/lib/avr5/crtatmega644p.o
__vector_13                                       /usr/lib/gcc/avr/5.4.0/../../../avr/lib/avr5/crtatmega644p.o
__vector_14                                       /usr/lib/gcc/avr/5.4.0/../../../avr/lib/avr5/crtatmega644p.o
__vector_15                                       /usr/lib/gcc/avr/5.4.0/../../../avr/lib/avr5/crtatmega644p.o
__vector_16                                       main.o
                                                  /usr/lib/gcc/avr/5.4.0/../../../avr/lib/avr5/crtatmega644p.o
__vector_17                                       /usr/lib/gcc/avr/5.4.0/../../../avr/lib/avr5/crtatmega644p.o
__vector_18                                       /usr/lib/gcc/avr/5.4.0/../../../avr/lib/avr5/crtatmega644p.o
__vector_19                                       /usr/lib/gcc/avr/5.4.0/../../../avr/lib/avr5/crtatmega644p.o
__vector_2                                        /usr/lib/gcc/avr/5.4.0/../../../avr/lib/avr5/crtatmega644p.o
__vector_20                                       uart.o
                                                  /usr/lib/gcc/avr/5.4.0/../../../avr/lib/avr5/crtatmega644p.o
__vector_21                                       /usr/lib/gcc/avr/5.4.0/../../../avr/lib/avr5/crtatmega644p.o
__vector_22                                       /usr/lib/gcc/avr/5.4.0/../../../avr/lib/avr5/crtatmega644p.o
__vector_23                                       /usr/lib/gcc/avr/5.4.0/../../../avr/lib/avr5/crtatmega644p.o
__vector_24                                       /usr/lib/gcc/avr/5.4.0/../../../avr/lib/avr5/crtatmega644p.o
__vector_25                                       /usr/lib/gcc/avr/5.4.0/../../../avr/lib/avr5/crtatmega644p.o
__vector_26                                       /usr/lib/gcc/avr/5.4.0/../../../avr/lib/avr5/crtatmega644p.o
__vector_27                                       /usr/lib/gcc/avr/5.4.0/../../../avr/lib/avr5/crtatmega644p.o
__vector_28                                       /usr/lib/gcc/avr/5.4.0/../../../avr/lib/avr5/crtatmega644p.o
__vector_29                                       /usr/lib/gcc/avr/5.4.0/../../../avr/lib/avr5/crtatmega644p.o
__vector_3                                        /usr/lib/gcc/avr/5.4.0/../../../avr/lib/avr5/crtatmega644p.o
__vector_30                                       /usr/lib/gcc/avr/5.4.0/../../../avr/lib/avr5/crtatmega644p.o
__vector_4                                        /usr/lib/gcc/avr/5.4.0/../../../avr/lib/avr5/crtatmega644p.o
__vector_5                                        /usr/lib/gcc/avr/5.4.0/../../../avr/lib/avr5/crtatmega644p.o
__vector_6                                        /usr/lib/gcc/avr/5.4.0/../../../avr/lib/avr5/crtatmega644p.o
__vector_7                                        /usr/lib/gcc/avr/5.4.0/../../../avr/lib/avr5/crtatmega644p.o
__vector_8                                        /usr/lib/gcc/avr/5.4.0/../../../avr/lib/avr5/crtatmega644p.o
__vector_9                                        /usr/lib/gcc/avr/5.4.0/../../../avr/lib/avr5/crtatmega644p.o
__vector_default                                  /usr/lib/gcc/avr/5.4.0/../../../avr/lib/avr5/crtatmega644p.o
__vectors                                         /usr/lib/gcc/avr/5.4.0/../../../avr/lib/avr5/crtatmega644p.o
_exit                                             /usr/lib/gcc/avr/5.4.0/avr5/libgcc.a(_exit.o)
_height                                           ili9341.o
_width                                            ili9341.o
atoi                                              /usr/lib/gcc/avr/5.4.0/../../../avr/lib/avr5/libc.a(atoi.o)
                                                  main.o
background                                        main.o
backuplocationiactual                             ili9341gfx.o
backuplocationiset                                ili9341gfx.o
backuplocationvactual                             ili9341gfx.o
backuplocationvset                                ili9341gfx.o
cursor_x                                          ili9341gfx.o
cursor_y                                          ili9341gfx.o
debug                                             main.o
disk_initialize                                   fatfs/libfat.a(diskio.o)
                                                  fatfs/libfat.a(ff.o)
disk_ioctl                                        fatfs/libfat.a(diskio.o)
                                                  fatfs/libfat.a(ff.o)
disk_read                                         fatfs/libfat.a(diskio.o)
                                                  fatfs/libfat.a(ff.o)
disk_status                                       fatfs/libfat.a(diskio.o)
                                                  fatfs/libfat.a(ff.o)
disk_timerproc                                    fatfs/libfat.a(diskio.o)
                                                  main.o
disk_write                                        fatfs/libfat.a(diskio.o)
                                                  fatfs/libfat.a(ff.o)
draw_back                                         main.o
draw_box                                          main.o
draw_button                                       main.o
draw_msg                                          main.o
draw_progress                                     main.o
exit                                              /usr/lib/gcc/avr/5.4.0/avr5/libgcc.a(_exit.o)
                                                  /usr/lib/gcc/avr/5.4.0/../../../avr/lib/avr5/crtatmega644p.o
f_chdir                                           fatfs/libfat.a(ff.o)
f_chdrive                                         fatfs/libfat.a(ff.o)
f_close                                           fatfs/libfat.a(ff.o)
                                                  main.o
f_expand                                          fatfs/libfat.a(ff.o)
f_getcwd                                          fatfs/libfat.a(ff.o)
f_getlabel                                        fatfs/libfat.a(ff.o)
f_gets                                            fatfs/libfat.a(ff.o)
                                                  main.o
f_mount                                           fatfs/libfat.a(ff.o)
                                                  main.o
f_open                                            fatfs/libfat.a(ff.o)
                                                  main.o
f_printf                                          fatfs/libfat.a(ff.o)
f_putc                                            fatfs/libfat.a(ff.o)
f_puts                                            fatfs/libfat.a(ff.o)
f_read                                            fatfs/libfat.a(ff.o)
f_setlabel                                        fatfs/libfat.a(ff.o)
f_sync                                            fatfs/libfat.a(ff.o)
                                                  main.o
f_write                                           fatfs/libfat.a(ff.o)
                                                  main.o
ff_oem2uni                                        fatfs/libfat.a(ffunicode_avr.o)
                                                  fatfs/libfat.a(ff.o)
ff_uni2oem                                        fatfs/libfat.a(ffunicode_avr.o)
                                                  fatfs/libfat.a(ff.o)
ff_wtoupper                                       fatfs/libfat.a(ffunicode_avr.o)
                                                  fatfs/libfat.a(ff.o)
fgetc                                             /usr/lib/gcc/avr/5.4.0/../../../avr/lib/avr5/libc.a(fgetc.o)
                                                  /usr/lib/gcc/avr/5.4.0/../../../avr/lib/avr5/libc.a(vfscanf_std.o)
fputc                                             /usr/lib/gcc/avr/5.4.0/../../../avr/lib/avr5/libc.a(fputc.o)
                                                  /usr/lib/gcc/avr/5.4.0/../../../avr/lib/avr5/libprintf_flt.a(vfprintf_flt.o)
fputs                                             /usr/lib/gcc/avr/5.4.0/../../../avr/lib/avr5/libc.a(fputs.o)
                                                  main.o
free                                              /usr/lib/gcc/avr/5.4.0/../../../avr/lib/avr5/libc.a(malloc.o)
iactualx                                          ili9341gfx.o
iactualy                                          ili9341gfx.o
ili9341_clear                                     ili9341.o
                                                  main.o
ili9341_drawFastHLine                             ili9341.o
ili9341_drawFastVLine                             ili9341.o
ili9341_drawRect                                  ili9341.o
ili9341_drawXBitmap                               ili9341.o
                                                  main.o
ili9341_drawchar                                  ili9341gfx.o
ili9341_drawhline                                 ili9341.o
                                                  main.o
ili9341_drawpixel                                 ili9341.o
                                                  ili9341gfx.o
ili9341_drawvline                                 ili9341.o
                                                  main.o
ili9341_fillRect                                  ili9341.o
ili9341_fillrect                                  ili9341.o
                                                  ili9341gfx.o
                                                  main.o
ili9341_hard_init                                 ili9341.o
ili9341_hard_reset                                ili9341.o
ili9341_init                                      ili9341.o
                                                  main.o
ili9341_pushcolour                                ili9341.o
ili9341_putchar_printf                            ili9341gfx.o
                                                  main.o
ili9341_setRotation                               ili9341.o
                                                  main.o
ili9341_setaddress                                ili9341.o
ili9341_setcursor                                 ili9341gfx.o
                                                  main.o
ili9341_settextcolour                             ili9341gfx.o
                                                  main.o
ili9341_settextsize                               ili9341gfx.o
                                                  main.o
ili9341_spi_init                                  ili9341.o
ili9341_spi_send                                  ili9341.o
ili9341_write                                     ili9341gfx.o
ili9341_writecommand8                             ili9341.o
ili9341_writedata8                                ili9341.o
isetx                                             ili9341gfx.o
isety                                             ili9341gfx.o
isspace                                           /usr/lib/gcc/avr/5.4.0/../../../avr/lib/avr5/libc.a(isspace.o)
                                                  /usr/lib/gcc/avr/5.4.0/../../../avr/lib/avr5/libc.a(vfscanf_std.o)
main                                              main.o
                                                  /usr/lib/gcc/avr/5.4.0/../../../avr/lib/avr5/crtatmega644p.o
malloc                                            /usr/lib/gcc/avr/5.4.0/../../../avr/lib/avr5/libc.a(malloc.o)
                                                  /usr/lib/gcc/avr/5.4.0/../../../avr/lib/avr5/libc.a(strdup.o)
map                                               main.o
messInit                                          main.o
mmc_disk_initialize                               fatfs/libfat.a(mmc_avr_spi.o)
                                                  fatfs/libfat.a(diskio.o)
mmc_disk_ioctl                                    fatfs/libfat.a(mmc_avr_spi.o)
                                                  fatfs/libfat.a(diskio.o)
mmc_disk_read                                     fatfs/libfat.a(mmc_avr_spi.o)
                                                  fatfs/libfat.a(diskio.o)
mmc_disk_status                                   fatfs/libfat.a(mmc_avr_spi.o)
                                                  fatfs/libfat.a(diskio.o)
mmc_disk_timerproc                                fatfs/libfat.a(mmc_avr_spi.o)
                                                  fatfs/libfat.a(diskio.o)
mmc_disk_write                                    fatfs/libfat.a(mmc_avr_spi.o)
                                                  fatfs/libfat.a(diskio.o)
piezo                                             main.o
print_at_lcd                                      main.o
printf                                            /usr/lib/gcc/avr/5.4.0/../../../avr/lib/avr5/libc.a(printf.o)
                                                  fatfs/libfat.a(mmc_avr_spi.o)
                                                  main.o
pwm                                               main.o
pwm_offset                                        main.o
read_ADC                                          adc.o
                                                  main.o
read_ini                                          main.o
setLast_readVolt                                  main.o
sprintf                                           /usr/lib/gcc/avr/5.4.0/../../../avr/lib/avr5/libc.a(sprintf.o)
                                                  main.o
sscanf                                            /usr/lib/gcc/avr/5.4.0/../../../avr/lib/avr5/libc.a(sscanf.o)
                                                  main.o
strchr_P                                          /usr/lib/gcc/avr/5.4.0/../../../avr/lib/avr5/libc.a(strchr_P.o)
                                                  /usr/lib/gcc/avr/5.4.0/../../../avr/lib/avr5/libc.a(vfscanf_std.o)
strcmp                                            /usr/lib/gcc/avr/5.4.0/../../../avr/lib/avr5/libc.a(strcmp.o)
                                                  main.o
strcpy                                            /usr/lib/gcc/avr/5.4.0/../../../avr/lib/avr5/libc.a(strcpy.o)
                                                  /usr/lib/gcc/avr/5.4.0/../../../avr/lib/avr5/libc.a(strdup.o)
strdup                                            /usr/lib/gcc/avr/5.4.0/../../../avr/lib/avr5/libc.a(strdup.o)
                                                  main.o
strnlen                                           /usr/lib/gcc/avr/5.4.0/../../../avr/lib/avr5/libc.a(strnlen.o)
                                                  /usr/lib/gcc/avr/5.4.0/../../../avr/lib/avr5/libprintf_flt.a(vfprintf_flt.o)
strnlen_P                                         /usr/lib/gcc/avr/5.4.0/../../../avr/lib/avr5/libc.a(strnlen_P.o)
                                                  /usr/lib/gcc/avr/5.4.0/../../../avr/lib/avr5/libprintf_flt.a(vfprintf_flt.o)
textbgcolour                                      ili9341gfx.o
textcolour                                        ili9341gfx.o
textsize                                          ili9341gfx.o
tst_cur                                           main.o
tst_voltage                                       main.o
uart_init                                         uart.o
                                                  main.o
uart_putc                                         uart.o
uart_putchar_printf                               uart.o
                                                  main.o
ungetc                                            /usr/lib/gcc/avr/5.4.0/../../../avr/lib/avr5/libc.a(ungetc.o)
                                                  /usr/lib/gcc/avr/5.4.0/../../../avr/lib/avr5/libc.a(vfscanf_std.o)
user_name                                         main.o
vactualx                                          ili9341gfx.o
vactualy                                          ili9341gfx.o
vfprintf                                          /usr/lib/gcc/avr/5.4.0/../../../avr/lib/avr5/libprintf_flt.a(vfprintf_flt.o)
                                                  /usr/lib/gcc/avr/5.4.0/../../../avr/lib/avr5/libc.a(vsnprintf.o)
                                                  /usr/lib/gcc/avr/5.4.0/../../../avr/lib/avr5/libc.a(sprintf.o)
                                                  /usr/lib/gcc/avr/5.4.0/../../../avr/lib/avr5/libc.a(printf.o)
vfscanf                                           /usr/lib/gcc/avr/5.4.0/../../../avr/lib/avr5/libc.a(vfscanf_std.o)
                                                  /usr/lib/gcc/avr/5.4.0/../../../avr/lib/avr5/libc.a(sscanf.o)
vsetx                                             ili9341gfx.o
vsety                                             ili9341gfx.o
vsnprintf                                         /usr/lib/gcc/avr/5.4.0/../../../avr/lib/avr5/libc.a(vsnprintf.o)
                                                  main.o
write_res                                         main.o