Archive member included to satisfy reference by file (symbol)

/usr/local/lib/gcc/avr/10.0.1/avr5/libgcc.a(_udivmodqi4.o)
                              obj_mmc/rtc_ds1338.o (__udivmodqi4)
/usr/local/lib/gcc/avr/10.0.1/avr5/libgcc.a(_udivmodhi4.o)
                              obj_mmc/rtc_ds1338.o (__udivmodhi4)
/usr/local/lib/gcc/avr/10.0.1/avr5/libgcc.a(_udivmodsi4.o)
                              obj_mmc/uart.o (__udivmodsi4)
/usr/local/lib/gcc/avr/10.0.1/avr5/libgcc.a(_exit.o)
                              /usr/local/lib/gcc/avr/10.0.1/../../../../avr/lib/avr5/crtatmega644p.o (exit)
/usr/local/lib/gcc/avr/10.0.1/avr5/libgcc.a(_tablejump2.o)
                              obj_mmc/mmc_avr_spi.o (__tablejump2__)
/usr/local/lib/gcc/avr/10.0.1/avr5/libgcc.a(_copy_data.o)
                              obj_mmc/mmc_avr_spi.o (__do_copy_data)
/usr/local/lib/gcc/avr/10.0.1/avr5/libgcc.a(_clear_bss.o)
                              obj_mmc/uart.o (__do_clear_bss)
/usr/local/lib/gcc/avr/10.0.1/avr5/libgcc.a(_muluhisi3.o)
                              obj_mmc/ff.o (__muluhisi3)
/usr/local/lib/gcc/avr/10.0.1/avr5/libgcc.a(_udivdi3.o)
                              obj_mmc/ff.o (__udivdi3)
/usr/local/lib/gcc/avr/10.0.1/avr5/libgcc.a(_udivmod64.o)
                              /usr/local/lib/gcc/avr/10.0.1/avr5/libgcc.a(_udivdi3.o) (__udivmod64)
/usr/local/lib/gcc/avr/10.0.1/avr5/libgcc.a(_prologue.o)
                              obj_mmc/uart.o (__prologue_saves__)
/usr/local/lib/gcc/avr/10.0.1/avr5/libgcc.a(_epilogue.o)
                              obj_mmc/uart.o (__epilogue_restores__)
/usr/local/lib/gcc/avr/10.0.1/avr5/libgcc.a(_ashrdi3.o)
                              obj_mmc/ff.o (__lshrdi3)
/usr/local/lib/gcc/avr/10.0.1/avr5/libgcc.a(_adddi3.o)
                              obj_mmc/ff.o (__adddi3)
/usr/local/lib/gcc/avr/10.0.1/avr5/libgcc.a(_adddi3_s8.o)
                              obj_mmc/ff.o (__adddi3_s8)
/usr/local/lib/gcc/avr/10.0.1/avr5/libgcc.a(_subdi3.o)
                              obj_mmc/ff.o (__subdi3)
/usr/local/lib/gcc/avr/10.0.1/avr5/libgcc.a(_cmpdi2.o)
                              obj_mmc/ff.o (__cmpdi2)
/usr/local/lib/gcc/avr/10.0.1/avr5/libgcc.a(_cmpdi2_s8.o)
                              obj_mmc/ff.o (__cmpdi2_s8)
/usr/local/lib/gcc/avr/10.0.1/avr5/libgcc.a(_umulhisi3.o)
                              /usr/local/lib/gcc/avr/10.0.1/avr5/libgcc.a(_muluhisi3.o) (__umulhisi3)
/usr/local/lib/gcc/avr/10.0.1/../../../../avr/lib/avr5/libc.a(printf.o)
                              obj_mmc/mmc_avr_spi.o (printf)
/usr/local/lib/gcc/avr/10.0.1/../../../../avr/lib/avr5/libc.a(vfprintf_std.o)
                              /usr/local/lib/gcc/avr/10.0.1/../../../../avr/lib/avr5/libc.a(printf.o) (vfprintf)
/usr/local/lib/gcc/avr/10.0.1/../../../../avr/lib/avr5/libc.a(strnlen_P.o)
                              /usr/local/lib/gcc/avr/10.0.1/../../../../avr/lib/avr5/libc.a(vfprintf_std.o) (strnlen_P)
/usr/local/lib/gcc/avr/10.0.1/../../../../avr/lib/avr5/libc.a(strnlen.o)
                              /usr/local/lib/gcc/avr/10.0.1/../../../../avr/lib/avr5/libc.a(vfprintf_std.o) (strnlen)
/usr/local/lib/gcc/avr/10.0.1/../../../../avr/lib/avr5/libc.a(fputc.o)
                              /usr/local/lib/gcc/avr/10.0.1/../../../../avr/lib/avr5/libc.a(vfprintf_std.o) (fputc)
/usr/local/lib/gcc/avr/10.0.1/../../../../avr/lib/avr5/libc.a(iob.o)
                              /usr/local/lib/gcc/avr/10.0.1/../../../../avr/lib/avr5/libc.a(printf.o) (__iob)
/usr/local/lib/gcc/avr/10.0.1/../../../../avr/lib/avr5/libc.a(ultoa_invert.o)
                              /usr/local/lib/gcc/avr/10.0.1/../../../../avr/lib/avr5/libc.a(vfprintf_std.o) (__ultoa_invert)

Memory Configuration

Name             Origin             Length             Attributes
text             0x0000000000000000 0x0000000000020000 xr
data             0x0000000000800060 0x000000000000ffa0 rw !x
eeprom           0x0000000000810000 0x0000000000010000 rw !x
fuse             0x0000000000820000 0x0000000000000400 rw !x
lock             0x0000000000830000 0x0000000000000400 rw !x
signature        0x0000000000840000 0x0000000000000400 rw !x
user_signatures  0x0000000000850000 0x0000000000000400 rw !x
*default*        0x0000000000000000 0xffffffffffffffff

Linker script and memory map

Address of section .data set to 0x800100
LOAD /usr/local/lib/gcc/avr/10.0.1/../../../../avr/lib/avr5/crtatmega644p.o
LOAD obj_mmc/xitoa.o
LOAD obj_mmc/uart.o
LOAD obj_mmc/diskio.o
LOAD obj_mmc/mmc_avr_spi.o
LOAD obj_mmc/rtc_ds1338.o
LOAD obj_mmc/ff.o
LOAD obj_mmc/ffunicode_avr.o
START GROUP
LOAD /usr/local/lib/gcc/avr/10.0.1/avr5/libgcc.a
LOAD /usr/local/lib/gcc/avr/10.0.1/../../../../avr/lib/avr5/libm.a
LOAD /usr/local/lib/gcc/avr/10.0.1/../../../../avr/lib/avr5/libc.a
LOAD /usr/local/lib/gcc/avr/10.0.1/../../../../avr/lib/avr5/libatmega644p.a
END GROUP
                0x0000000000020000                __TEXT_REGION_LENGTH__ = DEFINED (__TEXT_REGION_LENGTH__)?__TEXT_REGION_LENGTH__:0x20000
                0x000000000000ffa0                __DATA_REGION_LENGTH__ = DEFINED (__DATA_REGION_LENGTH__)?__DATA_REGION_LENGTH__:0xffa0
                0x0000000000010000                __EEPROM_REGION_LENGTH__ = DEFINED (__EEPROM_REGION_LENGTH__)?__EEPROM_REGION_LENGTH__:0x10000
                0x0000000000000400                __FUSE_REGION_LENGTH__ = DEFINED (__FUSE_REGION_LENGTH__)?__FUSE_REGION_LENGTH__:0x400
                0x0000000000000400                __LOCK_REGION_LENGTH__ = DEFINED (__LOCK_REGION_LENGTH__)?__LOCK_REGION_LENGTH__:0x400
                0x0000000000000400                __SIGNATURE_REGION_LENGTH__ = DEFINED (__SIGNATURE_REGION_LENGTH__)?__SIGNATURE_REGION_LENGTH__:0x400
                0x0000000000000400                __USER_SIGNATURE_REGION_LENGTH__ = DEFINED (__USER_SIGNATURE_REGION_LENGTH__)?__USER_SIGNATURE_REGION_LENGTH__:0x400

.hash
 *(.hash)

.dynsym
 *(.dynsym)

.dynstr
 *(.dynstr)

.gnu.version
 *(.gnu.version)

.gnu.version_d
 *(.gnu.version_d)

.gnu.version_r
 *(.gnu.version_r)

.rel.init
 *(.rel.init)

.rela.init
 *(.rela.init)

.rel.text
 *(.rel.text)
 *(.rel.text.*)
 *(.rel.gnu.linkonce.t*)

.rela.text
 *(.rela.text)
 *(.rela.text.*)
 *(.rela.gnu.linkonce.t*)

.rel.fini
 *(.rel.fini)

.rela.fini
 *(.rela.fini)

.rel.rodata
 *(.rel.rodata)
 *(.rel.rodata.*)
 *(.rel.gnu.linkonce.r*)

.rela.rodata
 *(.rela.rodata)
 *(.rela.rodata.*)
 *(.rela.gnu.linkonce.r*)

.rel.data
 *(.rel.data)
 *(.rel.data.*)
 *(.rel.gnu.linkonce.d*)

.rela.data
 *(.rela.data)
 *(.rela.data.*)
 *(.rela.gnu.linkonce.d*)

.rel.ctors
 *(.rel.ctors)

.rela.ctors
 *(.rela.ctors)

.rel.dtors
 *(.rel.dtors)

.rela.dtors
 *(.rela.dtors)

.rel.got
 *(.rel.got)

.rela.got
 *(.rela.got)

.rel.bss
 *(.rel.bss)

.rela.bss
 *(.rela.bss)

.rel.plt
 *(.rel.plt)

.rela.plt
 *(.rela.plt)

.text           0x0000000000000000     0x9366
 *(.vectors)
 .vectors       0x0000000000000000       0x7c /usr/local/lib/gcc/avr/10.0.1/../../../../avr/lib/avr5/crtatmega644p.o
                0x0000000000000000                __vectors
                0x0000000000000000                __vector_default
 *(.vectors)
 *(.progmem.gcc*)
                0x000000000000007c                . = ALIGN (0x2)
                0x000000000000007c                __trampolines_start = .
 *(.trampolines)
 .trampolines   0x000000000000007c        0x0 linker stubs
 *(.trampolines*)
                0x000000000000007c                __trampolines_end = .
 *libprintf_flt.a:*(.progmem.data)
 *libc.a:*(.progmem.data)
 *(.progmem.*)
 .progmem.data  0x000000000000007c      0x3ae obj_mmc/ffunicode_avr.o
                0x000000000000042a                . = ALIGN (0x2)
 *(.lowtext)
 *(.lowtext*)
                0x000000000000042a                __ctors_start = .
 *(.ctors)
                0x000000000000042a                __ctors_end = .
                0x000000000000042a                __dtors_start = .
 *(.dtors)
                0x000000000000042a                __dtors_end = .
 SORT_BY_NAME(*)(.ctors)
 SORT_BY_NAME(*)(.dtors)
 *(.init0)
 .init0         0x000000000000042a        0x0 /usr/local/lib/gcc/avr/10.0.1/../../../../avr/lib/avr5/crtatmega644p.o
                0x000000000000042a                __init
 *(.init0)
 *(.init1)
 *(.init1)
 *(.init2)
 .init2         0x000000000000042a        0xc /usr/local/lib/gcc/avr/10.0.1/../../../../avr/lib/avr5/crtatmega644p.o
 *(.init2)
 *(.init3)
 *(.init3)
 *(.init4)
 .init4         0x0000000000000436       0x16 /usr/local/lib/gcc/avr/10.0.1/avr5/libgcc.a(_copy_data.o)
                0x0000000000000436                __do_copy_data
 .init4         0x000000000000044c       0x10 /usr/local/lib/gcc/avr/10.0.1/avr5/libgcc.a(_clear_bss.o)
                0x000000000000044c                __do_clear_bss
 *(.init4)
 *(.init5)
 *(.init5)
 *(.init6)
 *(.init6)
 *(.init7)
 *(.init7)
 *(.init8)
 *(.init8)
 *(.init9)
 .init9         0x000000000000045c        0x8 /usr/local/lib/gcc/avr/10.0.1/../../../../avr/lib/avr5/crtatmega644p.o
 *(.init9)
 *(.text)
 .text          0x0000000000000464        0x4 /usr/local/lib/gcc/avr/10.0.1/../../../../avr/lib/avr5/crtatmega644p.o
                0x0000000000000464                __vector_22
                0x0000000000000464                __vector_28
                0x0000000000000464                __vector_1
                0x0000000000000464                __vector_24
                0x0000000000000464                __vector_12
                0x0000000000000464                __bad_interrupt
                0x0000000000000464                __vector_6
                0x0000000000000464                __vector_3
                0x0000000000000464                __vector_23
                0x0000000000000464                __vector_30
                0x0000000000000464                __vector_25
                0x0000000000000464                __vector_11
                0x0000000000000464                __vector_13
                0x0000000000000464                __vector_17
                0x0000000000000464                __vector_19
                0x0000000000000464                __vector_7
                0x0000000000000464                __vector_27
                0x0000000000000464                __vector_5
                0x0000000000000464                __vector_4
                0x0000000000000464                __vector_9
                0x0000000000000464                __vector_2
                0x0000000000000464                __vector_15
                0x0000000000000464                __vector_29
                0x0000000000000464                __vector_8
                0x0000000000000464                __vector_26
                0x0000000000000464                __vector_14
                0x0000000000000464                __vector_10
                0x0000000000000464                __vector_16
                0x0000000000000464                __vector_18
 .text          0x0000000000000468      0x26a obj_mmc/xitoa.o
                0x0000000000000468                xputc
                0x000000000000048a                xputs
                0x0000000000000498                xitoa
                0x00000000000005bc                xprintf
                0x00000000000005d6                xsprintf
                0x000000000000061c                xatoi
 .text          0x00000000000006d2      0x1da obj_mmc/uart.o
                0x00000000000006d2                uart_init
                0x0000000000000740                uart_test
                0x000000000000074a                uart_getc
                0x0000000000000792                uart_putc
                0x00000000000007e0                __vector_20
                0x000000000000083a                __vector_21
 .text          0x00000000000008ac       0x7c obj_mmc/diskio.o
                0x00000000000008ac                disk_status
                0x00000000000008ba                disk_initialize
                0x00000000000008c8                disk_read
                0x00000000000008ea                disk_write
                0x000000000000090c                disk_ioctl
                0x0000000000000922                disk_timerproc
 .text          0x0000000000000928      0xc12 obj_mmc/mmc_avr_spi.o
                0x0000000000000b70                mmc_disk_initialize
                0x0000000000000ece                mmc_disk_status
                0x0000000000000ed4                mmc_disk_read
                0x0000000000000f78                mmc_disk_write
                0x0000000000001048                mmc_disk_ioctl
                0x000000000000150a                mmc_disk_timerproc
 .text          0x000000000000153a      0x3b2 obj_mmc/rtc_ds1338.o
                0x00000000000016fc                iic_read
                0x000000000000170e                iic_write
                0x0000000000001720                rtc_gettime
                0x00000000000017d4                rtc_settime
                0x0000000000001866                rtc_init
 .text          0x00000000000018ec     0x7142 obj_mmc/ff.o
                0x000000000000509c                f_mount
                0x00000000000051d4                f_open
                0x00000000000062be                f_read
                0x0000000000006672                f_write
                0x0000000000006c1c                f_sync
                0x0000000000006ea2                f_close
                0x0000000000006edc                f_chdrive
                0x0000000000006f0e                f_chdir
                0x0000000000007046                f_getcwd
                0x00000000000072b8                f_lseek
                0x0000000000007a7e                f_opendir
                0x0000000000007b94                f_closedir
                0x0000000000007bbe                f_readdir
                0x0000000000007c2c                f_getlabel
                0x0000000000007df6                f_setlabel
                0x000000000000812e                f_expand
                0x0000000000008556                f_gets
                0x00000000000085c6                f_putc
                0x0000000000008608                f_puts
                0x0000000000008650                f_printf
 .text          0x0000000000008a2e      0x16e obj_mmc/ffunicode_avr.o
                0x0000000000008a2e                ff_uni2oem
                0x0000000000008a82                ff_oem2uni
                0x0000000000008ab0                ff_wtoupper
 .text          0x0000000000008b9c        0x0 /usr/local/lib/gcc/avr/10.0.1/avr5/libgcc.a(_udivmodqi4.o)
 .text          0x0000000000008b9c        0x0 /usr/local/lib/gcc/avr/10.0.1/avr5/libgcc.a(_udivmodhi4.o)
 .text          0x0000000000008b9c        0x0 /usr/local/lib/gcc/avr/10.0.1/avr5/libgcc.a(_udivmodsi4.o)
 .text          0x0000000000008b9c        0x0 /usr/local/lib/gcc/avr/10.0.1/avr5/libgcc.a(_exit.o)
 .text          0x0000000000008b9c        0x0 /usr/local/lib/gcc/avr/10.0.1/avr5/libgcc.a(_tablejump2.o)
 .text          0x0000000000008b9c        0x0 /usr/local/lib/gcc/avr/10.0.1/avr5/libgcc.a(_copy_data.o)
 .text          0x0000000000008b9c        0x0 /usr/local/lib/gcc/avr/10.0.1/avr5/libgcc.a(_clear_bss.o)
 .text          0x0000000000008b9c        0x0 /usr/local/lib/gcc/avr/10.0.1/avr5/libgcc.a(_muluhisi3.o)
 .text          0x0000000000008b9c        0x0 /usr/local/lib/gcc/avr/10.0.1/avr5/libgcc.a(_udivdi3.o)
 .text          0x0000000000008b9c        0x0 /usr/local/lib/gcc/avr/10.0.1/avr5/libgcc.a(_udivmod64.o)
 .text          0x0000000000008b9c        0x0 /usr/local/lib/gcc/avr/10.0.1/avr5/libgcc.a(_prologue.o)
 .text          0x0000000000008b9c        0x0 /usr/local/lib/gcc/avr/10.0.1/avr5/libgcc.a(_epilogue.o)
 .text          0x0000000000008b9c        0x0 /usr/local/lib/gcc/avr/10.0.1/avr5/libgcc.a(_ashrdi3.o)
 .text          0x0000000000008b9c        0x0 /usr/local/lib/gcc/avr/10.0.1/avr5/libgcc.a(_adddi3.o)
 .text          0x0000000000008b9c        0x0 /usr/local/lib/gcc/avr/10.0.1/avr5/libgcc.a(_adddi3_s8.o)
 .text          0x0000000000008b9c        0x0 /usr/local/lib/gcc/avr/10.0.1/avr5/libgcc.a(_subdi3.o)
 .text          0x0000000000008b9c        0x0 /usr/local/lib/gcc/avr/10.0.1/avr5/libgcc.a(_cmpdi2.o)
 .text          0x0000000000008b9c        0x0 /usr/local/lib/gcc/avr/10.0.1/avr5/libgcc.a(_cmpdi2_s8.o)
 .text          0x0000000000008b9c        0x0 /usr/local/lib/gcc/avr/10.0.1/avr5/libgcc.a(_umulhisi3.o)
 .text          0x0000000000008b9c        0x0 /usr/local/lib/gcc/avr/10.0.1/../../../../avr/lib/avr5/libc.a(printf.o)
 .text          0x0000000000008b9c        0x0 /usr/local/lib/gcc/avr/10.0.1/../../../../avr/lib/avr5/libc.a(vfprintf_std.o)
 .text          0x0000000000008b9c        0x0 /usr/local/lib/gcc/avr/10.0.1/../../../../avr/lib/avr5/libc.a(strnlen_P.o)
 .text          0x0000000000008b9c        0x0 /usr/local/lib/gcc/avr/10.0.1/../../../../avr/lib/avr5/libc.a(strnlen.o)
 .text          0x0000000000008b9c        0x0 /usr/local/lib/gcc/avr/10.0.1/../../../../avr/lib/avr5/libc.a(fputc.o)
 .text          0x0000000000008b9c        0x0 /usr/local/lib/gcc/avr/10.0.1/../../../../avr/lib/avr5/libc.a(iob.o)
 .text          0x0000000000008b9c        0x0 /usr/local/lib/gcc/avr/10.0.1/../../../../avr/lib/avr5/libc.a(ultoa_invert.o)
                0x0000000000008b9c                . = ALIGN (0x2)
 *(.text.*)
 .text.libgcc.mul
                0x0000000000008b9c        0x0 /usr/local/lib/gcc/avr/10.0.1/avr5/libgcc.a(_udivmodqi4.o)
 .text.libgcc.div
                0x0000000000008b9c       0x18 /usr/local/lib/gcc/avr/10.0.1/avr5/libgcc.a(_udivmodqi4.o)
                0x0000000000008b9c                __udivmodqi4
 .text.libgcc   0x0000000000008bb4        0x0 /usr/local/lib/gcc/avr/10.0.1/avr5/libgcc.a(_udivmodqi4.o)
 .text.libgcc.prologue
                0x0000000000008bb4        0x0 /usr/local/lib/gcc/avr/10.0.1/avr5/libgcc.a(_udivmodqi4.o)
 .text.libgcc.builtins
                0x0000000000008bb4        0x0 /usr/local/lib/gcc/avr/10.0.1/avr5/libgcc.a(_udivmodqi4.o)
 .text.libgcc.fmul
                0x0000000000008bb4        0x0 /usr/local/lib/gcc/avr/10.0.1/avr5/libgcc.a(_udivmodqi4.o)
 .text.libgcc.fixed
                0x0000000000008bb4        0x0 /usr/local/lib/gcc/avr/10.0.1/avr5/libgcc.a(_udivmodqi4.o)
 .text.libgcc.mul
                0x0000000000008bb4        0x0 /usr/local/lib/gcc/avr/10.0.1/avr5/libgcc.a(_udivmodhi4.o)
 .text.libgcc.div
                0x0000000000008bb4       0x28 /usr/local/lib/gcc/avr/10.0.1/avr5/libgcc.a(_udivmodhi4.o)
                0x0000000000008bb4                __udivmodhi4
 .text.libgcc   0x0000000000008bdc        0x0 /usr/local/lib/gcc/avr/10.0.1/avr5/libgcc.a(_udivmodhi4.o)
 .text.libgcc.prologue
                0x0000000000008bdc        0x0 /usr/local/lib/gcc/avr/10.0.1/avr5/libgcc.a(_udivmodhi4.o)
 .text.libgcc.builtins
                0x0000000000008bdc        0x0 /usr/local/lib/gcc/avr/10.0.1/avr5/libgcc.a(_udivmodhi4.o)
 .text.libgcc.fmul
                0x0000000000008bdc        0x0 /usr/local/lib/gcc/avr/10.0.1/avr5/libgcc.a(_udivmodhi4.o)
 .text.libgcc.fixed
                0x0000000000008bdc        0x0 /usr/local/lib/gcc/avr/10.0.1/avr5/libgcc.a(_udivmodhi4.o)
 .text.libgcc.mul
                0x0000000000008bdc        0x0 /usr/local/lib/gcc/avr/10.0.1/avr5/libgcc.a(_udivmodsi4.o)
 .text.libgcc.div
                0x0000000000008bdc       0x44 /usr/local/lib/gcc/avr/10.0.1/avr5/libgcc.a(_udivmodsi4.o)
                0x0000000000008bdc                __udivmodsi4
 .text.libgcc   0x0000000000008c20        0x0 /usr/local/lib/gcc/avr/10.0.1/avr5/libgcc.a(_udivmodsi4.o)
 .text.libgcc.prologue
                0x0000000000008c20        0x0 /usr/local/lib/gcc/avr/10.0.1/avr5/libgcc.a(_udivmodsi4.o)
 .text.libgcc.builtins
                0x0000000000008c20        0x0 /usr/local/lib/gcc/avr/10.0.1/avr5/libgcc.a(_udivmodsi4.o)
 .text.libgcc.fmul
                0x0000000000008c20        0x0 /usr/local/lib/gcc/avr/10.0.1/avr5/libgcc.a(_udivmodsi4.o)
 .text.libgcc.fixed
                0x0000000000008c20        0x0 /usr/local/lib/gcc/avr/10.0.1/avr5/libgcc.a(_udivmodsi4.o)
 .text.libgcc.mul
                0x0000000000008c20        0x0 /usr/local/lib/gcc/avr/10.0.1/avr5/libgcc.a(_exit.o)
 .text.libgcc.div
                0x0000000000008c20        0x0 /usr/local/lib/gcc/avr/10.0.1/avr5/libgcc.a(_exit.o)
 .text.libgcc   0x0000000000008c20        0x0 /usr/local/lib/gcc/avr/10.0.1/avr5/libgcc.a(_exit.o)
 .text.libgcc.prologue
                0x0000000000008c20        0x0 /usr/local/lib/gcc/avr/10.0.1/avr5/libgcc.a(_exit.o)
 .text.libgcc.builtins
                0x0000000000008c20        0x0 /usr/local/lib/gcc/avr/10.0.1/avr5/libgcc.a(_exit.o)
 .text.libgcc.fmul
                0x0000000000008c20        0x0 /usr/local/lib/gcc/avr/10.0.1/avr5/libgcc.a(_exit.o)
 .text.libgcc.fixed
                0x0000000000008c20        0x0 /usr/local/lib/gcc/avr/10.0.1/avr5/libgcc.a(_exit.o)
 .text.libgcc.mul
                0x0000000000008c20        0x0 /usr/local/lib/gcc/avr/10.0.1/avr5/libgcc.a(_tablejump2.o)
 .text.libgcc.div
                0x0000000000008c20        0x0 /usr/local/lib/gcc/avr/10.0.1/avr5/libgcc.a(_tablejump2.o)
 .text.libgcc   0x0000000000008c20        0xc /usr/local/lib/gcc/avr/10.0.1/avr5/libgcc.a(_tablejump2.o)
                0x0000000000008c20                __tablejump2__
 .text.libgcc.prologue
                0x0000000000008c2c        0x0 /usr/local/lib/gcc/avr/10.0.1/avr5/libgcc.a(_tablejump2.o)
 .text.libgcc.builtins
                0x0000000000008c2c        0x0 /usr/local/lib/gcc/avr/10.0.1/avr5/libgcc.a(_tablejump2.o)
 .text.libgcc.fmul
                0x0000000000008c2c        0x0 /usr/local/lib/gcc/avr/10.0.1/avr5/libgcc.a(_tablejump2.o)
 .text.libgcc.fixed
                0x0000000000008c2c        0x0 /usr/local/lib/gcc/avr/10.0.1/avr5/libgcc.a(_tablejump2.o)
 .text.libgcc.mul
                0x0000000000008c2c        0x0 /usr/local/lib/gcc/avr/10.0.1/avr5/libgcc.a(_copy_data.o)
 .text.libgcc.div
                0x0000000000008c2c        0x0 /usr/local/lib/gcc/avr/10.0.1/avr5/libgcc.a(_copy_data.o)
 .text.libgcc   0x0000000000008c2c        0x0 /usr/local/lib/gcc/avr/10.0.1/avr5/libgcc.a(_copy_data.o)
 .text.libgcc.prologue
                0x0000000000008c2c        0x0 /usr/local/lib/gcc/avr/10.0.1/avr5/libgcc.a(_copy_data.o)
 .text.libgcc.builtins
                0x0000000000008c2c        0x0 /usr/local/lib/gcc/avr/10.0.1/avr5/libgcc.a(_copy_data.o)
 .text.libgcc.fmul
                0x0000000000008c2c        0x0 /usr/local/lib/gcc/avr/10.0.1/avr5/libgcc.a(_copy_data.o)
 .text.libgcc.fixed
                0x0000000000008c2c        0x0 /usr/local/lib/gcc/avr/10.0.1/avr5/libgcc.a(_copy_data.o)
 .text.libgcc.mul
                0x0000000000008c2c        0x0 /usr/local/lib/gcc/avr/10.0.1/avr5/libgcc.a(_clear_bss.o)
 .text.libgcc.div
                0x0000000000008c2c        0x0 /usr/local/lib/gcc/avr/10.0.1/avr5/libgcc.a(_clear_bss.o)
 .text.libgcc   0x0000000000008c2c        0x0 /usr/local/lib/gcc/avr/10.0.1/avr5/libgcc.a(_clear_bss.o)
 .text.libgcc.prologue
                0x0000000000008c2c        0x0 /usr/local/lib/gcc/avr/10.0.1/avr5/libgcc.a(_clear_bss.o)
 .text.libgcc.builtins
                0x0000000000008c2c        0x0 /usr/local/lib/gcc/avr/10.0.1/avr5/libgcc.a(_clear_bss.o)
 .text.libgcc.fmul
                0x0000000000008c2c        0x0 /usr/local/lib/gcc/avr/10.0.1/avr5/libgcc.a(_clear_bss.o)
 .text.libgcc.fixed
                0x0000000000008c2c        0x0 /usr/local/lib/gcc/avr/10.0.1/avr5/libgcc.a(_clear_bss.o)
 .text.libgcc.mul
                0x0000000000008c2c       0x16 /usr/local/lib/gcc/avr/10.0.1/avr5/libgcc.a(_muluhisi3.o)
                0x0000000000008c2c                __muluhisi3
 .text.libgcc.div
                0x0000000000008c42        0x0 /usr/local/lib/gcc/avr/10.0.1/avr5/libgcc.a(_muluhisi3.o)
 .text.libgcc   0x0000000000008c42        0x0 /usr/local/lib/gcc/avr/10.0.1/avr5/libgcc.a(_muluhisi3.o)
 .text.libgcc.prologue
                0x0000000000008c42        0x0 /usr/local/lib/gcc/avr/10.0.1/avr5/libgcc.a(_muluhisi3.o)
 .text.libgcc.builtins
                0x0000000000008c42        0x0 /usr/local/lib/gcc/avr/10.0.1/avr5/libgcc.a(_muluhisi3.o)
 .text.libgcc.fmul
                0x0000000000008c42        0x0 /usr/local/lib/gcc/avr/10.0.1/avr5/libgcc.a(_muluhisi3.o)
 .text.libgcc.fixed
                0x0000000000008c42        0x0 /usr/local/lib/gcc/avr/10.0.1/avr5/libgcc.a(_muluhisi3.o)
 .text.libgcc.mul
                0x0000000000008c42        0x0 /usr/local/lib/gcc/avr/10.0.1/avr5/libgcc.a(_udivdi3.o)
 .text.libgcc.div
                0x0000000000008c42       0x1c /usr/local/lib/gcc/avr/10.0.1/avr5/libgcc.a(_udivdi3.o)
                0x0000000000008c42                __umoddi3
                0x0000000000008c46                __udivdi3
                0x0000000000008c48                __udivdi3_umoddi3
 .text.libgcc   0x0000000000008c5e        0x0 /usr/local/lib/gcc/avr/10.0.1/avr5/libgcc.a(_udivdi3.o)
 .text.libgcc.prologue
                0x0000000000008c5e        0x0 /usr/local/lib/gcc/avr/10.0.1/avr5/libgcc.a(_udivdi3.o)
 .text.libgcc.builtins
                0x0000000000008c5e        0x0 /usr/local/lib/gcc/avr/10.0.1/avr5/libgcc.a(_udivdi3.o)
 .text.libgcc.fmul
                0x0000000000008c5e        0x0 /usr/local/lib/gcc/avr/10.0.1/avr5/libgcc.a(_udivdi3.o)
 .text.libgcc.fixed
                0x0000000000008c5e        0x0 /usr/local/lib/gcc/avr/10.0.1/avr5/libgcc.a(_udivdi3.o)
 .text.libgcc.mul
                0x0000000000008c5e        0x0 /usr/local/lib/gcc/avr/10.0.1/avr5/libgcc.a(_udivmod64.o)
 .text.libgcc.div
                0x0000000000008c5e       0xa2 /usr/local/lib/gcc/avr/10.0.1/avr5/libgcc.a(_udivmod64.o)
                0x0000000000008c5e                __udivmod64
 .text.libgcc   0x0000000000008d00        0x0 /usr/local/lib/gcc/avr/10.0.1/avr5/libgcc.a(_udivmod64.o)
 .text.libgcc.prologue
                0x0000000000008d00        0x0 /usr/local/lib/gcc/avr/10.0.1/avr5/libgcc.a(_udivmod64.o)
 .text.libgcc.builtins
                0x0000000000008d00        0x0 /usr/local/lib/gcc/avr/10.0.1/avr5/libgcc.a(_udivmod64.o)
 .text.libgcc.fmul
                0x0000000000008d00        0x0 /usr/local/lib/gcc/avr/10.0.1/avr5/libgcc.a(_udivmod64.o)
 .text.libgcc.fixed
                0x0000000000008d00        0x0 /usr/local/lib/gcc/avr/10.0.1/avr5/libgcc.a(_udivmod64.o)
 .text.libgcc.mul
                0x0000000000008d00        0x0 /usr/local/lib/gcc/avr/10.0.1/avr5/libgcc.a(_prologue.o)
 .text.libgcc.div
                0x0000000000008d00        0x0 /usr/local/lib/gcc/avr/10.0.1/avr5/libgcc.a(_prologue.o)
 .text.libgcc   0x0000000000008d00        0x0 /usr/local/lib/gcc/avr/10.0.1/avr5/libgcc.a(_prologue.o)
 .text.libgcc.prologue
                0x0000000000008d00       0x38 /usr/local/lib/gcc/avr/10.0.1/avr5/libgcc.a(_prologue.o)
                0x0000000000008d00                __prologue_saves__
 .text.libgcc.builtins
                0x0000000000008d38        0x0 /usr/local/lib/gcc/avr/10.0.1/avr5/libgcc.a(_prologue.o)
 .text.libgcc.fmul
                0x0000000000008d38        0x0 /usr/local/lib/gcc/avr/10.0.1/avr5/libgcc.a(_prologue.o)
 .text.libgcc.fixed
                0x0000000000008d38        0x0 /usr/local/lib/gcc/avr/10.0.1/avr5/libgcc.a(_prologue.o)
 .text.libgcc.mul
                0x0000000000008d38        0x0 /usr/local/lib/gcc/avr/10.0.1/avr5/libgcc.a(_epilogue.o)
 .text.libgcc.div
                0x0000000000008d38        0x0 /usr/local/lib/gcc/avr/10.0.1/avr5/libgcc.a(_epilogue.o)
 .text.libgcc   0x0000000000008d38        0x0 /usr/local/lib/gcc/avr/10.0.1/avr5/libgcc.a(_epilogue.o)
 .text.libgcc.prologue
                0x0000000000008d38       0x36 /usr/local/lib/gcc/avr/10.0.1/avr5/libgcc.a(_epilogue.o)
                0x0000000000008d38                __epilogue_restores__
 .text.libgcc.builtins
                0x0000000000008d6e        0x0 /usr/local/lib/gcc/avr/10.0.1/avr5/libgcc.a(_epilogue.o)
 .text.libgcc.fmul
                0x0000000000008d6e        0x0 /usr/local/lib/gcc/avr/10.0.1/avr5/libgcc.a(_epilogue.o)
 .text.libgcc.fixed
                0x0000000000008d6e        0x0 /usr/local/lib/gcc/avr/10.0.1/avr5/libgcc.a(_epilogue.o)
 .text.libgcc.mul
                0x0000000000008d6e        0x0 /usr/local/lib/gcc/avr/10.0.1/avr5/libgcc.a(_ashrdi3.o)
 .text.libgcc.div
                0x0000000000008d6e        0x0 /usr/local/lib/gcc/avr/10.0.1/avr5/libgcc.a(_ashrdi3.o)
 .text.libgcc   0x0000000000008d6e        0x0 /usr/local/lib/gcc/avr/10.0.1/avr5/libgcc.a(_ashrdi3.o)
 .text.libgcc.prologue
                0x0000000000008d6e        0x0 /usr/local/lib/gcc/avr/10.0.1/avr5/libgcc.a(_ashrdi3.o)
 .text.libgcc.builtins
                0x0000000000008d6e       0x3a /usr/local/lib/gcc/avr/10.0.1/avr5/libgcc.a(_ashrdi3.o)
                0x0000000000008d6e                __ashrdi3
                0x0000000000008d72                __lshrdi3
 .text.libgcc.fmul
                0x0000000000008da8        0x0 /usr/local/lib/gcc/avr/10.0.1/avr5/libgcc.a(_ashrdi3.o)
 .text.libgcc.fixed
                0x0000000000008da8        0x0 /usr/local/lib/gcc/avr/10.0.1/avr5/libgcc.a(_ashrdi3.o)
 .text.libgcc.mul
                0x0000000000008da8        0x0 /usr/local/lib/gcc/avr/10.0.1/avr5/libgcc.a(_adddi3.o)
 .text.libgcc.div
                0x0000000000008da8        0x0 /usr/local/lib/gcc/avr/10.0.1/avr5/libgcc.a(_adddi3.o)
 .text.libgcc   0x0000000000008da8       0x12 /usr/local/lib/gcc/avr/10.0.1/avr5/libgcc.a(_adddi3.o)
                0x0000000000008da8                __adddi3
 .text.libgcc.prologue
                0x0000000000008dba        0x0 /usr/local/lib/gcc/avr/10.0.1/avr5/libgcc.a(_adddi3.o)
 .text.libgcc.builtins
                0x0000000000008dba        0x0 /usr/local/lib/gcc/avr/10.0.1/avr5/libgcc.a(_adddi3.o)
 .text.libgcc.fmul
                0x0000000000008dba        0x0 /usr/local/lib/gcc/avr/10.0.1/avr5/libgcc.a(_adddi3.o)
 .text.libgcc.fixed
                0x0000000000008dba        0x0 /usr/local/lib/gcc/avr/10.0.1/avr5/libgcc.a(_adddi3.o)
 .text.libgcc.mul
                0x0000000000008dba        0x0 /usr/local/lib/gcc/avr/10.0.1/avr5/libgcc.a(_adddi3_s8.o)
 .text.libgcc.div
                0x0000000000008dba        0x0 /usr/local/lib/gcc/avr/10.0.1/avr5/libgcc.a(_adddi3_s8.o)
 .text.libgcc   0x0000000000008dba       0x18 /usr/local/lib/gcc/avr/10.0.1/avr5/libgcc.a(_adddi3_s8.o)
                0x0000000000008dba                __adddi3_s8
 .text.libgcc.prologue
                0x0000000000008dd2        0x0 /usr/local/lib/gcc/avr/10.0.1/avr5/libgcc.a(_adddi3_s8.o)
 .text.libgcc.builtins
                0x0000000000008dd2        0x0 /usr/local/lib/gcc/avr/10.0.1/avr5/libgcc.a(_adddi3_s8.o)
 .text.libgcc.fmul
                0x0000000000008dd2        0x0 /usr/local/lib/gcc/avr/10.0.1/avr5/libgcc.a(_adddi3_s8.o)
 .text.libgcc.fixed
                0x0000000000008dd2        0x0 /usr/local/lib/gcc/avr/10.0.1/avr5/libgcc.a(_adddi3_s8.o)
 .text.libgcc.mul
                0x0000000000008dd2        0x0 /usr/local/lib/gcc/avr/10.0.1/avr5/libgcc.a(_subdi3.o)
 .text.libgcc.div
                0x0000000000008dd2        0x0 /usr/local/lib/gcc/avr/10.0.1/avr5/libgcc.a(_subdi3.o)
 .text.libgcc   0x0000000000008dd2       0x12 /usr/local/lib/gcc/avr/10.0.1/avr5/libgcc.a(_subdi3.o)
                0x0000000000008dd2                __subdi3
 .text.libgcc.prologue
                0x0000000000008de4        0x0 /usr/local/lib/gcc/avr/10.0.1/avr5/libgcc.a(_subdi3.o)
 .text.libgcc.builtins
                0x0000000000008de4        0x0 /usr/local/lib/gcc/avr/10.0.1/avr5/libgcc.a(_subdi3.o)
 .text.libgcc.fmul
                0x0000000000008de4        0x0 /usr/local/lib/gcc/avr/10.0.1/avr5/libgcc.a(_subdi3.o)
 .text.libgcc.fixed
                0x0000000000008de4        0x0 /usr/local/lib/gcc/avr/10.0.1/avr5/libgcc.a(_subdi3.o)
 .text.libgcc.mul
                0x0000000000008de4        0x0 /usr/local/lib/gcc/avr/10.0.1/avr5/libgcc.a(_cmpdi2.o)
 .text.libgcc.div
                0x0000000000008de4        0x0 /usr/local/lib/gcc/avr/10.0.1/avr5/libgcc.a(_cmpdi2.o)
 .text.libgcc   0x0000000000008de4       0x12 /usr/local/lib/gcc/avr/10.0.1/avr5/libgcc.a(_cmpdi2.o)
                0x0000000000008de4                __cmpdi2
 .text.libgcc.prologue
                0x0000000000008df6        0x0 /usr/local/lib/gcc/avr/10.0.1/avr5/libgcc.a(_cmpdi2.o)
 .text.libgcc.builtins
                0x0000000000008df6        0x0 /usr/local/lib/gcc/avr/10.0.1/avr5/libgcc.a(_cmpdi2.o)
 .text.libgcc.fmul
                0x0000000000008df6        0x0 /usr/local/lib/gcc/avr/10.0.1/avr5/libgcc.a(_cmpdi2.o)
 .text.libgcc.fixed
                0x0000000000008df6        0x0 /usr/local/lib/gcc/avr/10.0.1/avr5/libgcc.a(_cmpdi2.o)
 .text.libgcc.mul
                0x0000000000008df6        0x0 /usr/local/lib/gcc/avr/10.0.1/avr5/libgcc.a(_cmpdi2_s8.o)
 .text.libgcc.div
                0x0000000000008df6        0x0 /usr/local/lib/gcc/avr/10.0.1/avr5/libgcc.a(_cmpdi2_s8.o)
 .text.libgcc   0x0000000000008df6       0x18 /usr/local/lib/gcc/avr/10.0.1/avr5/libgcc.a(_cmpdi2_s8.o)
                0x0000000000008df6                __cmpdi2_s8
 .text.libgcc.prologue
                0x0000000000008e0e        0x0 /usr/local/lib/gcc/avr/10.0.1/avr5/libgcc.a(_cmpdi2_s8.o)
 .text.libgcc.builtins
                0x0000000000008e0e        0x0 /usr/local/lib/gcc/avr/10.0.1/avr5/libgcc.a(_cmpdi2_s8.o)
 .text.libgcc.fmul
                0x0000000000008e0e        0x0 /usr/local/lib/gcc/avr/10.0.1/avr5/libgcc.a(_cmpdi2_s8.o)
 .text.libgcc.fixed
                0x0000000000008e0e        0x0 /usr/local/lib/gcc/avr/10.0.1/avr5/libgcc.a(_cmpdi2_s8.o)
 .text.libgcc.mul
                0x0000000000008e0e       0x1e /usr/local/lib/gcc/avr/10.0.1/avr5/libgcc.a(_umulhisi3.o)
                0x0000000000008e0e                __umulhisi3
 .text.libgcc.div
                0x0000000000008e2c        0x0 /usr/local/lib/gcc/avr/10.0.1/avr5/libgcc.a(_umulhisi3.o)
 .text.libgcc   0x0000000000008e2c        0x0 /usr/local/lib/gcc/avr/10.0.1/avr5/libgcc.a(_umulhisi3.o)
 .text.libgcc.prologue
                0x0000000000008e2c        0x0 /usr/local/lib/gcc/avr/10.0.1/avr5/libgcc.a(_umulhisi3.o)
 .text.libgcc.builtins
                0x0000000000008e2c        0x0 /usr/local/lib/gcc/avr/10.0.1/avr5/libgcc.a(_umulhisi3.o)
 .text.libgcc.fmul
                0x0000000000008e2c        0x0 /usr/local/lib/gcc/avr/10.0.1/avr5/libgcc.a(_umulhisi3.o)
 .text.libgcc.fixed
                0x0000000000008e2c        0x0 /usr/local/lib/gcc/avr/10.0.1/avr5/libgcc.a(_umulhisi3.o)
 .text.avr-libc
                0x0000000000008e2c       0x28 /usr/local/lib/gcc/avr/10.0.1/../../../../avr/lib/avr5/libc.a(printf.o)
                0x0000000000008e2c                printf
 .text.avr-libc
                0x0000000000008e54      0x3a6 /usr/local/lib/gcc/avr/10.0.1/../../../../avr/lib/avr5/libc.a(vfprintf_std.o)
                0x0000000000008e54                vfprintf
 .text.avr-libc
                0x00000000000091fa       0x16 /usr/local/lib/gcc/avr/10.0.1/../../../../avr/lib/avr5/libc.a(strnlen_P.o)
                0x00000000000091fa                strnlen_P
 .text.avr-libc
                0x0000000000009210       0x16 /usr/local/lib/gcc/avr/10.0.1/../../../../avr/lib/avr5/libc.a(strnlen.o)
                0x0000000000009210                strnlen
 .text.avr-libc
                0x0000000000009226       0x60 /usr/local/lib/gcc/avr/10.0.1/../../../../avr/lib/avr5/libc.a(fputc.o)
                0x0000000000009226                fputc
 .text.avr-libc
                0x0000000000009286       0xbc /usr/local/lib/gcc/avr/10.0.1/../../../../avr/lib/avr5/libc.a(ultoa_invert.o)
                0x0000000000009286                __ultoa_invert
                0x0000000000009342                . = ALIGN (0x2)
 *(.fini9)
 .fini9         0x0000000000009342        0x0 /usr/local/lib/gcc/avr/10.0.1/avr5/libgcc.a(_exit.o)
                0x0000000000009342                exit
                0x0000000000009342                _exit
 *(.fini9)
 *(.fini8)
 *(.fini8)
 *(.fini7)
 *(.fini7)
 *(.fini6)
 *(.fini6)
 *(.fini5)
 *(.fini5)
 *(.fini4)
 *(.fini4)
 *(.fini3)
 *(.fini3)
 *(.fini2)
 *(.fini2)
 *(.fini1)
 *(.fini1)
 *(.fini0)
 .fini0         0x0000000000009342        0x4 /usr/local/lib/gcc/avr/10.0.1/avr5/libgcc.a(_exit.o)
 *(.fini0)
 *(.hightext)
 *(.hightext*)
 *(.progmemx.*)
                0x0000000000009346                . = ALIGN (0x2)
 *(.jumptables)
 *(.jumptables*)
 .jumptables.gcc.mmc_disk_ioctl
                0x0000000000009346        0xe obj_mmc/mmc_avr_spi.o
 .jumptables.gcc.ff_wtoupper
                0x0000000000009354       0x12 obj_mmc/ffunicode_avr.o
                0x0000000000009366                _etext = .

.data           0x0000000000800100      0x10a load address 0x0000000000009366
                0x0000000000800100                PROVIDE (__data_start = .)
 *(.data)
 .data          0x0000000000800100        0x0 /usr/local/lib/gcc/avr/10.0.1/../../../../avr/lib/avr5/crtatmega644p.o
 .data          0x0000000000800100        0x0 obj_mmc/xitoa.o
 .data          0x0000000000800100        0x0 obj_mmc/uart.o
 .data          0x0000000000800100        0x0 obj_mmc/diskio.o
 .data          0x0000000000800100        0x1 obj_mmc/mmc_avr_spi.o
 .data          0x0000000000800101        0x0 obj_mmc/rtc_ds1338.o
 .data          0x0000000000800101        0x0 obj_mmc/ff.o
 .data          0x0000000000800101        0x0 obj_mmc/ffunicode_avr.o
 .data          0x0000000000800101        0x0 /usr/local/lib/gcc/avr/10.0.1/avr5/libgcc.a(_udivmodqi4.o)
 .data          0x0000000000800101        0x0 /usr/local/lib/gcc/avr/10.0.1/avr5/libgcc.a(_udivmodhi4.o)
 .data          0x0000000000800101        0x0 /usr/local/lib/gcc/avr/10.0.1/avr5/libgcc.a(_udivmodsi4.o)
 .data          0x0000000000800101        0x0 /usr/local/lib/gcc/avr/10.0.1/avr5/libgcc.a(_exit.o)
 .data          0x0000000000800101        0x0 /usr/local/lib/gcc/avr/10.0.1/avr5/libgcc.a(_tablejump2.o)
 .data          0x0000000000800101        0x0 /usr/local/lib/gcc/avr/10.0.1/avr5/libgcc.a(_copy_data.o)
 .data          0x0000000000800101        0x0 /usr/local/lib/gcc/avr/10.0.1/avr5/libgcc.a(_clear_bss.o)
 .data          0x0000000000800101        0x0 /usr/local/lib/gcc/avr/10.0.1/avr5/libgcc.a(_muluhisi3.o)
 .data          0x0000000000800101        0x0 /usr/local/lib/gcc/avr/10.0.1/avr5/libgcc.a(_udivdi3.o)
 .data          0x0000000000800101        0x0 /usr/local/lib/gcc/avr/10.0.1/avr5/libgcc.a(_udivmod64.o)
 .data          0x0000000000800101        0x0 /usr/local/lib/gcc/avr/10.0.1/avr5/libgcc.a(_prologue.o)
 .data          0x0000000000800101        0x0 /usr/local/lib/gcc/avr/10.0.1/avr5/libgcc.a(_epilogue.o)
 .data          0x0000000000800101        0x0 /usr/local/lib/gcc/avr/10.0.1/avr5/libgcc.a(_ashrdi3.o)
 .data          0x0000000000800101        0x0 /usr/local/lib/gcc/avr/10.0.1/avr5/libgcc.a(_adddi3.o)
 .data          0x0000000000800101        0x0 /usr/local/lib/gcc/avr/10.0.1/avr5/libgcc.a(_adddi3_s8.o)
 .data          0x0000000000800101        0x0 /usr/local/lib/gcc/avr/10.0.1/avr5/libgcc.a(_subdi3.o)
 .data          0x0000000000800101        0x0 /usr/local/lib/gcc/avr/10.0.1/avr5/libgcc.a(_cmpdi2.o)
 .data          0x0000000000800101        0x0 /usr/local/lib/gcc/avr/10.0.1/avr5/libgcc.a(_cmpdi2_s8.o)
 .data          0x0000000000800101        0x0 /usr/local/lib/gcc/avr/10.0.1/avr5/libgcc.a(_umulhisi3.o)
 .data          0x0000000000800101        0x0 /usr/local/lib/gcc/avr/10.0.1/../../../../avr/lib/avr5/libc.a(printf.o)
 .data          0x0000000000800101        0x0 /usr/local/lib/gcc/avr/10.0.1/../../../../avr/lib/avr5/libc.a(vfprintf_std.o)
 .data          0x0000000000800101        0x0 /usr/local/lib/gcc/avr/10.0.1/../../../../avr/lib/avr5/libc.a(strnlen_P.o)
 .data          0x0000000000800101        0x0 /usr/local/lib/gcc/avr/10.0.1/../../../../avr/lib/avr5/libc.a(strnlen.o)
 .data          0x0000000000800101        0x0 /usr/local/lib/gcc/avr/10.0.1/../../../../avr/lib/avr5/libc.a(fputc.o)
 .data          0x0000000000800101        0x0 /usr/local/lib/gcc/avr/10.0.1/../../../../avr/lib/avr5/libc.a(iob.o)
 .data          0x0000000000800101        0x0 /usr/local/lib/gcc/avr/10.0.1/../../../../avr/lib/avr5/libc.a(ultoa_invert.o)
 *(.data*)
 *(.gnu.linkonce.d*)
 *(.rodata)
 .rodata        0x0000000000800101       0x1d obj_mmc/mmc_avr_spi.o
 .rodata        0x000000000080011e       0xbb obj_mmc/ff.o
 *(.rodata*)
 .rodata.str1.1
                0x00000000008001d9        0xa obj_mmc/mmc_avr_spi.o
 .rodata.str1.1
                0x00000000008001e3       0x26 obj_mmc/ff.o
                                         0x30 (size before relaxing)
 *(.gnu.linkonce.r*)
                0x000000000080020a                . = ALIGN (0x2)
 *fill*         0x0000000000800209        0x1 
                0x000000000080020a                _edata = .
                0x000000000080020a                PROVIDE (__data_end = .)

.bss            0x000000000080020a      0x4fd
                0x000000000080020a                PROVIDE (__bss_start = .)
 *(.bss)
 .bss           0x000000000080020a        0x0 /usr/local/lib/gcc/avr/10.0.1/../../../../avr/lib/avr5/crtatmega644p.o
 .bss           0x000000000080020a        0x2 obj_mmc/xitoa.o
                0x000000000080020a                xfunc_out
 .bss           0x000000000080020c       0x8c obj_mmc/uart.o
 .bss           0x0000000000800298        0x0 obj_mmc/diskio.o
 .bss           0x0000000000800298        0x4 obj_mmc/mmc_avr_spi.o
 .bss           0x000000000080029c        0x0 obj_mmc/rtc_ds1338.o
 .bss           0x000000000080029c      0x465 obj_mmc/ff.o
 .bss           0x0000000000800701        0x0 obj_mmc/ffunicode_avr.o
 .bss           0x0000000000800701        0x0 /usr/local/lib/gcc/avr/10.0.1/avr5/libgcc.a(_udivmodqi4.o)
 .bss           0x0000000000800701        0x0 /usr/local/lib/gcc/avr/10.0.1/avr5/libgcc.a(_udivmodhi4.o)
 .bss           0x0000000000800701        0x0 /usr/local/lib/gcc/avr/10.0.1/avr5/libgcc.a(_udivmodsi4.o)
 .bss           0x0000000000800701        0x0 /usr/local/lib/gcc/avr/10.0.1/avr5/libgcc.a(_exit.o)
 .bss           0x0000000000800701        0x0 /usr/local/lib/gcc/avr/10.0.1/avr5/libgcc.a(_tablejump2.o)
 .bss           0x0000000000800701        0x0 /usr/local/lib/gcc/avr/10.0.1/avr5/libgcc.a(_copy_data.o)
 .bss           0x0000000000800701        0x0 /usr/local/lib/gcc/avr/10.0.1/avr5/libgcc.a(_clear_bss.o)
 .bss           0x0000000000800701        0x0 /usr/local/lib/gcc/avr/10.0.1/avr5/libgcc.a(_muluhisi3.o)
 .bss           0x0000000000800701        0x0 /usr/local/lib/gcc/avr/10.0.1/avr5/libgcc.a(_udivdi3.o)
 .bss           0x0000000000800701        0x0 /usr/local/lib/gcc/avr/10.0.1/avr5/libgcc.a(_udivmod64.o)
 .bss           0x0000000000800701        0x0 /usr/local/lib/gcc/avr/10.0.1/avr5/libgcc.a(_prologue.o)
 .bss           0x0000000000800701        0x0 /usr/local/lib/gcc/avr/10.0.1/avr5/libgcc.a(_epilogue.o)
 .bss           0x0000000000800701        0x0 /usr/local/lib/gcc/avr/10.0.1/avr5/libgcc.a(_ashrdi3.o)
 .bss           0x0000000000800701        0x0 /usr/local/lib/gcc/avr/10.0.1/avr5/libgcc.a(_adddi3.o)
 .bss           0x0000000000800701        0x0 /usr/local/lib/gcc/avr/10.0.1/avr5/libgcc.a(_adddi3_s8.o)
 .bss           0x0000000000800701        0x0 /usr/local/lib/gcc/avr/10.0.1/avr5/libgcc.a(_subdi3.o)
 .bss           0x0000000000800701        0x0 /usr/local/lib/gcc/avr/10.0.1/avr5/libgcc.a(_cmpdi2.o)
 .bss           0x0000000000800701        0x0 /usr/local/lib/gcc/avr/10.0.1/avr5/libgcc.a(_cmpdi2_s8.o)
 .bss           0x0000000000800701        0x0 /usr/local/lib/gcc/avr/10.0.1/avr5/libgcc.a(_umulhisi3.o)
 .bss           0x0000000000800701        0x0 /usr/local/lib/gcc/avr/10.0.1/../../../../avr/lib/avr5/libc.a(printf.o)
 .bss           0x0000000000800701        0x0 /usr/local/lib/gcc/avr/10.0.1/../../../../avr/lib/avr5/libc.a(vfprintf_std.o)
 .bss           0x0000000000800701        0x0 /usr/local/lib/gcc/avr/10.0.1/../../../../avr/lib/avr5/libc.a(strnlen_P.o)
 .bss           0x0000000000800701        0x0 /usr/local/lib/gcc/avr/10.0.1/../../../../avr/lib/avr5/libc.a(strnlen.o)
 .bss           0x0000000000800701        0x0 /usr/local/lib/gcc/avr/10.0.1/../../../../avr/lib/avr5/libc.a(fputc.o)
 .bss           0x0000000000800701        0x6 /usr/local/lib/gcc/avr/10.0.1/../../../../avr/lib/avr5/libc.a(iob.o)
                0x0000000000800701                __iob
 .bss           0x0000000000800707        0x0 /usr/local/lib/gcc/avr/10.0.1/../../../../avr/lib/avr5/libc.a(ultoa_invert.o)
 *(.bss*)
 *(COMMON)
                0x0000000000800707                PROVIDE (__bss_end = .)
                0x0000000000009366                __data_load_start = LOADADDR (.data)
                0x0000000000009470                __data_load_end = (__data_load_start + SIZEOF (.data))

.noinit         0x0000000000800707        0x0
                [!provide]                        PROVIDE (__noinit_start = .)
 *(.noinit*)
                [!provide]                        PROVIDE (__noinit_end = .)
                0x0000000000800707                _end = .
                [!provide]                        PROVIDE (__heap_start = .)

.eeprom         0x0000000000810000        0x0
 *(.eeprom*)
                0x0000000000810000                __eeprom_end = .

.fuse
 *(.fuse)
 *(.lfuse)
 *(.hfuse)
 *(.efuse)

.lock
 *(.lock*)

.signature
 *(.signature*)

.stab
 *(.stab)

.stabstr
 *(.stabstr)

.stab.excl
 *(.stab.excl)

.stab.exclstr
 *(.stab.exclstr)

.stab.index
 *(.stab.index)

.stab.indexstr
 *(.stab.indexstr)

.comment        0x0000000000000000       0x2a
 *(.comment)
 .comment       0x0000000000000000       0x2a obj_mmc/uart.o
                                         0x2b (size before relaxing)
 .comment       0x000000000000002a       0x2b obj_mmc/diskio.o
 .comment       0x000000000000002a       0x2b obj_mmc/mmc_avr_spi.o
 .comment       0x000000000000002a       0x2b obj_mmc/rtc_ds1338.o
 .comment       0x000000000000002a       0x2b obj_mmc/ff.o
 .comment       0x000000000000002a       0x2b obj_mmc/ffunicode_avr.o
 .comment       0x000000000000002a       0x2b /usr/local/lib/gcc/avr/10.0.1/../../../../avr/lib/avr5/libc.a(printf.o)
 .comment       0x000000000000002a       0x2b /usr/local/lib/gcc/avr/10.0.1/../../../../avr/lib/avr5/libc.a(vfprintf_std.o)
 .comment       0x000000000000002a       0x2b /usr/local/lib/gcc/avr/10.0.1/../../../../avr/lib/avr5/libc.a(fputc.o)
 .comment       0x000000000000002a       0x2b /usr/local/lib/gcc/avr/10.0.1/../../../../avr/lib/avr5/libc.a(iob.o)

.note.gnu.avr.deviceinfo
                0x0000000000000000       0x40
 .note.gnu.avr.deviceinfo
                0x0000000000000000       0x40 /usr/local/lib/gcc/avr/10.0.1/../../../../avr/lib/avr5/crtatmega644p.o

.note.gnu.build-id
 *(.note.gnu.build-id)

.debug
 *(.debug)

.line
 *(.line)

.debug_srcinfo
 *(.debug_srcinfo)

.debug_sfnames
 *(.debug_sfnames)

.debug_aranges  0x0000000000000000      0x340
 *(.debug_aranges)
 .debug_aranges
                0x0000000000000000       0x20 obj_mmc/xitoa.o
 .debug_aranges
                0x0000000000000020       0x20 obj_mmc/uart.o
 .debug_aranges
                0x0000000000000040       0x20 obj_mmc/diskio.o
 .debug_aranges
                0x0000000000000060       0x20 obj_mmc/mmc_avr_spi.o
 .debug_aranges
                0x0000000000000080       0x20 obj_mmc/rtc_ds1338.o
 .debug_aranges
                0x00000000000000a0       0x20 obj_mmc/ff.o
 .debug_aranges
                0x00000000000000c0       0x20 obj_mmc/ffunicode_avr.o
 .debug_aranges
                0x00000000000000e0       0x20 /usr/local/lib/gcc/avr/10.0.1/avr5/libgcc.a(_udivmodqi4.o)
 .debug_aranges
                0x0000000000000100       0x20 /usr/local/lib/gcc/avr/10.0.1/avr5/libgcc.a(_udivmodhi4.o)
 .debug_aranges
                0x0000000000000120       0x20 /usr/local/lib/gcc/avr/10.0.1/avr5/libgcc.a(_udivmodsi4.o)
 .debug_aranges
                0x0000000000000140       0x20 /usr/local/lib/gcc/avr/10.0.1/avr5/libgcc.a(_exit.o)
 .debug_aranges
                0x0000000000000160       0x20 /usr/local/lib/gcc/avr/10.0.1/avr5/libgcc.a(_tablejump2.o)
 .debug_aranges
                0x0000000000000180       0x20 /usr/local/lib/gcc/avr/10.0.1/avr5/libgcc.a(_copy_data.o)
 .debug_aranges
                0x00000000000001a0       0x20 /usr/local/lib/gcc/avr/10.0.1/avr5/libgcc.a(_clear_bss.o)
 .debug_aranges
                0x00000000000001c0       0x20 /usr/local/lib/gcc/avr/10.0.1/avr5/libgcc.a(_muluhisi3.o)
 .debug_aranges
                0x00000000000001e0       0x20 /usr/local/lib/gcc/avr/10.0.1/avr5/libgcc.a(_udivdi3.o)
 .debug_aranges
                0x0000000000000200       0x20 /usr/local/lib/gcc/avr/10.0.1/avr5/libgcc.a(_udivmod64.o)
 .debug_aranges
                0x0000000000000220       0x20 /usr/local/lib/gcc/avr/10.0.1/avr5/libgcc.a(_prologue.o)
 .debug_aranges
                0x0000000000000240       0x20 /usr/local/lib/gcc/avr/10.0.1/avr5/libgcc.a(_epilogue.o)
 .debug_aranges
                0x0000000000000260       0x20 /usr/local/lib/gcc/avr/10.0.1/avr5/libgcc.a(_ashrdi3.o)
 .debug_aranges
                0x0000000000000280       0x20 /usr/local/lib/gcc/avr/10.0.1/avr5/libgcc.a(_adddi3.o)
 .debug_aranges
                0x00000000000002a0       0x20 /usr/local/lib/gcc/avr/10.0.1/avr5/libgcc.a(_adddi3_s8.o)
 .debug_aranges
                0x00000000000002c0       0x20 /usr/local/lib/gcc/avr/10.0.1/avr5/libgcc.a(_subdi3.o)
 .debug_aranges
                0x00000000000002e0       0x20 /usr/local/lib/gcc/avr/10.0.1/avr5/libgcc.a(_cmpdi2.o)
 .debug_aranges
                0x0000000000000300       0x20 /usr/local/lib/gcc/avr/10.0.1/avr5/libgcc.a(_cmpdi2_s8.o)
 .debug_aranges
                0x0000000000000320       0x20 /usr/local/lib/gcc/avr/10.0.1/avr5/libgcc.a(_umulhisi3.o)

.debug_pubnames
 *(.debug_pubnames)

.debug_info     0x0000000000000000     0x94d3
 *(.debug_info .gnu.linkonce.wi.*)
 .debug_info    0x0000000000000000      0x6cc /usr/local/lib/gcc/avr/10.0.1/../../../../avr/lib/avr5/crtatmega644p.o
 .debug_info    0x00000000000006cc       0x26 obj_mmc/xitoa.o
 .debug_info    0x00000000000006f2      0x279 obj_mmc/uart.o
 .debug_info    0x000000000000096b      0x387 obj_mmc/diskio.o
 .debug_info    0x0000000000000cf2      0xf46 obj_mmc/mmc_avr_spi.o
 .debug_info    0x0000000000001c38      0x8ca obj_mmc/rtc_ds1338.o
 .debug_info    0x0000000000002502     0x699f obj_mmc/ff.o
 .debug_info    0x0000000000008ea1      0x360 obj_mmc/ffunicode_avr.o
 .debug_info    0x0000000000009201       0x26 /usr/local/lib/gcc/avr/10.0.1/avr5/libgcc.a(_udivmodqi4.o)
 .debug_info    0x0000000000009227       0x26 /usr/local/lib/gcc/avr/10.0.1/avr5/libgcc.a(_udivmodhi4.o)
 .debug_info    0x000000000000924d       0x26 /usr/local/lib/gcc/avr/10.0.1/avr5/libgcc.a(_udivmodsi4.o)
 .debug_info    0x0000000000009273       0x26 /usr/local/lib/gcc/avr/10.0.1/avr5/libgcc.a(_exit.o)
 .debug_info    0x0000000000009299       0x26 /usr/local/lib/gcc/avr/10.0.1/avr5/libgcc.a(_tablejump2.o)
 .debug_info    0x00000000000092bf       0x26 /usr/local/lib/gcc/avr/10.0.1/avr5/libgcc.a(_copy_data.o)
 .debug_info    0x00000000000092e5       0x26 /usr/local/lib/gcc/avr/10.0.1/avr5/libgcc.a(_clear_bss.o)
 .debug_info    0x000000000000930b       0x26 /usr/local/lib/gcc/avr/10.0.1/avr5/libgcc.a(_muluhisi3.o)
 .debug_info    0x0000000000009331       0x26 /usr/local/lib/gcc/avr/10.0.1/avr5/libgcc.a(_udivdi3.o)
 .debug_info    0x0000000000009357       0x26 /usr/local/lib/gcc/avr/10.0.1/avr5/libgcc.a(_udivmod64.o)
 .debug_info    0x000000000000937d       0x26 /usr/local/lib/gcc/avr/10.0.1/avr5/libgcc.a(_prologue.o)
 .debug_info    0x00000000000093a3       0x26 /usr/local/lib/gcc/avr/10.0.1/avr5/libgcc.a(_epilogue.o)
 .debug_info    0x00000000000093c9       0x26 /usr/local/lib/gcc/avr/10.0.1/avr5/libgcc.a(_ashrdi3.o)
 .debug_info    0x00000000000093ef       0x26 /usr/local/lib/gcc/avr/10.0.1/avr5/libgcc.a(_adddi3.o)
 .debug_info    0x0000000000009415       0x26 /usr/local/lib/gcc/avr/10.0.1/avr5/libgcc.a(_adddi3_s8.o)
 .debug_info    0x000000000000943b       0x26 /usr/local/lib/gcc/avr/10.0.1/avr5/libgcc.a(_subdi3.o)
 .debug_info    0x0000000000009461       0x26 /usr/local/lib/gcc/avr/10.0.1/avr5/libgcc.a(_cmpdi2.o)
 .debug_info    0x0000000000009487       0x26 /usr/local/lib/gcc/avr/10.0.1/avr5/libgcc.a(_cmpdi2_s8.o)
 .debug_info    0x00000000000094ad       0x26 /usr/local/lib/gcc/avr/10.0.1/avr5/libgcc.a(_umulhisi3.o)

.debug_abbrev   0x0000000000000000     0x15a5
 *(.debug_abbrev)
 .debug_abbrev  0x0000000000000000      0x66e /usr/local/lib/gcc/avr/10.0.1/../../../../avr/lib/avr5/crtatmega644p.o
 .debug_abbrev  0x000000000000066e       0x14 obj_mmc/xitoa.o
 .debug_abbrev  0x0000000000000682      0x148 obj_mmc/uart.o
 .debug_abbrev  0x00000000000007ca      0x122 obj_mmc/diskio.o
 .debug_abbrev  0x00000000000008ec      0x330 obj_mmc/mmc_avr_spi.o
 .debug_abbrev  0x0000000000000c1c      0x269 obj_mmc/rtc_ds1338.o
 .debug_abbrev  0x0000000000000e85      0x46e obj_mmc/ff.o
 .debug_abbrev  0x00000000000012f3      0x136 obj_mmc/ffunicode_avr.o
 .debug_abbrev  0x0000000000001429       0x14 /usr/local/lib/gcc/avr/10.0.1/avr5/libgcc.a(_udivmodqi4.o)
 .debug_abbrev  0x000000000000143d       0x14 /usr/local/lib/gcc/avr/10.0.1/avr5/libgcc.a(_udivmodhi4.o)
 .debug_abbrev  0x0000000000001451       0x14 /usr/local/lib/gcc/avr/10.0.1/avr5/libgcc.a(_udivmodsi4.o)
 .debug_abbrev  0x0000000000001465       0x14 /usr/local/lib/gcc/avr/10.0.1/avr5/libgcc.a(_exit.o)
 .debug_abbrev  0x0000000000001479       0x14 /usr/local/lib/gcc/avr/10.0.1/avr5/libgcc.a(_tablejump2.o)
 .debug_abbrev  0x000000000000148d       0x14 /usr/local/lib/gcc/avr/10.0.1/avr5/libgcc.a(_copy_data.o)
 .debug_abbrev  0x00000000000014a1       0x14 /usr/local/lib/gcc/avr/10.0.1/avr5/libgcc.a(_clear_bss.o)
 .debug_abbrev  0x00000000000014b5       0x14 /usr/local/lib/gcc/avr/10.0.1/avr5/libgcc.a(_muluhisi3.o)
 .debug_abbrev  0x00000000000014c9       0x14 /usr/local/lib/gcc/avr/10.0.1/avr5/libgcc.a(_udivdi3.o)
 .debug_abbrev  0x00000000000014dd       0x14 /usr/local/lib/gcc/avr/10.0.1/avr5/libgcc.a(_udivmod64.o)
 .debug_abbrev  0x00000000000014f1       0x14 /usr/local/lib/gcc/avr/10.0.1/avr5/libgcc.a(_prologue.o)
 .debug_abbrev  0x0000000000001505       0x14 /usr/local/lib/gcc/avr/10.0.1/avr5/libgcc.a(_epilogue.o)
 .debug_abbrev  0x0000000000001519       0x14 /usr/local/lib/gcc/avr/10.0.1/avr5/libgcc.a(_ashrdi3.o)
 .debug_abbrev  0x000000000000152d       0x14 /usr/local/lib/gcc/avr/10.0.1/avr5/libgcc.a(_adddi3.o)
 .debug_abbrev  0x0000000000001541       0x14 /usr/local/lib/gcc/avr/10.0.1/avr5/libgcc.a(_adddi3_s8.o)
 .debug_abbrev  0x0000000000001555       0x14 /usr/local/lib/gcc/avr/10.0.1/avr5/libgcc.a(_subdi3.o)
 .debug_abbrev  0x0000000000001569       0x14 /usr/local/lib/gcc/avr/10.0.1/avr5/libgcc.a(_cmpdi2.o)
 .debug_abbrev  0x000000000000157d       0x14 /usr/local/lib/gcc/avr/10.0.1/avr5/libgcc.a(_cmpdi2_s8.o)
 .debug_abbrev  0x0000000000001591       0x14 /usr/local/lib/gcc/avr/10.0.1/avr5/libgcc.a(_umulhisi3.o)

.debug_line     0x0000000000000000     0xf41e
 *(.debug_line .debug_line.* .debug_line_end)
 .debug_line    0x0000000000000000       0x1d /usr/local/lib/gcc/avr/10.0.1/../../../../avr/lib/avr5/crtatmega644p.o
 .debug_line    0x000000000000001d      0x740 obj_mmc/xitoa.o
 .debug_line    0x000000000000075d      0x47b obj_mmc/uart.o
 .debug_line    0x0000000000000bd8      0x1ea obj_mmc/diskio.o
 .debug_line    0x0000000000000dc2     0x17d9 obj_mmc/mmc_avr_spi.o
 .debug_line    0x000000000000259b      0x9d1 obj_mmc/rtc_ds1338.o
 .debug_line    0x0000000000002f6c     0xb2c3 obj_mmc/ff.o
 .debug_line    0x000000000000e22f      0x528 obj_mmc/ffunicode_avr.o
 .debug_line    0x000000000000e757       0x9d /usr/local/lib/gcc/avr/10.0.1/avr5/libgcc.a(_udivmodqi4.o)
 .debug_line    0x000000000000e7f4       0xcd /usr/local/lib/gcc/avr/10.0.1/avr5/libgcc.a(_udivmodhi4.o)
 .debug_line    0x000000000000e8c1      0x121 /usr/local/lib/gcc/avr/10.0.1/avr5/libgcc.a(_udivmodsi4.o)
 .debug_line    0x000000000000e9e2       0x61 /usr/local/lib/gcc/avr/10.0.1/avr5/libgcc.a(_exit.o)
 .debug_line    0x000000000000ea43       0x79 /usr/local/lib/gcc/avr/10.0.1/avr5/libgcc.a(_tablejump2.o)
 .debug_line    0x000000000000eabc       0x97 /usr/local/lib/gcc/avr/10.0.1/avr5/libgcc.a(_copy_data.o)
 .debug_line    0x000000000000eb53       0x85 /usr/local/lib/gcc/avr/10.0.1/avr5/libgcc.a(_clear_bss.o)
 .debug_line    0x000000000000ebd8       0x91 /usr/local/lib/gcc/avr/10.0.1/avr5/libgcc.a(_muluhisi3.o)
 .debug_line    0x000000000000ec69       0xa3 /usr/local/lib/gcc/avr/10.0.1/avr5/libgcc.a(_udivdi3.o)
 .debug_line    0x000000000000ed0c      0x145 /usr/local/lib/gcc/avr/10.0.1/avr5/libgcc.a(_udivmod64.o)
 .debug_line    0x000000000000ee51       0xfd /usr/local/lib/gcc/avr/10.0.1/avr5/libgcc.a(_prologue.o)
 .debug_line    0x000000000000ef4e       0xf7 /usr/local/lib/gcc/avr/10.0.1/avr5/libgcc.a(_epilogue.o)
 .debug_line    0x000000000000f045      0x103 /usr/local/lib/gcc/avr/10.0.1/avr5/libgcc.a(_ashrdi3.o)
 .debug_line    0x000000000000f148       0x67 /usr/local/lib/gcc/avr/10.0.1/avr5/libgcc.a(_adddi3.o)
 .debug_line    0x000000000000f1af       0x79 /usr/local/lib/gcc/avr/10.0.1/avr5/libgcc.a(_adddi3_s8.o)
 .debug_line    0x000000000000f228       0x67 /usr/local/lib/gcc/avr/10.0.1/avr5/libgcc.a(_subdi3.o)
 .debug_line    0x000000000000f28f       0x67 /usr/local/lib/gcc/avr/10.0.1/avr5/libgcc.a(_cmpdi2.o)
 .debug_line    0x000000000000f2f6       0x79 /usr/local/lib/gcc/avr/10.0.1/avr5/libgcc.a(_cmpdi2_s8.o)
 .debug_line    0x000000000000f36f       0xaf /usr/local/lib/gcc/avr/10.0.1/avr5/libgcc.a(_umulhisi3.o)

.debug_frame    0x0000000000000000      0xe44
 *(.debug_frame)
 .debug_frame   0x0000000000000000       0xac obj_mmc/uart.o
 .debug_frame   0x00000000000000ac       0x8c obj_mmc/diskio.o
 .debug_frame   0x0000000000000138      0x1a8 obj_mmc/mmc_avr_spi.o
 .debug_frame   0x00000000000002e0      0x140 obj_mmc/rtc_ds1338.o
 .debug_frame   0x0000000000000420      0x9d8 obj_mmc/ff.o
 .debug_frame   0x0000000000000df8       0x4c obj_mmc/ffunicode_avr.o

.debug_str      0x0000000000000000      0xd45
 *(.debug_str)
 .debug_str     0x0000000000000000      0x252 /usr/local/lib/gcc/avr/10.0.1/../../../../avr/lib/avr5/crtatmega644p.o
 .debug_str     0x0000000000000252       0x26 obj_mmc/xitoa.o
 .debug_str     0x0000000000000278      0x13a obj_mmc/uart.o
                                        0x182 (size before relaxing)
 .debug_str     0x00000000000003b2       0xd5 obj_mmc/diskio.o
                                        0x23c (size before relaxing)
 .debug_str     0x0000000000000487       0xd7 obj_mmc/mmc_avr_spi.o
                                        0x2e8 (size before relaxing)
 .debug_str     0x000000000000055e       0x96 obj_mmc/rtc_ds1338.o
                                        0x1b5 (size before relaxing)
 .debug_str     0x00000000000005f4      0x6c8 obj_mmc/ff.o
                                        0x8f3 (size before relaxing)
 .debug_str     0x0000000000000cbc       0x2c obj_mmc/ffunicode_avr.o
                                        0x17f (size before relaxing)
 .debug_str     0x0000000000000ce8       0x5d /usr/local/lib/gcc/avr/10.0.1/avr5/libgcc.a(_udivmodqi4.o)
                                         0x6c (size before relaxing)
 .debug_str     0x0000000000000d45       0x6c /usr/local/lib/gcc/avr/10.0.1/avr5/libgcc.a(_udivmodhi4.o)
 .debug_str     0x0000000000000d45       0x6c /usr/local/lib/gcc/avr/10.0.1/avr5/libgcc.a(_udivmodsi4.o)
 .debug_str     0x0000000000000d45       0x6c /usr/local/lib/gcc/avr/10.0.1/avr5/libgcc.a(_exit.o)
 .debug_str     0x0000000000000d45       0x6c /usr/local/lib/gcc/avr/10.0.1/avr5/libgcc.a(_tablejump2.o)
 .debug_str     0x0000000000000d45       0x6c /usr/local/lib/gcc/avr/10.0.1/avr5/libgcc.a(_copy_data.o)
 .debug_str     0x0000000000000d45       0x6c /usr/local/lib/gcc/avr/10.0.1/avr5/libgcc.a(_clear_bss.o)
 .debug_str     0x0000000000000d45       0x6c /usr/local/lib/gcc/avr/10.0.1/avr5/libgcc.a(_muluhisi3.o)
 .debug_str     0x0000000000000d45       0x6c /usr/local/lib/gcc/avr/10.0.1/avr5/libgcc.a(_udivdi3.o)
 .debug_str     0x0000000000000d45       0x6c /usr/local/lib/gcc/avr/10.0.1/avr5/libgcc.a(_udivmod64.o)
 .debug_str     0x0000000000000d45       0x6c /usr/local/lib/gcc/avr/10.0.1/avr5/libgcc.a(_prologue.o)
 .debug_str     0x0000000000000d45       0x6c /usr/local/lib/gcc/avr/10.0.1/avr5/libgcc.a(_epilogue.o)
 .debug_str     0x0000000000000d45       0x6c /usr/local/lib/gcc/avr/10.0.1/avr5/libgcc.a(_ashrdi3.o)
 .debug_str     0x0000000000000d45       0x6c /usr/local/lib/gcc/avr/10.0.1/avr5/libgcc.a(_adddi3.o)
 .debug_str     0x0000000000000d45       0x6c /usr/local/lib/gcc/avr/10.0.1/avr5/libgcc.a(_adddi3_s8.o)
 .debug_str     0x0000000000000d45       0x6c /usr/local/lib/gcc/avr/10.0.1/avr5/libgcc.a(_subdi3.o)
 .debug_str     0x0000000000000d45       0x6c /usr/local/lib/gcc/avr/10.0.1/avr5/libgcc.a(_cmpdi2.o)
 .debug_str     0x0000000000000d45       0x6c /usr/local/lib/gcc/avr/10.0.1/avr5/libgcc.a(_cmpdi2_s8.o)
 .debug_str     0x0000000000000d45       0x6c /usr/local/lib/gcc/avr/10.0.1/avr5/libgcc.a(_umulhisi3.o)

.debug_loc      0x0000000000000000     0xd3ea
 *(.debug_loc)
 .debug_loc     0x0000000000000000      0x21d obj_mmc/uart.o
 .debug_loc     0x000000000000021d      0x3ce obj_mmc/diskio.o
 .debug_loc     0x00000000000005eb     0x107e obj_mmc/mmc_avr_spi.o
 .debug_loc     0x0000000000001669      0xa78 obj_mmc/rtc_ds1338.o
 .debug_loc     0x00000000000020e1     0xadee obj_mmc/ff.o
 .debug_loc     0x000000000000cecf      0x51b obj_mmc/ffunicode_avr.o

.debug_macinfo
 *(.debug_macinfo)

.debug_weaknames
 *(.debug_weaknames)

.debug_funcnames
 *(.debug_funcnames)

.debug_typenames
 *(.debug_typenames)

.debug_varnames
 *(.debug_varnames)

.debug_pubtypes
 *(.debug_pubtypes)

.debug_ranges   0x0000000000000000      0x368
 *(.debug_ranges)
 .debug_ranges  0x0000000000000000       0x18 obj_mmc/rtc_ds1338.o
 .debug_ranges  0x0000000000000018      0x350 obj_mmc/ff.o

.debug_macro
 *(.debug_macro)

.debug_addr
 *(.debug_addr)
OUTPUT(obj_mmc/avr_mmc.elf elf32-avr)
LOAD linker stubs
